<?xml version="1.0"?>
<link_info>
   <banner>TI ARM Linker PC v5.2.2</banner>
   <copyright>Copyright (c) 1996-2015 Texas Instruments Incorporated</copyright>
   <link_time>0x57304902</link_time>
   <link_errors>0x0</link_errors>
   <output_file>imu.out</output_file>
   <entry_point>
      <name>_c_int00</name>
      <address>0x2c69</address>
   </entry_point>
   <input_file_list>
      <input_file id="fl-2">
         <path>.\</path>
         <kind>object</kind>
         <file>ADIS16375.obj</file>
         <name>ADIS16375.obj</name>
      </input_file>
      <input_file id="fl-3">
         <path>.\</path>
         <kind>object</kind>
         <file>main.obj</file>
         <name>main.obj</name>
      </input_file>
      <input_file id="fl-4">
         <path>.\</path>
         <kind>object</kind>
         <file>pinout.obj</file>
         <name>pinout.obj</name>
      </input_file>
      <input_file id="fl-5">
         <path>.\</path>
         <kind>object</kind>
         <file>spi.obj</file>
         <name>spi.obj</name>
      </input_file>
      <input_file id="fl-6">
         <path>.\</path>
         <kind>object</kind>
         <file>startup_ccs.obj</file>
         <name>startup_ccs.obj</name>
      </input_file>
      <input_file id="fl-7">
         <path>.\utils\</path>
         <kind>object</kind>
         <file>lwiplib.obj</file>
         <name>lwiplib.obj</name>
      </input_file>
      <input_file id="fl-8">
         <path>.\utils\</path>
         <kind>object</kind>
         <file>uartstdio.obj</file>
         <name>uartstdio.obj</name>
      </input_file>
      <input_file id="fl-9">
         <path>.\utils\</path>
         <kind>object</kind>
         <file>ustdlib.obj</file>
         <name>ustdlib.obj</name>
      </input_file>
      <input_file id="fl-130">
         <path>C:\ti\ccsv6\tools\compiler\ti-cgt-arm_5.2.2\lib\</path>
         <kind>archive</kind>
         <file>rtsv7M4_T_le_v4SPD16_eabi.lib</file>
         <name>boot.obj</name>
      </input_file>
      <input_file id="fl-131">
         <path>C:\ti\ccsv6\tools\compiler\ti-cgt-arm_5.2.2\lib\</path>
         <kind>archive</kind>
         <file>rtsv7M4_T_le_v4SPD16_eabi.lib</file>
         <name>copy_decompress_none.obj</name>
      </input_file>
      <input_file id="fl-132">
         <path>C:\ti\ccsv6\tools\compiler\ti-cgt-arm_5.2.2\lib\</path>
         <kind>archive</kind>
         <file>rtsv7M4_T_le_v4SPD16_eabi.lib</file>
         <name>copy_decompress_rle.obj</name>
      </input_file>
      <input_file id="fl-133">
         <path>C:\ti\ccsv6\tools\compiler\ti-cgt-arm_5.2.2\lib\</path>
         <kind>archive</kind>
         <file>rtsv7M4_T_le_v4SPD16_eabi.lib</file>
         <name>copy_zero_init.obj</name>
      </input_file>
      <input_file id="fl-134">
         <path>C:\ti\ccsv6\tools\compiler\ti-cgt-arm_5.2.2\lib\</path>
         <kind>archive</kind>
         <file>rtsv7M4_T_le_v4SPD16_eabi.lib</file>
         <name>exit.obj</name>
      </input_file>
      <input_file id="fl-135">
         <path>C:\ti\ccsv6\tools\compiler\ti-cgt-arm_5.2.2\lib\</path>
         <kind>archive</kind>
         <file>rtsv7M4_T_le_v4SPD16_eabi.lib</file>
         <name>fd_cmp_t2.obj</name>
      </input_file>
      <input_file id="fl-136">
         <path>C:\ti\ccsv6\tools\compiler\ti-cgt-arm_5.2.2\lib\</path>
         <kind>archive</kind>
         <file>rtsv7M4_T_le_v4SPD16_eabi.lib</file>
         <name>fd_tou_t2.obj</name>
      </input_file>
      <input_file id="fl-137">
         <path>C:\ti\ccsv6\tools\compiler\ti-cgt-arm_5.2.2\lib\</path>
         <kind>archive</kind>
         <file>rtsv7M4_T_le_v4SPD16_eabi.lib</file>
         <name>memcmp.obj</name>
      </input_file>
      <input_file id="fl-138">
         <path>C:\ti\ccsv6\tools\compiler\ti-cgt-arm_5.2.2\lib\</path>
         <kind>archive</kind>
         <file>rtsv7M4_T_le_v4SPD16_eabi.lib</file>
         <name>memcpy_t2.obj</name>
      </input_file>
      <input_file id="fl-139">
         <path>C:\ti\ccsv6\tools\compiler\ti-cgt-arm_5.2.2\lib\</path>
         <kind>archive</kind>
         <file>rtsv7M4_T_le_v4SPD16_eabi.lib</file>
         <name>memset_t2.obj</name>
      </input_file>
      <input_file id="fl-13a">
         <path>C:\ti\ccsv6\tools\compiler\ti-cgt-arm_5.2.2\lib\</path>
         <kind>archive</kind>
         <file>rtsv7M4_T_le_v4SPD16_eabi.lib</file>
         <name>pre_init.obj</name>
      </input_file>
      <input_file id="fl-13b">
         <path>C:\ti\ccsv6\tools\compiler\ti-cgt-arm_5.2.2\lib\</path>
         <kind>archive</kind>
         <file>rtsv7M4_T_le_v4SPD16_eabi.lib</file>
         <name>stkdepth_vars.obj</name>
      </input_file>
      <input_file id="fl-13c">
         <path>C:\ti\ccsv6\tools\compiler\ti-cgt-arm_5.2.2\lib\</path>
         <kind>archive</kind>
         <file>rtsv7M4_T_le_v4SPD16_eabi.lib</file>
         <name>strlen.obj</name>
      </input_file>
      <input_file id="fl-13d">
         <path>C:\ti\ccsv6\tools\compiler\ti-cgt-arm_5.2.2\lib\</path>
         <kind>archive</kind>
         <file>rtsv7M4_T_le_v4SPD16_eabi.lib</file>
         <name>u_divt2.obj</name>
      </input_file>
      <input_file id="fl-13e">
         <path>C:\ti\ccsv6\tools\compiler\ti-cgt-arm_5.2.2\lib\</path>
         <kind>archive</kind>
         <file>rtsv7M4_T_le_v4SPD16_eabi.lib</file>
         <name>u_tofd_t2.obj</name>
      </input_file>
      <input_file id="fl-13f">
         <path>C:\ti\ccsv6\tools\compiler\ti-cgt-arm_5.2.2\lib\</path>
         <kind>archive</kind>
         <file>rtsv7M4_T_le_v4SPD16_eabi.lib</file>
         <name>_lock.obj</name>
      </input_file>
      <input_file id="fl-140">
         <path>C:\ti\ccsv6\tools\compiler\ti-cgt-arm_5.2.2\lib\</path>
         <kind>archive</kind>
         <file>rtsv7M4_T_le_v4SPD16_eabi.lib</file>
         <name>args_main.obj</name>
      </input_file>
      <input_file id="fl-141">
         <path>C:\ti\ccsv6\tools\compiler\ti-cgt-arm_5.2.2\lib\</path>
         <kind>archive</kind>
         <file>rtsv7M4_T_le_v4SPD16_eabi.lib</file>
         <name>autoinit.obj</name>
      </input_file>
      <input_file id="fl-142">
         <path>C:\ti\ccsv6\tools\compiler\ti-cgt-arm_5.2.2\lib\</path>
         <kind>archive</kind>
         <file>rtsv7M4_T_le_v4SPD16_eabi.lib</file>
         <name>cpy_tbl.obj</name>
      </input_file>
      <input_file id="fl-143">
         <path>C:\ti\TivaWare_C_Series-2.1.0.12573\examples\boards\ek-tm4c1294xl\imu\ccs\..\..\..\..\..\driverlib\ccs\Debug\</path>
         <kind>archive</kind>
         <file>driverlib.lib</file>
         <name>timer.obj</name>
      </input_file>
      <input_file id="fl-144">
         <path>C:\ti\TivaWare_C_Series-2.1.0.12573\examples\boards\ek-tm4c1294xl\imu\ccs\..\..\..\..\..\driverlib\ccs\Debug\</path>
         <kind>archive</kind>
         <file>driverlib.lib</file>
         <name>sysctl.obj</name>
      </input_file>
      <input_file id="fl-145">
         <path>C:\ti\TivaWare_C_Series-2.1.0.12573\examples\boards\ek-tm4c1294xl\imu\ccs\..\..\..\..\..\driverlib\ccs\Debug\</path>
         <kind>archive</kind>
         <file>driverlib.lib</file>
         <name>qei.obj</name>
      </input_file>
      <input_file id="fl-146">
         <path>C:\ti\TivaWare_C_Series-2.1.0.12573\examples\boards\ek-tm4c1294xl\imu\ccs\..\..\..\..\..\driverlib\ccs\Debug\</path>
         <kind>archive</kind>
         <file>driverlib.lib</file>
         <name>pwm.obj</name>
      </input_file>
      <input_file id="fl-147">
         <path>C:\ti\TivaWare_C_Series-2.1.0.12573\examples\boards\ek-tm4c1294xl\imu\ccs\..\..\..\..\..\driverlib\ccs\Debug\</path>
         <kind>archive</kind>
         <file>driverlib.lib</file>
         <name>interrupt.obj</name>
      </input_file>
      <input_file id="fl-148">
         <path>C:\ti\TivaWare_C_Series-2.1.0.12573\examples\boards\ek-tm4c1294xl\imu\ccs\..\..\..\..\..\driverlib\ccs\Debug\</path>
         <kind>archive</kind>
         <file>driverlib.lib</file>
         <name>gpio.obj</name>
      </input_file>
      <input_file id="fl-149">
         <path>C:\ti\TivaWare_C_Series-2.1.0.12573\examples\boards\ek-tm4c1294xl\imu\ccs\..\..\..\..\..\driverlib\ccs\Debug\</path>
         <kind>archive</kind>
         <file>driverlib.lib</file>
         <name>emac.obj</name>
      </input_file>
      <input_file id="fl-14a">
         <path>C:\ti\TivaWare_C_Series-2.1.0.12573\examples\boards\ek-tm4c1294xl\imu\ccs\..\..\..\..\..\driverlib\ccs\Debug\</path>
         <kind>archive</kind>
         <file>driverlib.lib</file>
         <name>cpu.obj</name>
      </input_file>
      <input_file id="fl-14b">
         <path>C:\ti\TivaWare_C_Series-2.1.0.12573\examples\boards\ek-tm4c1294xl\imu\ccs\..\..\..\..\..\driverlib\ccs\Debug\</path>
         <kind>archive</kind>
         <file>driverlib.lib</file>
         <name>sw_crc.obj</name>
      </input_file>
   </input_file_list>
   <object_component_list>
      <object_component id="oc-f">
         <name>.intvecs</name>
         <load_address>0x0</load_address>
         <run_address>0x0</run_address>
         <size>0x200</size>
         <input_file_ref idref="fl-6"/>
      </object_component>
      <object_component id="oc-115">
         <name>.text:main</name>
         <load_address>0x200</load_address>
         <run_address>0x200</run_address>
         <size>0x27c</size>
         <input_file_ref idref="fl-3"/>
      </object_component>
      <object_component id="oc-1ef">
         <name>.text:PinoutSet</name>
         <load_address>0x47c</load_address>
         <run_address>0x47c</run_address>
         <size>0x214</size>
         <input_file_ref idref="fl-4"/>
      </object_component>
      <object_component id="oc-1e9">
         <name>.text:SysCtlClockFreqSet</name>
         <load_address>0x690</load_address>
         <run_address>0x690</run_address>
         <size>0x1fc</size>
         <input_file_ref idref="fl-144"/>
      </object_component>
      <object_component id="oc-3de">
         <name>.text:ip_input</name>
         <load_address>0x88c</load_address>
         <run_address>0x88c</run_address>
         <size>0x198</size>
         <input_file_ref idref="fl-7"/>
      </object_component>
      <object_component id="oc-4b4">
         <name>.text:udp_input</name>
         <load_address>0xa24</load_address>
         <run_address>0xa24</run_address>
         <size>0x194</size>
         <input_file_ref idref="fl-7"/>
      </object_component>
      <object_component id="oc-4ba">
         <name>.text:icmp_input</name>
         <load_address>0xbb8</load_address>
         <run_address>0xbb8</run_address>
         <size>0x184</size>
         <input_file_ref idref="fl-7"/>
      </object_component>
      <object_component id="oc-48">
         <name>.text:UARTStdioIntHandler</name>
         <load_address>0xd3c</load_address>
         <run_address>0xd3c</run_address>
         <size>0x160</size>
         <input_file_ref idref="fl-8"/>
      </object_component>
      <object_component id="oc-17f">
         <name>.text:tivaif_receive</name>
         <load_address>0xe9c</load_address>
         <run_address>0xe9c</run_address>
         <size>0x140</size>
         <input_file_ref idref="fl-7"/>
      </object_component>
      <object_component id="oc-309">
         <name>.text:GPIOPadConfigSet</name>
         <load_address>0xfdc</load_address>
         <run_address>0xfdc</run_address>
         <size>0x130</size>
         <input_file_ref idref="fl-148"/>
      </object_component>
      <object_component id="oc-2ce">
         <name>.text:pbuf_alloc</name>
         <load_address>0x110c</load_address>
         <run_address>0x110c</run_address>
         <size>0x12e</size>
         <input_file_ref idref="fl-7"/>
      </object_component>
      <object_component id="oc-36">
         <name>.text:FaultISR</name>
         <load_address>0x123a</load_address>
         <run_address>0x123a</run_address>
         <size>0x2</size>
         <input_file_ref idref="fl-6"/>
      </object_component>
      <object_component id="oc-3d2">
         <name>.text:etharp_arp_input</name>
         <load_address>0x123c</load_address>
         <run_address>0x123c</run_address>
         <size>0x124</size>
         <input_file_ref idref="fl-7"/>
      </object_component>
      <object_component id="oc-4f2">
         <name>.text:etharp_output</name>
         <load_address>0x1360</load_address>
         <run_address>0x1360</run_address>
         <size>0x118</size>
         <input_file_ref idref="fl-7"/>
      </object_component>
      <object_component id="oc-5b3">
         <name>.text:etharp_query</name>
         <load_address>0x1478</load_address>
         <run_address>0x1478</run_address>
         <size>0x114</size>
         <input_file_ref idref="fl-7"/>
      </object_component>
      <object_component id="oc-4f8">
         <name>.text:tivaif_transmit</name>
         <load_address>0x158c</load_address>
         <run_address>0x158c</run_address>
         <size>0x100</size>
         <input_file_ref idref="fl-7"/>
      </object_component>
      <object_component id="oc-3eb">
         <name>.text:mem_malloc</name>
         <load_address>0x168c</load_address>
         <run_address>0x168c</run_address>
         <size>0xf4</size>
         <input_file_ref idref="fl-7"/>
      </object_component>
      <object_component id="oc-1f5">
         <name>.text:lwIPInit</name>
         <load_address>0x1780</load_address>
         <run_address>0x1780</run_address>
         <size>0xec</size>
         <input_file_ref idref="fl-7"/>
      </object_component>
      <object_component id="oc-522">
         <name>.text:mem_trim</name>
         <load_address>0x186c</load_address>
         <run_address>0x186c</run_address>
         <size>0xe4</size>
         <input_file_ref idref="fl-7"/>
      </object_component>
      <object_component id="oc-514">
         <name>.text:etharp_find_entry</name>
         <load_address>0x1950</load_address>
         <run_address>0x1950</run_address>
         <size>0xe0</size>
         <input_file_ref idref="fl-7"/>
      </object_component>
      <object_component id="oc-470">
         <name>.text:udp_sendto_if</name>
         <load_address>0x1a30</load_address>
         <run_address>0x1a30</run_address>
         <size>0xc8</size>
         <input_file_ref idref="fl-7"/>
      </object_component>
      <object_component id="oc-576">
         <name>.text:InitDMADescriptors</name>
         <load_address>0x1af8</load_address>
         <run_address>0x1af8</run_address>
         <size>0xc4</size>
         <input_file_ref idref="fl-7"/>
      </object_component>
      <object_component id="oc-477">
         <name>.text:etharp_raw</name>
         <load_address>0x1bbc</load_address>
         <run_address>0x1bbc</run_address>
         <size>0xc4</size>
         <input_file_ref idref="fl-7"/>
      </object_component>
      <object_component id="oc-4ec">
         <name>.text:tivaif_hwinit</name>
         <load_address>0x1c80</load_address>
         <run_address>0x1c80</run_address>
         <size>0xbc</size>
         <input_file_ref idref="fl-7"/>
      </object_component>
      <object_component id="oc-b5">
         <name>.text:UARTwrite</name>
         <load_address>0x1d3c</load_address>
         <run_address>0x1d3c</run_address>
         <size>0xa8</size>
         <input_file_ref idref="fl-8"/>
      </object_component>
      <object_component id="oc-2c8">
         <name>.text:ethernet_input</name>
         <load_address>0x1de4</load_address>
         <run_address>0x1de4</run_address>
         <size>0xa4</size>
         <input_file_ref idref="fl-7"/>
      </object_component>
      <object_component id="oc-509">
         <name>.text:ip_output_if</name>
         <load_address>0x1e88</load_address>
         <run_address>0x1e88</run_address>
         <size>0xa4</size>
         <input_file_ref idref="fl-7"/>
      </object_component>
      <object_component id="oc-5d">
         <name>.text</name>
         <load_address>0x1f2c</load_address>
         <run_address>0x1f2c</run_address>
         <size>0x9c</size>
         <input_file_ref idref="fl-138"/>
      </object_component>
      <object_component id="oc-53a">
         <name>.text:pbuf_copy</name>
         <load_address>0x1fc8</load_address>
         <run_address>0x1fc8</run_address>
         <size>0x92</size>
         <input_file_ref idref="fl-7"/>
      </object_component>
      <object_component id="oc-3c">
         <name>.text:IntDefaultHandler</name>
         <load_address>0x205a</load_address>
         <run_address>0x205a</run_address>
         <size>0x2</size>
         <input_file_ref idref="fl-6"/>
      </object_component>
      <object_component id="oc-a9">
         <name>.text:UARTPrimeTransmit</name>
         <load_address>0x205c</load_address>
         <run_address>0x205c</run_address>
         <size>0x8c</size>
         <input_file_ref idref="fl-8"/>
      </object_component>
      <object_component id="oc-1fc">
         <name>.text:SetupPWM</name>
         <load_address>0x20e8</load_address>
         <run_address>0x20e8</run_address>
         <size>0x88</size>
         <input_file_ref idref="fl-3"/>
      </object_component>
      <object_component id="oc-188">
         <name>.text:lwIPHostTimerHandler</name>
         <load_address>0x2170</load_address>
         <run_address>0x2170</run_address>
         <size>0x88</size>
         <input_file_ref idref="fl-3"/>
      </object_component>
      <object_component id="oc-24a">
         <name>.text:SetPWMDuty</name>
         <load_address>0x21f8</load_address>
         <run_address>0x21f8</run_address>
         <size>0x84</size>
         <input_file_ref idref="fl-3"/>
      </object_component>
      <object_component id="oc-31d">
         <name>.text:lwIPPrivateInit</name>
         <load_address>0x227c</load_address>
         <run_address>0x227c</run_address>
         <size>0x80</size>
         <input_file_ref idref="fl-7"/>
      </object_component>
      <object_component id="oc-173">
         <name>.text:tivaif_process_phy_interrupt</name>
         <load_address>0x22fc</load_address>
         <run_address>0x22fc</run_address>
         <size>0x7c</size>
         <input_file_ref idref="fl-7"/>
      </object_component>
      <object_component id="oc-76">
         <name>.text</name>
         <load_address>0x2378</load_address>
         <run_address>0x2378</run_address>
         <size>0x7a</size>
         <input_file_ref idref="fl-139"/>
      </object_component>
      <object_component id="oc-30">
         <name>.text:NmiSR</name>
         <load_address>0x23f2</load_address>
         <run_address>0x23f2</run_address>
         <size>0x2</size>
         <input_file_ref idref="fl-6"/>
      </object_component>
      <object_component id="oc-48e">
         <name>.text:etharp_update_arp_entry</name>
         <load_address>0x23f4</load_address>
         <run_address>0x23f4</run_address>
         <size>0x74</size>
         <input_file_ref idref="fl-7"/>
      </object_component>
      <object_component id="oc-4a8">
         <name>.text:raw_input</name>
         <load_address>0x2468</load_address>
         <run_address>0x2468</run_address>
         <size>0x74</size>
         <input_file_ref idref="fl-7"/>
      </object_component>
      <object_component id="oc-52c">
         <name>.text:icmp_send_response</name>
         <load_address>0x24dc</load_address>
         <run_address>0x24dc</run_address>
         <size>0x6c</size>
         <input_file_ref idref="fl-7"/>
      </object_component>
      <object_component id="oc-4d3">
         <name>.text:memp_init</name>
         <load_address>0x2548</load_address>
         <run_address>0x2548</run_address>
         <size>0x6c</size>
         <input_file_ref idref="fl-7"/>
      </object_component>
      <object_component id="oc-88">
         <name>.text</name>
         <load_address>0x25b4</load_address>
         <run_address>0x25b4</run_address>
         <size>0x6c</size>
         <input_file_ref idref="fl-141"/>
      </object_component>
      <object_component id="oc-69">
         <name>.text</name>
         <load_address>0x2620</load_address>
         <run_address>0x2620</run_address>
         <size>0x6a</size>
         <input_file_ref idref="fl-132"/>
      </object_component>
      <object_component id="oc-5e7">
         <name>.text:lwip_standard_chksum</name>
         <load_address>0x268a</load_address>
         <run_address>0x268a</run_address>
         <size>0x68</size>
         <input_file_ref idref="fl-7"/>
      </object_component>
      <object_component id="oc-549">
         <name>.text:sys_timeout</name>
         <load_address>0x26f4</load_address>
         <run_address>0x26f4</run_address>
         <size>0x68</size>
         <input_file_ref idref="fl-7"/>
      </object_component>
      <object_component id="oc-357">
         <name>.text:udp_bind</name>
         <load_address>0x275c</load_address>
         <run_address>0x275c</run_address>
         <size>0x68</size>
         <input_file_ref idref="fl-7"/>
      </object_component>
      <object_component id="oc-480">
         <name>.text:plug_holes</name>
         <load_address>0x27c4</load_address>
         <run_address>0x27c4</run_address>
         <size>0x64</size>
         <input_file_ref idref="fl-7"/>
      </object_component>
      <object_component id="oc-3d8">
         <name>.text:pbuf_header</name>
         <load_address>0x2828</load_address>
         <run_address>0x2828</run_address>
         <size>0x62</size>
         <input_file_ref idref="fl-7"/>
      </object_component>
      <object_component id="oc-238">
         <name>.text:IntEnable</name>
         <load_address>0x288c</load_address>
         <run_address>0x288c</run_address>
         <size>0x60</size>
         <input_file_ref idref="fl-147"/>
      </object_component>
      <object_component id="oc-3be">
         <name>.text:mem_free</name>
         <load_address>0x28ec</load_address>
         <run_address>0x28ec</run_address>
         <size>0x60</size>
         <input_file_ref idref="fl-7"/>
      </object_component>
      <object_component id="oc-22c">
         <name>.text:TimerConfigure</name>
         <load_address>0x294c</load_address>
         <run_address>0x294c</run_address>
         <size>0x5c</size>
         <input_file_ref idref="fl-143"/>
      </object_component>
      <object_component id="oc-54">
         <name>.text:lwIPEthernetIntHandler</name>
         <load_address>0x29a8</load_address>
         <run_address>0x29a8</run_address>
         <size>0x5c</size>
         <input_file_ref idref="fl-7"/>
      </object_component>
      <object_component id="oc-4cd">
         <name>.text:mem_init</name>
         <load_address>0x2a04</load_address>
         <run_address>0x2a04</run_address>
         <size>0x5c</size>
         <input_file_ref idref="fl-7"/>
      </object_component>
      <object_component id="oc-534">
         <name>.text:inet_chksum_pbuf</name>
         <load_address>0x2a60</load_address>
         <run_address>0x2a60</run_address>
         <size>0x5a</size>
         <input_file_ref idref="fl-7"/>
      </object_component>
      <object_component id="oc-49c">
         <name>.text:pbuf_realloc</name>
         <load_address>0x2aba</load_address>
         <run_address>0x2aba</run_address>
         <size>0x5a</size>
         <input_file_ref idref="fl-7"/>
      </object_component>
      <object_component id="oc-317">
         <name>.text:EMACPHYConfigSet</name>
         <load_address>0x2b14</load_address>
         <run_address>0x2b14</run_address>
         <size>0x58</size>
         <input_file_ref idref="fl-149"/>
      </object_component>
      <object_component id="oc-3e5">
         <name>.text:memp_malloc</name>
         <load_address>0x2b6c</load_address>
         <run_address>0x2b6c</run_address>
         <size>0x58</size>
         <input_file_ref idref="fl-7"/>
      </object_component>
      <object_component id="oc-179">
         <name>.text:tivaif_process_transmit</name>
         <load_address>0x2bc4</load_address>
         <run_address>0x2bc4</run_address>
         <size>0x52</size>
         <input_file_ref idref="fl-7"/>
      </object_component>
      <object_component id="oc-40e">
         <name>.text:SysCtlPeripheralReset</name>
         <load_address>0x2c18</load_address>
         <run_address>0x2c18</run_address>
         <size>0x50</size>
         <input_file_ref idref="fl-144"/>
      </object_component>
      <object_component id="oc-24">
         <name>.text</name>
         <load_address>0x2c68</load_address>
         <run_address>0x2c68</run_address>
         <size>0x50</size>
         <input_file_ref idref="fl-130"/>
      </object_component>
      <object_component id="oc-2bb">
         <name>.text:pbuf_free</name>
         <load_address>0x2cb8</load_address>
         <run_address>0x2cb8</run_address>
         <size>0x4e</size>
         <input_file_ref idref="fl-7"/>
      </object_component>
      <object_component id="oc-46a">
         <name>.text:ip_route</name>
         <load_address>0x2d08</load_address>
         <run_address>0x2d08</run_address>
         <size>0x4c</size>
         <input_file_ref idref="fl-7"/>
      </object_component>
      <object_component id="oc-42d">
         <name>.text:netif_add</name>
         <load_address>0x2d54</load_address>
         <run_address>0x2d54</run_address>
         <size>0x4c</size>
         <input_file_ref idref="fl-7"/>
      </object_component>
      <object_component id="oc-10d">
         <name>.text</name>
         <load_address>0x2da0</load_address>
         <run_address>0x2da0</run_address>
         <size>0x4c</size>
         <input_file_ref idref="fl-142"/>
      </object_component>
      <object_component id="oc-df">
         <name>.text:tivaif_interrupt</name>
         <load_address>0x2dec</load_address>
         <run_address>0x2dec</run_address>
         <size>0x4c</size>
         <input_file_ref idref="fl-7"/>
      </object_component>
      <object_component id="oc-453">
         <name>.text:udp_new_port</name>
         <load_address>0x2e38</load_address>
         <run_address>0x2e38</run_address>
         <size>0x4c</size>
         <input_file_ref idref="fl-7"/>
      </object_component>
      <object_component id="oc-208">
         <name>.text:GPIOPinConfigure</name>
         <load_address>0x2e84</load_address>
         <run_address>0x2e84</run_address>
         <size>0x48</size>
         <input_file_ref idref="fl-148"/>
      </object_component>
      <object_component id="oc-2f9">
         <name>.text:_SysCtlFrequencyGet</name>
         <load_address>0x2ecc</load_address>
         <run_address>0x2ecc</run_address>
         <size>0x48</size>
         <input_file_ref idref="fl-144"/>
      </object_component>
      <object_component id="oc-5ad">
         <name>.text:etharp_output_to_arp_index</name>
         <load_address>0x2f14</load_address>
         <run_address>0x2f14</run_address>
         <size>0x48</size>
         <input_file_ref idref="fl-7"/>
      </object_component>
      <object_component id="oc-5e0">
         <name>.text:ip_output</name>
         <load_address>0x2f5c</load_address>
         <run_address>0x2f5c</run_address>
         <size>0x44</size>
         <input_file_ref idref="fl-7"/>
      </object_component>
      <object_component id="oc-94">
         <name>.text</name>
         <load_address>0x2fa0</load_address>
         <run_address>0x2fa0</run_address>
         <size>0x44</size>
         <input_file_ref idref="fl-134"/>
      </object_component>
      <object_component id="oc-5c1">
         <name>.text:tivaif_check_pbuf</name>
         <load_address>0x2fe4</load_address>
         <run_address>0x2fe4</run_address>
         <size>0x44</size>
         <input_file_ref idref="fl-7"/>
      </object_component>
      <object_component id="oc-18e">
         <name>.text:etharp_tmr</name>
         <load_address>0x3028</load_address>
         <run_address>0x3028</run_address>
         <size>0x40</size>
         <input_file_ref idref="fl-7"/>
      </object_component>
      <object_component id="oc-e5">
         <name>.text:lwIPServiceTimers</name>
         <load_address>0x3068</load_address>
         <run_address>0x3068</run_address>
         <size>0x3c</size>
         <input_file_ref idref="fl-7"/>
      </object_component>
      <object_component id="oc-256">
         <name>.text:udp_send_data</name>
         <load_address>0x30a4</load_address>
         <run_address>0x30a4</run_address>
         <size>0x3c</size>
         <input_file_ref idref="fl-3"/>
      </object_component>
      <object_component id="oc-5a0">
         <name>.text:EMACIntEnable</name>
         <load_address>0x30e0</load_address>
         <run_address>0x30e0</run_address>
         <size>0x3a</size>
         <input_file_ref idref="fl-149"/>
      </object_component>
      <object_component id="oc-3c4">
         <name>.text:memp_free</name>
         <load_address>0x311c</load_address>
         <run_address>0x311c</run_address>
         <size>0x38</size>
         <input_file_ref idref="fl-7"/>
      </object_component>
      <object_component id="oc-397">
         <name>.text:udp_sendto</name>
         <load_address>0x3154</load_address>
         <run_address>0x3154</run_address>
         <size>0x38</size>
         <input_file_ref idref="fl-7"/>
      </object_component>
      <object_component id="oc-2ae">
         <name>.text:EMACConfigGet</name>
         <load_address>0x318c</load_address>
         <run_address>0x318c</run_address>
         <size>0x34</size>
         <input_file_ref idref="fl-149"/>
      </object_component>
      <object_component id="oc-2b4">
         <name>.text:EMACConfigSet</name>
         <load_address>0x31c0</load_address>
         <run_address>0x31c0</run_address>
         <size>0x34</size>
         <input_file_ref idref="fl-149"/>
      </object_component>
      <object_component id="oc-58e">
         <name>.text:EMACIntClear</name>
         <load_address>0x31f4</load_address>
         <run_address>0x31f4</run_address>
         <size>0x34</size>
         <input_file_ref idref="fl-149"/>
      </object_component>
      <object_component id="oc-202">
         <name>.text:SysCtlPeripheralEnable</name>
         <load_address>0x3228</load_address>
         <run_address>0x3228</run_address>
         <size>0x34</size>
         <input_file_ref idref="fl-144"/>
      </object_component>
      <object_component id="oc-414">
         <name>.text:SysCtlPeripheralReady</name>
         <load_address>0x325c</load_address>
         <run_address>0x325c</run_address>
         <size>0x34</size>
         <input_file_ref idref="fl-144"/>
      </object_component>
      <object_component id="oc-43f">
         <name>.text:tivaif_init</name>
         <load_address>0x3290</load_address>
         <run_address>0x3290</run_address>
         <size>0x34</size>
         <input_file_ref idref="fl-7"/>
      </object_component>
      <object_component id="oc-4a2">
         <name>.text:ip4_addr_isbroadcast</name>
         <load_address>0x32c4</load_address>
         <run_address>0x32c4</run_address>
         <size>0x32</size>
         <input_file_ref idref="fl-7"/>
      </object_component>
      <object_component id="oc-588">
         <name>.text:EMACIntStatus</name>
         <load_address>0x32f6</load_address>
         <run_address>0x32f6</run_address>
         <size>0x2c</size>
         <input_file_ref idref="fl-149"/>
      </object_component>
      <object_component id="oc-3a9">
         <name>.text:etharp_request</name>
         <load_address>0x3324</load_address>
         <run_address>0x3324</run_address>
         <size>0x2c</size>
         <input_file_ref idref="fl-7"/>
      </object_component>
      <object_component id="oc-346">
         <name>.text:GPIODirModeSet</name>
         <load_address>0x3350</load_address>
         <run_address>0x3350</run_address>
         <size>0x2a</size>
         <input_file_ref idref="fl-148"/>
      </object_component>
      <object_component id="oc-4e">
         <name>.text:Timer0IntHandler</name>
         <load_address>0x337c</load_address>
         <run_address>0x337c</run_address>
         <size>0x28</size>
         <input_file_ref idref="fl-3"/>
      </object_component>
      <object_component id="oc-2c2">
         <name>.text:pbuf_cat</name>
         <load_address>0x33a4</load_address>
         <run_address>0x33a4</run_address>
         <size>0x28</size>
         <input_file_ref idref="fl-7"/>
      </object_component>
      <object_component id="oc-226">
         <name>.text:udp_init_r</name>
         <load_address>0x33cc</load_address>
         <run_address>0x33cc</run_address>
         <size>0x28</size>
         <input_file_ref idref="fl-3"/>
      </object_component>
      <object_component id="oc-366">
         <name>.text:udp_receive_data</name>
         <load_address>0x33f4</load_address>
         <run_address>0x33f4</run_address>
         <size>0x28</size>
         <input_file_ref idref="fl-3"/>
      </object_component>
      <object_component id="oc-29c">
         <name>.text:EMACPHYRead</name>
         <load_address>0x341c</load_address>
         <run_address>0x341c</run_address>
         <size>0x26</size>
         <input_file_ref idref="fl-149"/>
      </object_component>
      <object_component id="oc-57c">
         <name>.text:EMACPHYWrite</name>
         <load_address>0x3442</load_address>
         <run_address>0x3442</run_address>
         <size>0x26</size>
         <input_file_ref idref="fl-149"/>
      </object_component>
      <object_component id="oc-2e0">
         <name>.text:etharp_free_entry</name>
         <load_address>0x3468</load_address>
         <run_address>0x3468</run_address>
         <size>0x24</size>
         <input_file_ref idref="fl-7"/>
      </object_component>
      <object_component id="oc-2a8">
         <name>.text:netif_set_link_up</name>
         <load_address>0x348c</load_address>
         <run_address>0x348c</run_address>
         <size>0x24</size>
         <input_file_ref idref="fl-7"/>
      </object_component>
      <object_component id="oc-439">
         <name>.text:netif_set_up</name>
         <load_address>0x34b0</load_address>
         <run_address>0x34b0</run_address>
         <size>0x24</size>
         <input_file_ref idref="fl-7"/>
      </object_component>
      <object_component id="oc-333">
         <name>.text:PWMGenConfigure</name>
         <load_address>0x34d4</load_address>
         <run_address>0x34d4</run_address>
         <size>0x22</size>
         <input_file_ref idref="fl-146"/>
      </object_component>
      <object_component id="oc-3cc">
         <name>.text</name>
         <load_address>0x34f6</load_address>
         <run_address>0x34f6</run_address>
         <size>0x22</size>
         <input_file_ref idref="fl-137"/>
      </object_component>
      <object_component id="oc-51a">
         <name>.text:etharp_send_ip</name>
         <load_address>0x3518</load_address>
         <run_address>0x3518</run_address>
         <size>0x20</size>
         <input_file_ref idref="fl-7"/>
      </object_component>
      <object_component id="oc-a2">
         <name>.text:lwIPTimer</name>
         <load_address>0x3538</load_address>
         <run_address>0x3538</run_address>
         <size>0x20</size>
         <input_file_ref idref="fl-7"/>
      </object_component>
      <object_component id="oc-4d9">
         <name>.text:sys_timeouts_init</name>
         <load_address>0x3558</load_address>
         <run_address>0x3558</run_address>
         <size>0x20</size>
         <input_file_ref idref="fl-7"/>
      </object_component>
      <object_component id="oc-570">
         <name>.text:EMACAddrGet</name>
         <load_address>0x3578</load_address>
         <run_address>0x3578</run_address>
         <size>0x1e</size>
         <input_file_ref idref="fl-149"/>
      </object_component>
      <object_component id="oc-37d">
         <name>.text:PWMPulseWidthSet</name>
         <load_address>0x3596</load_address>
         <run_address>0x3596</run_address>
         <size>0x1e</size>
         <input_file_ref idref="fl-146"/>
      </object_component>
      <object_component id="oc-2f3">
         <name>.text:_SysCtlMemTimingGet</name>
         <load_address>0x35b4</load_address>
         <run_address>0x35b4</run_address>
         <size>0x1c</size>
         <input_file_ref idref="fl-144"/>
      </object_component>
      <object_component id="oc-351">
         <name>.text:udp_new</name>
         <load_address>0x35d0</load_address>
         <run_address>0x35d0</run_address>
         <size>0x1c</size>
         <input_file_ref idref="fl-7"/>
      </object_component>
      <object_component id="oc-427">
         <name>.text:lwip_htonl</name>
         <load_address>0x35ec</load_address>
         <run_address>0x35ec</run_address>
         <size>0x1a</size>
         <input_file_ref idref="fl-7"/>
      </object_component>
      <object_component id="oc-bb">
         <name>.text:IsBufferFull</name>
         <load_address>0x3606</load_address>
         <run_address>0x3606</run_address>
         <size>0x18</size>
         <input_file_ref idref="fl-8"/>
      </object_component>
      <object_component id="oc-555">
         <name>.text:arp_timer</name>
         <load_address>0x3620</load_address>
         <run_address>0x3620</run_address>
         <size>0x18</size>
         <input_file_ref idref="fl-7"/>
      </object_component>
      <object_component id="oc-8e">
         <name>.text</name>
         <load_address>0x3638</load_address>
         <run_address>0x3638</run_address>
         <size>0x18</size>
         <input_file_ref idref="fl-140"/>
      </object_component>
      <object_component id="oc-41a">
         <name>.text:EMACReset</name>
         <load_address>0x3650</load_address>
         <run_address>0x3650</run_address>
         <size>0x16</size>
         <input_file_ref idref="fl-149"/>
      </object_component>
      <object_component id="oc-59a">
         <name>.text:EMACRxEnable</name>
         <load_address>0x3666</load_address>
         <run_address>0x3666</run_address>
         <size>0x16</size>
         <input_file_ref idref="fl-149"/>
      </object_component>
      <object_component id="oc-594">
         <name>.text:EMACTxEnable</name>
         <load_address>0x367c</load_address>
         <run_address>0x367c</run_address>
         <size>0x16</size>
         <input_file_ref idref="fl-149"/>
      </object_component>
      <object_component id="oc-5bb">
         <name>.text:pbuf_ref</name>
         <load_address>0x3692</load_address>
         <run_address>0x3692</run_address>
         <size>0x16</size>
         <input_file_ref idref="fl-7"/>
      </object_component>
      <object_component id="oc-327">
         <name>.text:SysCtlPWMClockSet</name>
         <load_address>0x36a8</load_address>
         <run_address>0x36a8</run_address>
         <size>0x14</size>
         <input_file_ref idref="fl-144"/>
      </object_component>
      <object_component id="oc-4e1">
         <name>.text:netif_set_addr</name>
         <load_address>0x36bc</load_address>
         <run_address>0x36bc</run_address>
         <size>0x14</size>
         <input_file_ref idref="fl-7"/>
      </object_component>
      <object_component id="oc-270">
         <name>.text</name>
         <load_address>0x36d0</load_address>
         <run_address>0x36d0</run_address>
         <size>0x14</size>
         <input_file_ref idref="fl-13f"/>
      </object_component>
      <object_component id="oc-3b8">
         <name>.text:sys_arch_unprotect</name>
         <load_address>0x36e4</load_address>
         <run_address>0x36e4</run_address>
         <size>0x14</size>
         <input_file_ref idref="fl-7"/>
      </object_component>
      <object_component id="oc-30f">
         <name>.text:GPIOPinTypeEthernetLED</name>
         <load_address>0x36f8</load_address>
         <run_address>0x36f8</run_address>
         <size>0x12</size>
         <input_file_ref idref="fl-148"/>
      </object_component>
      <object_component id="oc-32d">
         <name>.text:GPIOPinTypePWM</name>
         <load_address>0x370a</load_address>
         <run_address>0x370a</run_address>
         <size>0x12</size>
         <input_file_ref idref="fl-148"/>
      </object_component>
      <object_component id="oc-20e">
         <name>.text:GPIOPinTypeQEI</name>
         <load_address>0x371c</load_address>
         <run_address>0x371c</run_address>
         <size>0x12</size>
         <input_file_ref idref="fl-148"/>
      </object_component>
      <object_component id="oc-377">
         <name>.text:PWMGenPeriodGet</name>
         <load_address>0x372e</load_address>
         <run_address>0x372e</run_address>
         <size>0x12</size>
         <input_file_ref idref="fl-146"/>
      </object_component>
      <object_component id="oc-383">
         <name>.text:PWMOutputState</name>
         <load_address>0x3740</load_address>
         <run_address>0x3740</run_address>
         <size>0x12</size>
         <input_file_ref idref="fl-146"/>
      </object_component>
      <object_component id="oc-232">
         <name>.text:TimerLoadSet</name>
         <load_address>0x3752</load_address>
         <run_address>0x3752</run_address>
         <size>0x12</size>
         <input_file_ref idref="fl-143"/>
      </object_component>
      <object_component id="oc-2a2">
         <name>.text:netif_set_link_down</name>
         <load_address>0x3764</load_address>
         <run_address>0x3764</run_address>
         <size>0x12</size>
         <input_file_ref idref="fl-7"/>
      </object_component>
      <object_component id="oc-5c7">
         <name>.text:pbuf_clen</name>
         <load_address>0x3776</load_address>
         <run_address>0x3776</run_address>
         <size>0x12</size>
         <input_file_ref idref="fl-7"/>
      </object_component>
      <object_component id="oc-582">
         <name>.text:EMACFrameFilterSet</name>
         <load_address>0x3788</load_address>
         <run_address>0x3788</run_address>
         <size>0x10</size>
         <input_file_ref idref="fl-149"/>
      </object_component>
      <object_component id="oc-339">
         <name>.text:PWMGenPeriodSet</name>
         <load_address>0x3798</load_address>
         <run_address>0x3798</run_address>
         <size>0x10</size>
         <input_file_ref idref="fl-146"/>
      </object_component>
      <object_component id="oc-5da">
         <name>.text:inet_chksum</name>
         <load_address>0x37a8</load_address>
         <run_address>0x37a8</run_address>
         <size>0x10</size>
         <input_file_ref idref="fl-7"/>
      </object_component>
      <object_component id="oc-421">
         <name>.text:lwip_init</name>
         <load_address>0x37b8</load_address>
         <run_address>0x37b8</run_address>
         <size>0x10</size>
         <input_file_ref idref="fl-7"/>
      </object_component>
      <object_component id="oc-503">
         <name>.text:pbuf_chain</name>
         <load_address>0x37c8</load_address>
         <run_address>0x37c8</run_address>
         <size>0x10</size>
         <input_file_ref idref="fl-7"/>
      </object_component>
      <object_component id="oc-3b2">
         <name>.text:sys_arch_protect</name>
         <load_address>0x37d8</load_address>
         <run_address>0x37d8</run_address>
         <size>0x10</size>
         <input_file_ref idref="fl-7"/>
      </object_component>
      <object_component id="oc-af">
         <name>.text:IsBufferEmpty</name>
         <load_address>0x37e8</load_address>
         <run_address>0x37e8</run_address>
         <size>0xe</size>
         <input_file_ref idref="fl-8"/>
      </object_component>
      <object_component id="oc-214">
         <name>.text:QEIConfigure</name>
         <load_address>0x37f6</load_address>
         <run_address>0x37f6</run_address>
         <size>0xe</size>
         <input_file_ref idref="fl-145"/>
      </object_component>
      <object_component id="oc-244">
         <name>.text:TimerEnable</name>
         <load_address>0x3804</load_address>
         <run_address>0x3804</run_address>
         <size>0xe</size>
         <input_file_ref idref="fl-143"/>
      </object_component>
      <object_component id="oc-12">
         <name>.text:decompress:none</name>
         <load_address>0x3812</load_address>
         <run_address>0x3812</run_address>
         <size>0xe</size>
         <input_file_ref idref="fl-131"/>
      </object_component>
      <object_component id="oc-60f">
         <name>.text:CPUcpsie</name>
         <load_address>0x3820</load_address>
         <run_address>0x3820</run_address>
         <size>0xc</size>
         <input_file_ref idref="fl-14a"/>
      </object_component>
      <object_component id="oc-38f">
         <name>.text:PWMGenDisable</name>
         <load_address>0x382c</load_address>
         <run_address>0x382c</run_address>
         <size>0xc</size>
         <input_file_ref idref="fl-146"/>
      </object_component>
      <object_component id="oc-389">
         <name>.text:PWMGenEnable</name>
         <load_address>0x3838</load_address>
         <run_address>0x3838</run_address>
         <size>0xc</size>
         <input_file_ref idref="fl-146"/>
      </object_component>
      <object_component id="oc-1e3">
         <name>.text:SysCtlMOSCConfigSet</name>
         <load_address>0x3844</load_address>
         <run_address>0x3844</run_address>
         <size>0xc</size>
         <input_file_ref idref="fl-144"/>
      </object_component>
      <object_component id="oc-1e">
         <name>.text:decompress:ZI</name>
         <load_address>0x3850</load_address>
         <run_address>0x3850</run_address>
         <size>0xc</size>
         <input_file_ref idref="fl-133"/>
      </object_component>
      <object_component id="oc-2d8">
         <name>.text:lwIPLocalIPAddrGet</name>
         <load_address>0x385c</load_address>
         <run_address>0x385c</run_address>
         <size>0xc</size>
         <input_file_ref idref="fl-7"/>
      </object_component>
      <object_component id="oc-494">
         <name>.text:lwip_htons</name>
         <load_address>0x3868</load_address>
         <run_address>0x3868</run_address>
         <size>0xc</size>
         <input_file_ref idref="fl-7"/>
      </object_component>
      <object_component id="oc-433">
         <name>.text:netif_set_default</name>
         <load_address>0x3874</load_address>
         <run_address>0x3874</run_address>
         <size>0xc</size>
         <input_file_ref idref="fl-7"/>
      </object_component>
      <object_component id="oc-569">
         <name>.text:netif_set_gw</name>
         <load_address>0x3880</load_address>
         <run_address>0x3880</run_address>
         <size>0xc</size>
         <input_file_ref idref="fl-7"/>
      </object_component>
      <object_component id="oc-55d">
         <name>.text:netif_set_ipaddr</name>
         <load_address>0x388c</load_address>
         <run_address>0x388c</run_address>
         <size>0xc</size>
         <input_file_ref idref="fl-7"/>
      </object_component>
      <object_component id="oc-563">
         <name>.text:netif_set_netmask</name>
         <load_address>0x3898</load_address>
         <run_address>0x3898</run_address>
         <size>0xc</size>
         <input_file_ref idref="fl-7"/>
      </object_component>
      <object_component id="oc-54f">
         <name>.text:sys_now</name>
         <load_address>0x38a4</load_address>
         <run_address>0x38a4</run_address>
         <size>0xc</size>
         <input_file_ref idref="fl-7"/>
      </object_component>
      <object_component id="oc-5a6">
         <name>.text:IntMasterEnable</name>
         <load_address>0x38b0</load_address>
         <run_address>0x38b0</run_address>
         <size>0xa</size>
         <input_file_ref idref="fl-147"/>
      </object_component>
      <object_component id="oc-21a">
         <name>.text:QEIEnable</name>
         <load_address>0x38ba</load_address>
         <run_address>0x38ba</run_address>
         <size>0xa</size>
         <input_file_ref idref="fl-145"/>
      </object_component>
      <object_component id="oc-5cd">
         <name>.text:EMACTxDMAPollDemand</name>
         <load_address>0x38c4</load_address>
         <run_address>0x38c4</run_address>
         <size>0x8</size>
         <input_file_ref idref="fl-149"/>
      </object_component>
      <object_component id="oc-23e">
         <name>.text:TimerIntEnable</name>
         <load_address>0x38cc</load_address>
         <run_address>0x38cc</run_address>
         <size>0x8</size>
         <input_file_ref idref="fl-143"/>
      </object_component>
      <object_component id="oc-4ae">
         <name>.text:icmp_dest_unreach</name>
         <load_address>0x38d4</load_address>
         <run_address>0x38d4</run_address>
         <size>0x8</size>
         <input_file_ref idref="fl-7"/>
      </object_component>
      <object_component id="oc-5fb">
         <name>.text:EMACRxDMADescriptorListSet</name>
         <load_address>0x38dc</load_address>
         <run_address>0x38dc</run_address>
         <size>0x6</size>
         <input_file_ref idref="fl-149"/>
      </object_component>
      <object_component id="oc-d9">
         <name>.text:EMACTimestampIntStatus</name>
         <load_address>0x38e2</load_address>
         <run_address>0x38e2</run_address>
         <size>0x6</size>
         <input_file_ref idref="fl-149"/>
      </object_component>
      <object_component id="oc-601">
         <name>.text:EMACTxDMADescriptorListSet</name>
         <load_address>0x38e8</load_address>
         <run_address>0x38e8</run_address>
         <size>0x6</size>
         <input_file_ref idref="fl-149"/>
      </object_component>
      <object_component id="oc-2a">
         <name>.text:ResetISR</name>
         <load_address>0x38ee</load_address>
         <run_address>0x38ee</run_address>
         <size>0x6</size>
         <input_file_ref idref="fl-6"/>
      </object_component>
      <object_component id="oc-1fb">
         <name>.text:SysCtlDelay</name>
         <load_address>0x38f4</load_address>
         <run_address>0x38f4</run_address>
         <size>0x6</size>
         <input_file_ref idref="fl-144"/>
      </object_component>
      <object_component id="oc-42">
         <name>.text:SysTickIntHandler</name>
         <load_address>0x38fa</load_address>
         <run_address>0x38fa</run_address>
         <size>0x6</size>
         <input_file_ref idref="fl-3"/>
      </object_component>
      <object_component id="oc-18">
         <name>.text:decompress:rle24</name>
         <load_address>0x3900</load_address>
         <run_address>0x3900</run_address>
         <size>0x6</size>
         <input_file_ref idref="fl-132"/>
      </object_component>
      <object_component id="oc-35d">
         <name>.text:udp_recv</name>
         <load_address>0x3906</load_address>
         <run_address>0x3906</run_address>
         <size>0x6</size>
         <input_file_ref idref="fl-7"/>
      </object_component>
      <object_component id="oc-250">
         <name>.text:QEIPositionGet</name>
         <load_address>0x390c</load_address>
         <run_address>0x390c</run_address>
         <size>0x4</size>
         <input_file_ref idref="fl-145"/>
      </object_component>
      <object_component id="oc-220">
         <name>.text:QEIPositionSet</name>
         <load_address>0x3910</load_address>
         <run_address>0x3910</run_address>
         <size>0x4</size>
         <input_file_ref idref="fl-145"/>
      </object_component>
      <object_component id="oc-82">
         <name>.text</name>
         <load_address>0x3914</load_address>
         <run_address>0x3914</run_address>
         <size>0x4</size>
         <input_file_ref idref="fl-13a"/>
      </object_component>
      <object_component id="oc-302">
         <name>.const:g_pppui32XTALtoVCO</name>
         <load_address>0x3918</load_address>
         <run_address>0x3918</run_address>
         <size>0x120</size>
         <input_file_ref idref="fl-144"/>
      </object_component>
      <object_component id="oc-341">
         <name>.const:g_pui32GPIOBaseAddrs</name>
         <load_address>0x3a38</load_address>
         <run_address>0x3a38</run_address>
         <size>0x90</size>
         <input_file_ref idref="fl-148"/>
      </object_component>
      <object_component id="oc-370">
         <name>.const</name>
         <load_address>0x3ac8</load_address>
         <run_address>0x3ac8</run_address>
         <size>0x70</size>
         <input_file_ref idref="fl-147"/>
      </object_component>
      <object_component id="oc-2ff">
         <name>.const:g_pui32Xtals</name>
         <load_address>0x3b38</load_address>
         <run_address>0x3b38</run_address>
         <size>0x6c</size>
         <input_file_ref idref="fl-144"/>
      </object_component>
      <object_component id="oc-3ff">
         <name>.const:g_sXTALtoMEMTIM</name>
         <load_address>0x3ba4</load_address>
         <run_address>0x3ba4</run_address>
         <size>0x30</size>
         <input_file_ref idref="fl-144"/>
      </object_component>
      <object_component id="oc-363">
         <name>.const</name>
         <load_address>0x3bd4</load_address>
         <run_address>0x3bd4</run_address>
         <size>0x28</size>
         <input_file_ref idref="fl-7"/>
      </object_component>
      <object_component id="oc-12d">
         <name>.const</name>
         <load_address>0x3bfc</load_address>
         <run_address>0x3bfc</run_address>
         <size>0x28</size>
         <input_file_ref idref="fl-8"/>
      </object_component>
      <object_component id="oc-286">
         <name>.const:.string</name>
         <load_address>0x3c24</load_address>
         <run_address>0x3c24</run_address>
         <size>0x12</size>
         <input_file_ref idref="fl-8"/>
      </object_component>
      <object_component id="oc-305">
         <name>.const</name>
         <load_address>0x3c38</load_address>
         <run_address>0x3c38</run_address>
         <size>0x8</size>
         <input_file_ref idref="fl-144"/>
      </object_component>
      <object_component id="oc-645">
         <name>.cinit..data.load</name>
         <load_address>0x3c40</load_address>
         <run_address>0x3c40</run_address>
         <size>0x2e</size>
      </object_component>
      <object_component id="oc-643">
         <name>__TI_handler_table</name>
         <load_address>0x3c70</load_address>
         <run_address>0x3c70</run_address>
         <size>0xc</size>
      </object_component>
      <object_component id="oc-646">
         <name>.cinit..bss.load</name>
         <load_address>0x3c80</load_address>
         <run_address>0x3c80</run_address>
         <size>0x8</size>
      </object_component>
      <object_component id="oc-644">
         <name>__TI_cinit_table</name>
         <load_address>0x3c88</load_address>
         <run_address>0x3c88</run_address>
         <size>0x10</size>
      </object_component>
      <object_component id="oc-29">
         <name>.stack</name>
         <uninitialized>true</uninitialized>
         <run_address>0x2001746c</run_address>
         <size>0x0</size>
         <input_file_ref idref="fl-130"/>
      </object_component>
      <object_component id="oc-647">
         <name>.stack</name>
         <uninitialized>true</uninitialized>
         <run_address>0x2001746c</run_address>
         <size>0x0</size>
      </object_component>
      <object_component id="oc-541">
         <name>.bss:ram_heap</name>
         <uninitialized>true</uninitialized>
         <run_address>0x20000000</run_address>
         <size>0x1001c</size>
         <input_file_ref idref="fl-7"/>
      </object_component>
      <object_component id="oc-545">
         <name>.bss:memp_memory</name>
         <uninitialized>true</uninitialized>
         <run_address>0x2001001c</run_address>
         <size>0x68f4</size>
         <input_file_ref idref="fl-7"/>
      </object_component>
      <object_component id="oc-2d4">
         <name>.bss:lwip_stats</name>
         <uninitialized>true</uninitialized>
         <run_address>0x20017190</run_address>
         <size>0xd8</size>
         <input_file_ref idref="fl-7"/>
      </object_component>
      <object_component id="oc-2e6">
         <name>.bss:arp_table</name>
         <uninitialized>true</uninitialized>
         <run_address>0x20017268</run_address>
         <size>0xc8</size>
         <input_file_ref idref="fl-7"/>
      </object_component>
      <object_component id="oc-27e">
         <name>.bss:g_pTxDescriptors</name>
         <uninitialized>true</uninitialized>
         <run_address>0x20016d10</run_address>
         <size>0x360</size>
         <input_file_ref idref="fl-7"/>
      </object_component>
      <object_component id="oc-281">
         <name>.bss:g_pRxDescriptors</name>
         <uninitialized>true</uninitialized>
         <run_address>0x20017070</run_address>
         <size>0x120</size>
         <input_file_ref idref="fl-7"/>
      </object_component>
      <object_component id="oc-ee">
         <name>.bss:g_sNetIF</name>
         <uninitialized>true</uninitialized>
         <run_address>0x200173b0</run_address>
         <size>0x30</size>
         <input_file_ref idref="fl-7"/>
      </object_component>
      <object_component id="oc-130">
         <name>.bss:g_pcUARTTxBuffer</name>
         <uninitialized>true</uninitialized>
         <run_address>0x20016910</run_address>
         <size>0x400</size>
         <input_file_ref idref="fl-8"/>
      </object_component>
      <object_component id="oc-c7">
         <name>.bss:g_pcUARTRxBuffer</name>
         <uninitialized>true</uninitialized>
         <run_address>0x20017330</run_address>
         <size>0x80</size>
         <input_file_ref idref="fl-8"/>
      </object_component>
      <object_component id="oc-2de">
         <name>.common:g_ui32IPAddress</name>
         <uninitialized>true</uninitialized>
         <run_address>0x2001742c</run_address>
         <size>0x4</size>
      </object_component>
      <object_component id="oc-265">
         <name>.common:g_ui32SysClock</name>
         <uninitialized>true</uninitialized>
         <run_address>0x2001743c</run_address>
         <size>0x4</size>
      </object_component>
      <object_component id="oc-266">
         <name>.common:Rpcb</name>
         <uninitialized>true</uninitialized>
         <run_address>0x200173f4</run_address>
         <size>0x4</size>
      </object_component>
      <object_component id="oc-267">
         <name>.common:controller_ip</name>
         <uninitialized>true</uninitialized>
         <run_address>0x200173fc</run_address>
         <size>0x4</size>
      </object_component>
      <object_component id="oc-262">
         <name>.common:board_ip</name>
         <uninitialized>true</uninitialized>
         <run_address>0x200173f8</run_address>
         <size>0x4</size>
      </object_component>
      <object_component id="oc-261">
         <name>.common:device_ip</name>
         <uninitialized>true</uninitialized>
         <run_address>0x20017414</run_address>
         <size>0x4</size>
      </object_component>
      <object_component id="oc-263">
         <name>.common:device_subnet</name>
         <uninitialized>true</uninitialized>
         <run_address>0x20017418</run_address>
         <size>0x4</size>
      </object_component>
      <object_component id="oc-264">
         <name>.common:device_gateway</name>
         <uninitialized>true</uninitialized>
         <run_address>0x20017410</run_address>
         <size>0x4</size>
      </object_component>
      <object_component id="oc-d5">
         <name>.common:sendEncoder</name>
         <uninitialized>true</uninitialized>
         <run_address>0x2001746a</run_address>
         <size>0x1</size>
      </object_component>
      <object_component id="oc-25c">
         <name>.common:setPWMvalue</name>
         <uninitialized>true</uninitialized>
         <run_address>0x2001746b</run_address>
         <size>0x1</size>
      </object_component>
      <object_component id="oc-25d">
         <name>.common:pwmValue</name>
         <uninitialized>true</uninitialized>
         <run_address>0x20017469</run_address>
         <size>0x1</size>
      </object_component>
      <object_component id="oc-486">
         <name>.common:ram</name>
         <uninitialized>true</uninitialized>
         <run_address>0x20017450</run_address>
         <size>0x4</size>
      </object_component>
      <object_component id="oc-487">
         <name>.common:ram_end</name>
         <uninitialized>true</uninitialized>
         <run_address>0x20017454</run_address>
         <size>0x4</size>
      </object_component>
      <object_component id="oc-488">
         <name>.common:lfree</name>
         <uninitialized>true</uninitialized>
         <run_address>0x20017440</run_address>
         <size>0x4</size>
      </object_component>
      <object_component id="oc-48a">
         <name>.common:memp_tab</name>
         <uninitialized>true</uninitialized>
         <run_address>0x200173e0</run_address>
         <size>0x14</size>
      </object_component>
      <object_component id="oc-4e7">
         <name>.common:netif_num</name>
         <uninitialized>true</uninitialized>
         <run_address>0x20017468</run_address>
         <size>0x1</size>
      </object_component>
      <object_component id="oc-52a">
         <name>.common:raw_pcbs</name>
         <uninitialized>true</uninitialized>
         <run_address>0x20017458</run_address>
         <size>0x4</size>
      </object_component>
      <object_component id="oc-5f3">
         <name>.common:next_timeout</name>
         <uninitialized>true</uninitialized>
         <run_address>0x2001744c</run_address>
         <size>0x4</size>
      </object_component>
      <object_component id="oc-55b">
         <name>.common:timeouts_last_time</name>
         <uninitialized>true</uninitialized>
         <run_address>0x2001745c</run_address>
         <size>0x4</size>
      </object_component>
      <object_component id="oc-5d5">
         <name>.common:ip_id</name>
         <uninitialized>true</uninitialized>
         <run_address>0x20017464</run_address>
         <size>0x2</size>
      </object_component>
      <object_component id="oc-5b9">
         <name>.common:etharp_cached_entry</name>
         <uninitialized>true</uninitialized>
         <run_address>0x20017466</run_address>
         <size>0x1</size>
      </object_component>
      <object_component id="oc-325">
         <name>.common:g_ui32IPAddr</name>
         <uninitialized>true</uninitialized>
         <run_address>0x20017428</run_address>
         <size>0x4</size>
      </object_component>
      <object_component id="oc-323">
         <name>.common:g_ui32NetMask</name>
         <uninitialized>true</uninitialized>
         <run_address>0x20017430</run_address>
         <size>0x4</size>
      </object_component>
      <object_component id="oc-324">
         <name>.common:g_ui32GWAddr</name>
         <uninitialized>true</uninitialized>
         <run_address>0x20017424</run_address>
         <size>0x4</size>
      </object_component>
      <object_component id="oc-4c2">
         <name>.common:netif_list</name>
         <uninitialized>true</uninitialized>
         <run_address>0x20017448</run_address>
         <size>0x4</size>
      </object_component>
      <object_component id="oc-4e9">
         <name>.common:netif_default</name>
         <uninitialized>true</uninitialized>
         <run_address>0x20017444</run_address>
         <size>0x4</size>
      </object_component>
      <object_component id="oc-459">
         <name>.common:udp_pcbs</name>
         <uninitialized>true</uninitialized>
         <run_address>0x20017460</run_address>
         <size>0x4</size>
      </object_component>
      <object_component id="oc-4c3">
         <name>.common:current_netif</name>
         <uninitialized>true</uninitialized>
         <run_address>0x2001740c</run_address>
         <size>0x4</size>
      </object_component>
      <object_component id="oc-4c4">
         <name>.common:current_header</name>
         <uninitialized>true</uninitialized>
         <run_address>0x20017400</run_address>
         <size>0x4</size>
      </object_component>
      <object_component id="oc-4c1">
         <name>.common:current_iphdr_src</name>
         <uninitialized>true</uninitialized>
         <run_address>0x20017408</run_address>
         <size>0x4</size>
      </object_component>
      <object_component id="oc-4c0">
         <name>.common:current_iphdr_dest</name>
         <uninitialized>true</uninitialized>
         <run_address>0x20017404</run_address>
         <size>0x4</size>
      </object_component>
      <object_component id="oc-185">
         <name>.common:g_ui32NormalInts</name>
         <uninitialized>true</uninitialized>
         <run_address>0x20017434</run_address>
         <size>0x4</size>
      </object_component>
      <object_component id="oc-186">
         <name>.common:g_ui32AbnormalInts</name>
         <uninitialized>true</uninitialized>
         <run_address>0x20017420</run_address>
         <size>0x4</size>
      </object_component>
      <object_component id="oc-eb">
         <name>.common:g_pfnTimerHandler</name>
         <uninitialized>true</uninitialized>
         <run_address>0x2001741c</run_address>
         <size>0x4</size>
      </object_component>
      <object_component id="oc-c4">
         <name>.common:g_bDisableEcho</name>
         <uninitialized>true</uninitialized>
         <run_address>0x20017467</run_address>
         <size>0x1</size>
      </object_component>
      <object_component id="oc-12c">
         <name>.common:g_ui32PortNum</name>
         <uninitialized>true</uninitialized>
         <run_address>0x20017438</run_address>
         <size>0x4</size>
      </object_component>
      <object_component id="oc-25e">
         <name>.data</name>
         <load_address>0x20017cc1</load_address>
         <run_address>0x20017cc1</run_address>
         <size>0x1</size>
         <input_file_ref idref="fl-3"/>
      </object_component>
      <object_component id="oc-128">
         <name>.data</name>
         <load_address>0x20017c6c</load_address>
         <run_address>0x20017c6c</run_address>
         <size>0x40</size>
         <input_file_ref idref="fl-7"/>
      </object_component>
      <object_component id="oc-c1">
         <name>.data</name>
         <load_address>0x20017cac</load_address>
         <run_address>0x20017cac</run_address>
         <size>0x15</size>
         <input_file_ref idref="fl-8"/>
      </object_component>
      <object_component id="oc-120">
         <name>.data</name>
         <load_address>0x20017ccc</load_address>
         <run_address>0x20017ccc</run_address>
         <size>0x8</size>
         <input_file_ref idref="fl-134"/>
      </object_component>
      <object_component id="oc-9a">
         <name>.data</name>
         <load_address>0x20017cd4</load_address>
         <run_address>0x20017cd4</run_address>
         <size>0x4</size>
         <input_file_ref idref="fl-13b"/>
      </object_component>
      <object_component id="oc-11d">
         <name>.data</name>
         <load_address>0x20017cc4</load_address>
         <run_address>0x20017cc4</run_address>
         <size>0x8</size>
         <input_file_ref idref="fl-13f"/>
      </object_component>
      <object_component id="oc-f4">
         <name>.debug_info</name>
         <load_address>0x0</load_address>
         <run_address>0x0</run_address>
         <size>0x84</size>
         <input_file_ref idref="fl-2"/>
      </object_component>
      <object_component id="oc-d0">
         <name>.debug_info</name>
         <load_address>0x84</load_address>
         <run_address>0x84</run_address>
         <size>0x18b</size>
         <input_file_ref idref="fl-2"/>
      </object_component>
      <object_component id="oc-d6">
         <name>.debug_info</name>
         <load_address>0x20f</load_address>
         <run_address>0x20f</run_address>
         <size>0xc42</size>
         <input_file_ref idref="fl-3"/>
      </object_component>
      <object_component id="oc-25f">
         <name>.debug_info</name>
         <load_address>0xe51</load_address>
         <run_address>0xe51</run_address>
         <size>0xfb</size>
         <input_file_ref idref="fl-3"/>
      </object_component>
      <object_component id="oc-257">
         <name>.debug_info</name>
         <load_address>0xf4c</load_address>
         <run_address>0xf4c</run_address>
         <size>0x248</size>
         <input_file_ref idref="fl-3"/>
      </object_component>
      <object_component id="oc-367">
         <name>.debug_info</name>
         <load_address>0x1194</load_address>
         <run_address>0x1194</run_address>
         <size>0x22c</size>
         <input_file_ref idref="fl-3"/>
      </object_component>
      <object_component id="oc-228">
         <name>.debug_info</name>
         <load_address>0x13c0</load_address>
         <run_address>0x13c0</run_address>
         <size>0x1fb</size>
         <input_file_ref idref="fl-3"/>
      </object_component>
      <object_component id="oc-1fe">
         <name>.debug_info</name>
         <load_address>0x15bb</load_address>
         <run_address>0x15bb</run_address>
         <size>0x2a0</size>
         <input_file_ref idref="fl-3"/>
      </object_component>
      <object_component id="oc-24c">
         <name>.debug_info</name>
         <load_address>0x185b</load_address>
         <run_address>0x185b</run_address>
         <size>0x26a</size>
         <input_file_ref idref="fl-3"/>
      </object_component>
      <object_component id="oc-117">
         <name>.debug_info</name>
         <load_address>0x1ac5</load_address>
         <run_address>0x1ac5</run_address>
         <size>0x48a</size>
         <input_file_ref idref="fl-3"/>
      </object_component>
      <object_component id="oc-18a">
         <name>.debug_info</name>
         <load_address>0x1f4f</load_address>
         <run_address>0x1f4f</run_address>
         <size>0x249</size>
         <input_file_ref idref="fl-3"/>
      </object_component>
      <object_component id="oc-50">
         <name>.debug_info</name>
         <load_address>0x2198</load_address>
         <run_address>0x2198</run_address>
         <size>0x1cb</size>
         <input_file_ref idref="fl-3"/>
      </object_component>
      <object_component id="oc-44">
         <name>.debug_info</name>
         <load_address>0x2363</load_address>
         <run_address>0x2363</run_address>
         <size>0x1ce</size>
         <input_file_ref idref="fl-3"/>
      </object_component>
      <object_component id="oc-153">
         <name>.debug_info</name>
         <load_address>0x2531</load_address>
         <run_address>0x2531</run_address>
         <size>0x12f</size>
         <input_file_ref idref="fl-3"/>
      </object_component>
      <object_component id="oc-197">
         <name>.debug_info</name>
         <load_address>0x2660</load_address>
         <run_address>0x2660</run_address>
         <size>0x6c</size>
         <input_file_ref idref="fl-3"/>
      </object_component>
      <object_component id="oc-167">
         <name>.debug_info</name>
         <load_address>0x26cc</load_address>
         <run_address>0x26cc</run_address>
         <size>0x110</size>
         <input_file_ref idref="fl-3"/>
      </object_component>
      <object_component id="oc-cb">
         <name>.debug_info</name>
         <load_address>0x27dc</load_address>
         <run_address>0x27dc</run_address>
         <size>0x8b</size>
         <input_file_ref idref="fl-3"/>
      </object_component>
      <object_component id="oc-15d">
         <name>.debug_info</name>
         <load_address>0x2867</load_address>
         <run_address>0x2867</run_address>
         <size>0x8a</size>
         <input_file_ref idref="fl-3"/>
      </object_component>
      <object_component id="oc-162">
         <name>.debug_info</name>
         <load_address>0x28f1</load_address>
         <run_address>0x28f1</run_address>
         <size>0x174</size>
         <input_file_ref idref="fl-3"/>
      </object_component>
      <object_component id="oc-1a1">
         <name>.debug_info</name>
         <load_address>0x2a65</load_address>
         <run_address>0x2a65</run_address>
         <size>0x2c</size>
         <input_file_ref idref="fl-3"/>
      </object_component>
      <object_component id="oc-14e">
         <name>.debug_info</name>
         <load_address>0x2a91</load_address>
         <run_address>0x2a91</run_address>
         <size>0x193</size>
         <input_file_ref idref="fl-3"/>
      </object_component>
      <object_component id="oc-13f">
         <name>.debug_info</name>
         <load_address>0x2c24</load_address>
         <run_address>0x2c24</run_address>
         <size>0x87</size>
         <input_file_ref idref="fl-3"/>
      </object_component>
      <object_component id="oc-144">
         <name>.debug_info</name>
         <load_address>0x2cab</load_address>
         <run_address>0x2cab</run_address>
         <size>0x2c</size>
         <input_file_ref idref="fl-3"/>
      </object_component>
      <object_component id="oc-1ab">
         <name>.debug_info</name>
         <load_address>0x2cd7</load_address>
         <run_address>0x2cd7</run_address>
         <size>0x2c</size>
         <input_file_ref idref="fl-3"/>
      </object_component>
      <object_component id="oc-149">
         <name>.debug_info</name>
         <load_address>0x2d03</load_address>
         <run_address>0x2d03</run_address>
         <size>0x9f</size>
         <input_file_ref idref="fl-3"/>
      </object_component>
      <object_component id="oc-1bf">
         <name>.debug_info</name>
         <load_address>0x2da2</load_address>
         <run_address>0x2da2</run_address>
         <size>0x167</size>
         <input_file_ref idref="fl-3"/>
      </object_component>
      <object_component id="oc-158">
         <name>.debug_info</name>
         <load_address>0x2f09</load_address>
         <run_address>0x2f09</run_address>
         <size>0x3e4</size>
         <input_file_ref idref="fl-3"/>
      </object_component>
      <object_component id="oc-316">
         <name>.debug_info</name>
         <load_address>0x32ed</load_address>
         <run_address>0x32ed</run_address>
         <size>0x1f0</size>
         <input_file_ref idref="fl-4"/>
      </object_component>
      <object_component id="oc-1f2">
         <name>.debug_info</name>
         <load_address>0x34dd</load_address>
         <run_address>0x34dd</run_address>
         <size>0x35f</size>
         <input_file_ref idref="fl-4"/>
      </object_component>
      <object_component id="oc-5c">
         <name>.debug_info</name>
         <load_address>0x383c</load_address>
         <run_address>0x383c</run_address>
         <size>0x1df</size>
         <input_file_ref idref="fl-6"/>
      </object_component>
      <object_component id="oc-10">
         <name>.debug_info</name>
         <load_address>0x3a1b</load_address>
         <run_address>0x3a1b</run_address>
         <size>0x110</size>
         <input_file_ref idref="fl-6"/>
      </object_component>
      <object_component id="oc-2b">
         <name>.debug_info</name>
         <load_address>0x3b2b</load_address>
         <run_address>0x3b2b</run_address>
         <size>0x1c6</size>
         <input_file_ref idref="fl-6"/>
      </object_component>
      <object_component id="oc-31">
         <name>.debug_info</name>
         <load_address>0x3cf1</load_address>
         <run_address>0x3cf1</run_address>
         <size>0x1b5</size>
         <input_file_ref idref="fl-6"/>
      </object_component>
      <object_component id="oc-3d">
         <name>.debug_info</name>
         <load_address>0x3ea6</load_address>
         <run_address>0x3ea6</run_address>
         <size>0x1cf</size>
         <input_file_ref idref="fl-6"/>
      </object_component>
      <object_component id="oc-37">
         <name>.debug_info</name>
         <load_address>0x4075</load_address>
         <run_address>0x4075</run_address>
         <size>0x1bd</size>
         <input_file_ref idref="fl-6"/>
      </object_component>
      <object_component id="oc-ec">
         <name>.debug_info</name>
         <load_address>0x4232</load_address>
         <run_address>0x4232</run_address>
         <size>0xd08</size>
         <input_file_ref idref="fl-7"/>
      </object_component>
      <object_component id="oc-542">
         <name>.debug_info</name>
         <load_address>0x4f3a</load_address>
         <run_address>0x4f3a</run_address>
         <size>0xe8</size>
         <input_file_ref idref="fl-7"/>
      </object_component>
      <object_component id="oc-364">
         <name>.debug_info</name>
         <load_address>0x5022</load_address>
         <run_address>0x5022</run_address>
         <size>0x1ad</size>
         <input_file_ref idref="fl-7"/>
      </object_component>
      <object_component id="oc-546">
         <name>.debug_info</name>
         <load_address>0x51cf</load_address>
         <run_address>0x51cf</run_address>
         <size>0xed</size>
         <input_file_ref idref="fl-7"/>
      </object_component>
      <object_component id="oc-2d5">
         <name>.debug_info</name>
         <load_address>0x52bc</load_address>
         <run_address>0x52bc</run_address>
         <size>0xec</size>
         <input_file_ref idref="fl-7"/>
      </object_component>
      <object_component id="oc-129">
         <name>.debug_info</name>
         <load_address>0x53a8</load_address>
         <run_address>0x53a8</run_address>
         <size>0x221</size>
         <input_file_ref idref="fl-7"/>
      </object_component>
      <object_component id="oc-2e7">
         <name>.debug_info</name>
         <load_address>0x55c9</load_address>
         <run_address>0x55c9</run_address>
         <size>0xe9</size>
[...]
      </symbol>
      <symbol id="sm-69e">
         <name>ip4_addr_isbroadcast</name>
         <value>0x32c5</value>
         <object_component_ref idref="oc-4a2"/>
      </symbol>
      <symbol id="sm-69f">
         <name>lwip_ntohl</name>
         <value>0x35ed</value>
         <object_component_ref idref="oc-427"/>
      </symbol>
      <symbol id="sm-6a0">
         <name>udp_sendto</name>
         <value>0x3155</value>
         <object_component_ref idref="oc-397"/>
      </symbol>
      <symbol id="sm-6a1">
         <name>memp_malloc</name>
         <value>0x2b6d</value>
         <object_component_ref idref="oc-3e5"/>
      </symbol>
      <symbol id="sm-6a2">
         <name>ip_addr_any</name>
         <value>0x3be8</value>
         <object_component_ref idref="oc-363"/>
      </symbol>
      <symbol id="sm-6a3">
         <name>ip_input</name>
         <value>0x88d</value>
         <object_component_ref idref="oc-3de"/>
      </symbol>
      <symbol id="sm-6a4">
         <name>ip_addr_broadcast</name>
         <value>0x3bec</value>
         <object_component_ref idref="oc-363"/>
      </symbol>
      <symbol id="sm-6a5">
         <name>sys_timeouts_init</name>
         <value>0x3559</value>
         <object_component_ref idref="oc-4d9"/>
      </symbol>
      <symbol id="sm-6a6">
         <name>netif_set_addr</name>
         <value>0x36bd</value>
         <object_component_ref idref="oc-4e1"/>
      </symbol>
      <symbol id="sm-6a7">
         <name>udp_input</name>
         <value>0xa25</value>
         <object_component_ref idref="oc-4b4"/>
      </symbol>
      <symbol id="sm-6a8">
         <name>lwIPInit</name>
         <value>0x1781</value>
         <object_component_ref idref="oc-1f5"/>
      </symbol>
      <symbol id="sm-6a9">
         <name>raw_input</name>
         <value>0x2469</value>
         <object_component_ref idref="oc-4a8"/>
      </symbol>
      <symbol id="sm-6aa">
         <name>udp_new</name>
         <value>0x35d1</value>
         <object_component_ref idref="oc-351"/>
      </symbol>
      <symbol id="sm-6ab">
         <name>ram_heap</name>
         <value>0x20000000</value>
         <object_component_ref idref="oc-541"/>
      </symbol>
      <symbol id="sm-6ac">
         <name>udp_recv</name>
         <value>0x3907</value>
         <object_component_ref idref="oc-35d"/>
      </symbol>
      <symbol id="sm-6ad">
         <name>pbuf_alloc</name>
         <value>0x110d</value>
         <object_component_ref idref="oc-2ce"/>
      </symbol>
      <symbol id="sm-6ae">
         <name>g_pTxDescriptors</name>
         <value>0x20016d10</value>
         <object_component_ref idref="oc-27e"/>
      </symbol>
      <symbol id="sm-6af">
         <name>icmp_input</name>
         <value>0xbb9</value>
         <object_component_ref idref="oc-4ba"/>
      </symbol>
      <symbol id="sm-6b0">
         <name>netif_set_gw</name>
         <value>0x3881</value>
         <object_component_ref idref="oc-569"/>
      </symbol>
      <symbol id="sm-6b1">
         <name>inet_chksum_pbuf</name>
         <value>0x2a61</value>
         <object_component_ref idref="oc-534"/>
      </symbol>
      <symbol id="sm-6b2">
         <name>ip_output</name>
         <value>0x2f5d</value>
         <object_component_ref idref="oc-5e0"/>
      </symbol>
      <symbol id="sm-6b3">
         <name>pbuf_copy</name>
         <value>0x1fc9</value>
         <object_component_ref idref="oc-53a"/>
      </symbol>
      <symbol id="sm-6b4">
         <name>tivaif_interrupt</name>
         <value>0x2ded</value>
         <object_component_ref idref="oc-df"/>
      </symbol>
      <symbol id="sm-6b5">
         <name>ethzero</name>
         <value>0x3bf6</value>
         <object_component_ref idref="oc-363"/>
      </symbol>
      <symbol id="sm-6b6">
         <name>lwIPTimer</name>
         <value>0x3539</value>
         <object_component_ref idref="oc-a2"/>
      </symbol>
      <symbol id="sm-6b7">
         <name>ethbroadcast</name>
         <value>0x3bf0</value>
         <object_component_ref idref="oc-363"/>
      </symbol>
      <symbol id="sm-6b8">
         <name>lwip_init</name>
         <value>0x37b9</value>
         <object_component_ref idref="oc-421"/>
      </symbol>
      <symbol id="sm-6b9">
         <name>lwIPEthernetIntHandler</name>
         <value>0x29a9</value>
         <object_component_ref idref="oc-54"/>
      </symbol>
      <symbol id="sm-6ba">
         <name>netif_add</name>
         <value>0x2d55</value>
         <object_component_ref idref="oc-42d"/>
      </symbol>
      <symbol id="sm-6bb">
         <name>netif_set_default</name>
         <value>0x3875</value>
         <object_component_ref idref="oc-433"/>
      </symbol>
      <symbol id="sm-6bc">
         <name>sys_now</name>
         <value>0x38a5</value>
         <object_component_ref idref="oc-54f"/>
      </symbol>
      <symbol id="sm-6bd">
         <name>ip_route</name>
         <value>0x2d09</value>
         <object_component_ref idref="oc-46a"/>
      </symbol>
      <symbol id="sm-6be">
         <name>g_RxDescList</name>
         <value>0x20017c80</value>
         <object_component_ref idref="oc-128"/>
      </symbol>
      <symbol id="sm-6bf">
         <name>g_TxDescList</name>
         <value>0x20017c70</value>
         <object_component_ref idref="oc-128"/>
      </symbol>
      <symbol id="sm-6c0">
         <name>sys_timeout</name>
         <value>0x26f5</value>
         <object_component_ref idref="oc-549"/>
      </symbol>
      <symbol id="sm-6c1">
         <name>etharp_tmr</name>
         <value>0x3029</value>
         <object_component_ref idref="oc-18e"/>
      </symbol>
      <symbol id="sm-6c2">
         <name>mem_trim</name>
         <value>0x186d</value>
         <object_component_ref idref="oc-522"/>
      </symbol>
      <symbol id="sm-6c3">
         <name>lwip_stats</name>
         <value>0x20017190</value>
         <object_component_ref idref="oc-2d4"/>
      </symbol>
      <symbol id="sm-74e">
         <name>UARTStdioIntHandler</name>
         <value>0xd3d</value>
         <object_component_ref idref="oc-48"/>
      </symbol>
      <symbol id="sm-74f">
         <name>UARTwrite</name>
         <value>0x1d3d</value>
         <object_component_ref idref="oc-b5"/>
      </symbol>
      <symbol id="sm-762">
         <name>_c_int00</name>
         <value>0x2c69</value>
         <object_component_ref idref="oc-24"/>
      </symbol>
      <symbol id="sm-763">
         <name>__stack</name>
         <value>0x2001746c</value>
         <object_component_ref idref="oc-29"/>
      </symbol>
      <symbol id="sm-77a">
         <name>__TI_decompress_none</name>
         <value>0x3813</value>
         <object_component_ref idref="oc-12"/>
      </symbol>
      <symbol id="sm-79d">
         <name>__TI_decompress_rle24</name>
         <value>0x3901</value>
         <object_component_ref idref="oc-18"/>
      </symbol>
      <symbol id="sm-7af">
         <name>__TI_zero_init</name>
         <value>0x3851</value>
         <object_component_ref idref="oc-1e"/>
      </symbol>
      <symbol id="sm-7ce">
         <name>C$$EXIT</name>
         <value>0x2fa1</value>
         <object_component_ref idref="oc-94"/>
      </symbol>
      <symbol id="sm-7cf">
         <name>abort</name>
         <value>0x2fa5</value>
         <object_component_ref idref="oc-94"/>
      </symbol>
      <symbol id="sm-7d0">
         <name>exit</name>
         <value>0x2fad</value>
         <object_component_ref idref="oc-94"/>
      </symbol>
      <symbol id="sm-7d1">
         <name>__TI_dtors_ptr</name>
         <value>0x20017cd0</value>
         <object_component_ref idref="oc-120"/>
      </symbol>
      <symbol id="sm-7d2">
         <name>__TI_cleanup_ptr</name>
         <value>0x20017ccc</value>
         <object_component_ref idref="oc-120"/>
      </symbol>
      <symbol id="sm-7ec">
         <name>memcmp</name>
         <value>0x34f7</value>
         <object_component_ref idref="oc-3cc"/>
      </symbol>
      <symbol id="sm-807">
         <name>memcpy</name>
         <value>0x1f2d</value>
         <object_component_ref idref="oc-5d"/>
      </symbol>
      <symbol id="sm-808">
         <name>__aeabi_memcpy</name>
         <value>0x1f2d</value>
         <object_component_ref idref="oc-5d"/>
      </symbol>
      <symbol id="sm-809">
         <name>__aeabi_memcpy8</name>
         <value>0x1f2d</value>
         <object_component_ref idref="oc-5d"/>
      </symbol>
      <symbol id="sm-80a">
         <name>__aeabi_memcpy4</name>
         <value>0x1f2d</value>
         <object_component_ref idref="oc-5d"/>
      </symbol>
      <symbol id="sm-819">
         <name>__aeabi_memset</name>
         <value>0x237b</value>
         <object_component_ref idref="oc-76"/>
      </symbol>
      <symbol id="sm-81a">
         <name>memset</name>
         <value>0x2381</value>
         <object_component_ref idref="oc-76"/>
      </symbol>
      <symbol id="sm-81b">
         <name>__aeabi_memset8</name>
         <value>0x237b</value>
         <object_component_ref idref="oc-76"/>
      </symbol>
      <symbol id="sm-81c">
         <name>__aeabi_memset4</name>
         <value>0x237b</value>
         <object_component_ref idref="oc-76"/>
      </symbol>
      <symbol id="sm-81d">
         <name>__aeabi_memclr8</name>
         <value>0x2379</value>
         <object_component_ref idref="oc-76"/>
      </symbol>
      <symbol id="sm-81e">
         <name>__aeabi_memclr4</name>
         <value>0x2379</value>
         <object_component_ref idref="oc-76"/>
      </symbol>
      <symbol id="sm-81f">
         <name>__aeabi_memclr</name>
         <value>0x2379</value>
         <object_component_ref idref="oc-76"/>
      </symbol>
      <symbol id="sm-829">
         <name>_system_pre_init</name>
         <value>0x3915</value>
         <object_component_ref idref="oc-82"/>
      </symbol>
      <symbol id="sm-831">
         <name>main_func_sp</name>
         <value>0x20017cd4</value>
         <object_component_ref idref="oc-9a"/>
      </symbol>
      <symbol id="sm-852">
         <name>_nop</name>
         <value>0x36df</value>
         <object_component_ref idref="oc-270"/>
      </symbol>
      <symbol id="sm-853">
         <name>_lock</name>
         <value>0x20017cc4</value>
         <object_component_ref idref="oc-11d"/>
      </symbol>
      <symbol id="sm-854">
         <name>_unlock</name>
         <value>0x20017cc8</value>
         <object_component_ref idref="oc-11d"/>
      </symbol>
      <symbol id="sm-855">
         <name>_register_lock</name>
         <value>0x36d7</value>
         <object_component_ref idref="oc-270"/>
      </symbol>
      <symbol id="sm-856">
         <name>_register_unlock</name>
         <value>0x36d1</value>
         <object_component_ref idref="oc-270"/>
      </symbol>
      <symbol id="sm-86b">
         <name>_args_main</name>
         <value>0x3639</value>
         <object_component_ref idref="oc-8e"/>
      </symbol>
      <symbol id="sm-891">
         <name>__TI_auto_init</name>
         <value>0x25b5</value>
         <object_component_ref idref="oc-88"/>
      </symbol>
      <symbol id="sm-8ab">
         <name>copy_in</name>
         <value>0x2da1</value>
         <object_component_ref idref="oc-10d"/>
      </symbol>
      <symbol id="sm-8e0">
         <name>TimerLoadSet</name>
         <value>0x3753</value>
         <object_component_ref idref="oc-232"/>
      </symbol>
      <symbol id="sm-8e1">
         <name>TimerEnable</name>
         <value>0x3805</value>
         <object_component_ref idref="oc-244"/>
      </symbol>
      <symbol id="sm-8e2">
         <name>TimerIntEnable</name>
         <value>0x38cd</value>
         <object_component_ref idref="oc-23e"/>
      </symbol>
      <symbol id="sm-8e3">
         <name>TimerConfigure</name>
         <value>0x294d</value>
         <object_component_ref idref="oc-22c"/>
      </symbol>
      <symbol id="sm-987">
         <name>SysCtlDelay</name>
         <value>0x38f5</value>
         <object_component_ref idref="oc-1fb"/>
      </symbol>
      <symbol id="sm-988">
         <name>SysCtlMOSCConfigSet</name>
         <value>0x3845</value>
         <object_component_ref idref="oc-1e3"/>
      </symbol>
      <symbol id="sm-989">
         <name>SysCtlPeripheralEnable</name>
         <value>0x3229</value>
         <object_component_ref idref="oc-202"/>
      </symbol>
      <symbol id="sm-98a">
         <name>SysCtlPWMClockSet</name>
         <value>0x36a9</value>
         <object_component_ref idref="oc-327"/>
      </symbol>
      <symbol id="sm-98b">
         <name>SysCtlPeripheralReady</name>
         <value>0x325d</value>
         <object_component_ref idref="oc-414"/>
      </symbol>
      <symbol id="sm-98c">
         <name>SysCtlClockFreqSet</name>
         <value>0x691</value>
         <object_component_ref idref="oc-1e9"/>
      </symbol>
      <symbol id="sm-98d">
         <name>SysCtlPeripheralReset</name>
         <value>0x2c19</value>
         <object_component_ref idref="oc-40e"/>
      </symbol>
      <symbol id="sm-9b2">
         <name>QEIPositionGet</name>
         <value>0x390d</value>
         <object_component_ref idref="oc-250"/>
      </symbol>
      <symbol id="sm-9b3">
         <name>QEIEnable</name>
         <value>0x38bb</value>
         <object_component_ref idref="oc-21a"/>
      </symbol>
      <symbol id="sm-9b4">
         <name>QEIPositionSet</name>
         <value>0x3911</value>
         <object_component_ref idref="oc-220"/>
      </symbol>
      <symbol id="sm-9b5">
         <name>QEIConfigure</name>
         <value>0x37f7</value>
         <object_component_ref idref="oc-214"/>
      </symbol>
      <symbol id="sm-9f2">
         <name>PWMGenPeriodSet</name>
         <value>0x3799</value>
         <object_component_ref idref="oc-339"/>
      </symbol>
      <symbol id="sm-9f3">
         <name>PWMGenDisable</name>
         <value>0x382d</value>
         <object_component_ref idref="oc-38f"/>
      </symbol>
      <symbol id="sm-9f4">
         <name>PWMPulseWidthSet</name>
         <value>0x3597</value>
         <object_component_ref idref="oc-37d"/>
      </symbol>
      <symbol id="sm-9f5">
         <name>PWMGenPeriodGet</name>
         <value>0x372f</value>
         <object_component_ref idref="oc-377"/>
      </symbol>
      <symbol id="sm-9f6">
         <name>PWMOutputState</name>
         <value>0x3741</value>
         <object_component_ref idref="oc-383"/>
      </symbol>
      <symbol id="sm-9f7">
         <name>PWMGenEnable</name>
         <value>0x3839</value>
         <object_component_ref idref="oc-389"/>
      </symbol>
      <symbol id="sm-9f8">
         <name>PWMGenConfigure</name>
         <value>0x34d5</value>
         <object_component_ref idref="oc-333"/>
      </symbol>
      <symbol id="sm-a26">
         <name>IntEnable</name>
         <value>0x288d</value>
         <object_component_ref idref="oc-238"/>
      </symbol>
      <symbol id="sm-a27">
         <name>IntMasterEnable</name>
         <value>0x38b1</value>
         <object_component_ref idref="oc-5a6"/>
      </symbol>
      <symbol id="sm-a6f">
         <name>GPIOPinTypePWM</name>
         <value>0x370b</value>
         <object_component_ref idref="oc-32d"/>
      </symbol>
      <symbol id="sm-a70">
         <name>GPIOPinConfigure</name>
         <value>0x2e85</value>
         <object_component_ref idref="oc-208"/>
      </symbol>
      <symbol id="sm-a71">
         <name>GPIODirModeSet</name>
         <value>0x3351</value>
         <object_component_ref idref="oc-346"/>
      </symbol>
      <symbol id="sm-a72">
         <name>GPIOPinTypeQEI</name>
         <value>0x371d</value>
         <object_component_ref idref="oc-20e"/>
      </symbol>
      <symbol id="sm-a73">
         <name>GPIOPadConfigSet</name>
         <value>0xfdd</value>
         <object_component_ref idref="oc-309"/>
      </symbol>
      <symbol id="sm-a74">
         <name>GPIOPinTypeEthernetLED</name>
         <value>0x36f9</value>
         <object_component_ref idref="oc-30f"/>
      </symbol>
      <symbol id="sm-b2e">
         <name>EMACConfigSet</name>
         <value>0x31c1</value>
         <object_component_ref idref="oc-2b4"/>
      </symbol>
      <symbol id="sm-b2f">
         <name>EMACTxEnable</name>
         <value>0x367d</value>
         <object_component_ref idref="oc-594"/>
      </symbol>
      <symbol id="sm-b30">
         <name>EMACRxDMADescriptorListSet</name>
         <value>0x38dd</value>
         <object_component_ref idref="oc-5fb"/>
      </symbol>
      <symbol id="sm-b31">
         <name>EMACPHYConfigSet</name>
         <value>0x2b15</value>
         <object_component_ref idref="oc-317"/>
      </symbol>
      <symbol id="sm-b32">
         <name>EMACPHYRead</name>
         <value>0x341d</value>
         <object_component_ref idref="oc-29c"/>
      </symbol>
      <symbol id="sm-b33">
         <name>EMACTimestampIntStatus</name>
         <value>0x38e3</value>
         <object_component_ref idref="oc-d9"/>
      </symbol>
      <symbol id="sm-b34">
         <name>EMACRxEnable</name>
         <value>0x3667</value>
         <object_component_ref idref="oc-59a"/>
      </symbol>
      <symbol id="sm-b35">
         <name>EMACIntClear</name>
         <value>0x31f5</value>
         <object_component_ref idref="oc-58e"/>
      </symbol>
      <symbol id="sm-b36">
         <name>EMACConfigGet</name>
         <value>0x318d</value>
         <object_component_ref idref="oc-2ae"/>
      </symbol>
      <symbol id="sm-b37">
         <name>EMACIntEnable</name>
         <value>0x30e1</value>
         <object_component_ref idref="oc-5a0"/>
      </symbol>
      <symbol id="sm-b38">
         <name>EMACPHYWrite</name>
         <value>0x3443</value>
         <object_component_ref idref="oc-57c"/>
      </symbol>
      <symbol id="sm-b39">
         <name>EMACReset</name>
         <value>0x3651</value>
         <object_component_ref idref="oc-41a"/>
      </symbol>
      <symbol id="sm-b3a">
         <name>EMACFrameFilterSet</name>
         <value>0x3789</value>
         <object_component_ref idref="oc-582"/>
      </symbol>
      <symbol id="sm-b3b">
         <name>EMACTxDMAPollDemand</name>
         <value>0x38c5</value>
         <object_component_ref idref="oc-5cd"/>
      </symbol>
      <symbol id="sm-b3c">
         <name>EMACAddrGet</name>
         <value>0x3579</value>
         <object_component_ref idref="oc-570"/>
      </symbol>
      <symbol id="sm-b3d">
         <name>EMACTxDMADescriptorListSet</name>
         <value>0x38e9</value>
         <object_component_ref idref="oc-601"/>
      </symbol>
      <symbol id="sm-b3e">
         <name>EMACIntStatus</name>
         <value>0x32f7</value>
         <object_component_ref idref="oc-588"/>
      </symbol>
      <symbol id="sm-b48">
         <name>CPUcpsie</name>
         <value>0x3821</value>
         <object_component_ref idref="oc-60f"/>
      </symbol>
      <symbol id="sm-b4a">
         <name>__TI_static_base__</name>
         <value>0x0</value>
      </symbol>
      <symbol id="sm-b4d">
         <name>SHT$$INIT_ARRAY$$Limit</name>
         <value>0x0</value>
      </symbol>
      <symbol id="sm-b4e">
         <name>SHT$$INIT_ARRAY$$Base</name>
         <value>0x0</value>
      </symbol>
   </symbol_table>
   <title>Link successful</title>
</link_info>
