<?xml version="1.0"?>
<link_info>
   <banner>TI ARM Linker PC v5.2.5</banner>
   <copyright>Copyright (c) 1996-2015 Texas Instruments Incorporated</copyright>
   <link_time>0x57305a2b</link_time>
   <link_errors>0x0</link_errors>
   <output_file>imu.out</output_file>
   <entry_point>
      <name>_c_int00</name>
      <address>0x301d</address>
   </entry_point>
   <input_file_list>
      <input_file id="fl-2">
         <path>.\</path>
         <kind>object</kind>
         <file>main.obj</file>
         <name>main.obj</name>
      </input_file>
      <input_file id="fl-3">
         <path>.\</path>
         <kind>object</kind>
         <file>pinout.obj</file>
         <name>pinout.obj</name>
      </input_file>
      <input_file id="fl-4">
         <path>.\</path>
         <kind>object</kind>
         <file>tm4c1294ncpdt_startup_ccs.obj</file>
         <name>tm4c1294ncpdt_startup_ccs.obj</name>
      </input_file>
      <input_file id="fl-5">
         <path>.\utils\</path>
         <kind>object</kind>
         <file>lwiplib.obj</file>
         <name>lwiplib.obj</name>
      </input_file>
      <input_file id="fl-6">
         <path>.\utils\</path>
         <kind>object</kind>
         <file>uartstdio.obj</file>
         <name>uartstdio.obj</name>
      </input_file>
      <input_file id="fl-7">
         <path>.\utils\</path>
         <kind>object</kind>
         <file>ustdlib.obj</file>
         <name>ustdlib.obj</name>
      </input_file>
      <input_file id="fl-12e">
         <path>C:\ti\ccsv6\tools\compiler\ti-cgt-arm_5.2.5\lib\</path>
         <kind>archive</kind>
         <file>rtsv7M4_T_le_v4SPD16_eabi.lib</file>
         <name>boot.obj</name>
      </input_file>
      <input_file id="fl-12f">
         <path>C:\ti\ccsv6\tools\compiler\ti-cgt-arm_5.2.5\lib\</path>
         <kind>archive</kind>
         <file>rtsv7M4_T_le_v4SPD16_eabi.lib</file>
         <name>copy_decompress_none.obj</name>
      </input_file>
      <input_file id="fl-130">
         <path>C:\ti\ccsv6\tools\compiler\ti-cgt-arm_5.2.5\lib\</path>
         <kind>archive</kind>
         <file>rtsv7M4_T_le_v4SPD16_eabi.lib</file>
         <name>copy_decompress_rle.obj</name>
      </input_file>
      <input_file id="fl-131">
         <path>C:\ti\ccsv6\tools\compiler\ti-cgt-arm_5.2.5\lib\</path>
         <kind>archive</kind>
         <file>rtsv7M4_T_le_v4SPD16_eabi.lib</file>
         <name>copy_zero_init.obj</name>
      </input_file>
      <input_file id="fl-132">
         <path>C:\ti\ccsv6\tools\compiler\ti-cgt-arm_5.2.5\lib\</path>
         <kind>archive</kind>
         <file>rtsv7M4_T_le_v4SPD16_eabi.lib</file>
         <name>exit.obj</name>
      </input_file>
      <input_file id="fl-133">
         <path>C:\ti\ccsv6\tools\compiler\ti-cgt-arm_5.2.5\lib\</path>
         <kind>archive</kind>
         <file>rtsv7M4_T_le_v4SPD16_eabi.lib</file>
         <name>memcmp.obj</name>
      </input_file>
      <input_file id="fl-134">
         <path>C:\ti\ccsv6\tools\compiler\ti-cgt-arm_5.2.5\lib\</path>
         <kind>archive</kind>
         <file>rtsv7M4_T_le_v4SPD16_eabi.lib</file>
         <name>memcpy_t2.obj</name>
      </input_file>
      <input_file id="fl-135">
         <path>C:\ti\ccsv6\tools\compiler\ti-cgt-arm_5.2.5\lib\</path>
         <kind>archive</kind>
         <file>rtsv7M4_T_le_v4SPD16_eabi.lib</file>
         <name>memset_t2.obj</name>
      </input_file>
      <input_file id="fl-136">
         <path>C:\ti\ccsv6\tools\compiler\ti-cgt-arm_5.2.5\lib\</path>
         <kind>archive</kind>
         <file>rtsv7M4_T_le_v4SPD16_eabi.lib</file>
         <name>pre_init.obj</name>
      </input_file>
      <input_file id="fl-137">
         <path>C:\ti\ccsv6\tools\compiler\ti-cgt-arm_5.2.5\lib\</path>
         <kind>archive</kind>
         <file>rtsv7M4_T_le_v4SPD16_eabi.lib</file>
         <name>stkdepth_vars.obj</name>
      </input_file>
      <input_file id="fl-138">
         <path>C:\ti\ccsv6\tools\compiler\ti-cgt-arm_5.2.5\lib\</path>
         <kind>archive</kind>
         <file>rtsv7M4_T_le_v4SPD16_eabi.lib</file>
         <name>strlen.obj</name>
      </input_file>
      <input_file id="fl-139">
         <path>C:\ti\ccsv6\tools\compiler\ti-cgt-arm_5.2.5\lib\</path>
         <kind>archive</kind>
         <file>rtsv7M4_T_le_v4SPD16_eabi.lib</file>
         <name>u_divt2.obj</name>
      </input_file>
      <input_file id="fl-13a">
         <path>C:\ti\ccsv6\tools\compiler\ti-cgt-arm_5.2.5\lib\</path>
         <kind>archive</kind>
         <file>rtsv7M4_T_le_v4SPD16_eabi.lib</file>
         <name>_lock.obj</name>
      </input_file>
      <input_file id="fl-13b">
         <path>C:\ti\ccsv6\tools\compiler\ti-cgt-arm_5.2.5\lib\</path>
         <kind>archive</kind>
         <file>rtsv7M4_T_le_v4SPD16_eabi.lib</file>
         <name>args_main.obj</name>
      </input_file>
      <input_file id="fl-13c">
         <path>C:\ti\ccsv6\tools\compiler\ti-cgt-arm_5.2.5\lib\</path>
         <kind>archive</kind>
         <file>rtsv7M4_T_le_v4SPD16_eabi.lib</file>
         <name>autoinit.obj</name>
      </input_file>
      <input_file id="fl-13d">
         <path>C:\ti\ccsv6\tools\compiler\ti-cgt-arm_5.2.5\lib\</path>
         <kind>archive</kind>
         <file>rtsv7M4_T_le_v4SPD16_eabi.lib</file>
         <name>cpy_tbl.obj</name>
      </input_file>
      <input_file id="fl-13e">
         <path>C:\ti\ccsv6\tools\compiler\ti-cgt-arm_5.2.5\lib\</path>
         <kind>archive</kind>
         <file>rtsv7M4_T_le_v4SPD16_eabi.lib</file>
         <name>i_div0.obj</name>
      </input_file>
      <input_file id="fl-13f">
         <path>C:\ti\TivaWare_C_Series-2.1.1.71\driverlib\ccs\Debug\</path>
         <kind>archive</kind>
         <file>driverlib.lib</file>
         <name>emac.obj</name>
      </input_file>
      <input_file id="fl-140">
         <path>C:\ti\TivaWare_C_Series-2.1.1.71\driverlib\ccs\Debug\</path>
         <kind>archive</kind>
         <file>driverlib.lib</file>
         <name>gpio.obj</name>
      </input_file>
      <input_file id="fl-141">
         <path>C:\ti\TivaWare_C_Series-2.1.1.71\driverlib\ccs\Debug\</path>
         <kind>archive</kind>
         <file>driverlib.lib</file>
         <name>interrupt.obj</name>
      </input_file>
      <input_file id="fl-142">
         <path>C:\ti\TivaWare_C_Series-2.1.1.71\driverlib\ccs\Debug\</path>
         <kind>archive</kind>
         <file>driverlib.lib</file>
         <name>pwm.obj</name>
      </input_file>
      <input_file id="fl-143">
         <path>C:\ti\TivaWare_C_Series-2.1.1.71\driverlib\ccs\Debug\</path>
         <kind>archive</kind>
         <file>driverlib.lib</file>
         <name>qei.obj</name>
      </input_file>
      <input_file id="fl-144">
         <path>C:\ti\TivaWare_C_Series-2.1.1.71\driverlib\ccs\Debug\</path>
         <kind>archive</kind>
         <file>driverlib.lib</file>
         <name>sw_crc.obj</name>
      </input_file>
      <input_file id="fl-145">
         <path>C:\ti\TivaWare_C_Series-2.1.1.71\driverlib\ccs\Debug\</path>
         <kind>archive</kind>
         <file>driverlib.lib</file>
         <name>sysctl.obj</name>
      </input_file>
      <input_file id="fl-146">
         <path>C:\ti\TivaWare_C_Series-2.1.1.71\driverlib\ccs\Debug\</path>
         <kind>archive</kind>
         <file>driverlib.lib</file>
         <name>timer.obj</name>
      </input_file>
      <input_file id="fl-147">
         <path>C:\ti\TivaWare_C_Series-2.1.1.71\driverlib\ccs\Debug\</path>
         <kind>archive</kind>
         <file>driverlib.lib</file>
         <name>cpu.obj</name>
      </input_file>
   </input_file_list>
   <object_component_list>
      <object_component id="oc-f">
         <name>.intvecs</name>
         <load_address>0x0</load_address>
         <run_address>0x0</run_address>
         <size>0x200</size>
         <input_file_ref idref="fl-4"/>
      </object_component>
      <object_component id="oc-e8">
         <name>.text:main</name>
         <load_address>0x200</load_address>
         <run_address>0x200</run_address>
         <size>0x2cc</size>
         <input_file_ref idref="fl-2"/>
      </object_component>
      <object_component id="oc-4ca">
         <name>.text:uvsnprintf</name>
         <load_address>0x4cc</load_address>
         <run_address>0x4cc</run_address>
         <size>0x24d</size>
         <input_file_ref idref="fl-7"/>
      </object_component>
      <object_component id="oc-36">
         <name>.text:FaultISR</name>
         <load_address>0x71a</load_address>
         <run_address>0x71a</run_address>
         <size>0x2</size>
         <input_file_ref idref="fl-4"/>
      </object_component>
      <object_component id="oc-1b1">
         <name>.text:PinoutSet</name>
         <load_address>0x71c</load_address>
         <run_address>0x71c</run_address>
         <size>0x214</size>
         <input_file_ref idref="fl-3"/>
      </object_component>
      <object_component id="oc-1ab">
         <name>.text:SysCtlClockFreqSet</name>
         <load_address>0x930</load_address>
         <run_address>0x930</run_address>
         <size>0x204</size>
         <input_file_ref idref="fl-145"/>
      </object_component>
      <object_component id="oc-2e3">
         <name>.text:UARTvprintf</name>
         <load_address>0xb34</load_address>
         <run_address>0xb34</run_address>
         <size>0x1ea</size>
         <input_file_ref idref="fl-6"/>
      </object_component>
      <object_component id="oc-3c">
         <name>.text:IntDefaultHandler</name>
         <load_address>0xd1e</load_address>
         <run_address>0xd1e</run_address>
         <size>0x2</size>
         <input_file_ref idref="fl-4"/>
      </object_component>
      <object_component id="oc-3bd">
         <name>.text:ip_input</name>
         <load_address>0xd20</load_address>
         <run_address>0xd20</run_address>
         <size>0x198</size>
         <input_file_ref idref="fl-5"/>
      </object_component>
      <object_component id="oc-4b6">
         <name>.text:udp_input</name>
         <load_address>0xeb8</load_address>
         <run_address>0xeb8</run_address>
         <size>0x194</size>
         <input_file_ref idref="fl-5"/>
      </object_component>
      <object_component id="oc-4bc">
         <name>.text:icmp_input</name>
         <load_address>0x104c</load_address>
         <run_address>0x104c</run_address>
         <size>0x184</size>
         <input_file_ref idref="fl-5"/>
      </object_component>
      <object_component id="oc-144">
         <name>.text:tivaif_receive</name>
         <load_address>0x11d0</load_address>
         <run_address>0x11d0</run_address>
         <size>0x140</size>
         <input_file_ref idref="fl-5"/>
      </object_component>
      <object_component id="oc-2ce">
         <name>.text:GPIOPadConfigSet</name>
         <load_address>0x1310</load_address>
         <run_address>0x1310</run_address>
         <size>0x130</size>
         <input_file_ref idref="fl-140"/>
      </object_component>
      <object_component id="oc-28e">
         <name>.text:pbuf_alloc</name>
         <load_address>0x1440</load_address>
         <run_address>0x1440</run_address>
         <size>0x12e</size>
         <input_file_ref idref="fl-5"/>
      </object_component>
      <object_component id="oc-30">
         <name>.text:NmiSR</name>
         <load_address>0x156e</load_address>
         <run_address>0x156e</run_address>
         <size>0x2</size>
         <input_file_ref idref="fl-4"/>
      </object_component>
      <object_component id="oc-3b1">
         <name>.text:etharp_arp_input</name>
         <load_address>0x1570</load_address>
         <run_address>0x1570</run_address>
         <size>0x124</size>
         <input_file_ref idref="fl-5"/>
      </object_component>
      <object_component id="oc-50d">
         <name>.text:etharp_output</name>
         <load_address>0x1694</load_address>
         <run_address>0x1694</run_address>
         <size>0x118</size>
         <input_file_ref idref="fl-5"/>
      </object_component>
      <object_component id="oc-5dd">
         <name>.text:etharp_query</name>
         <load_address>0x17ac</load_address>
         <run_address>0x17ac</run_address>
         <size>0x114</size>
         <input_file_ref idref="fl-5"/>
      </object_component>
      <object_component id="oc-513">
         <name>.text:tivaif_transmit</name>
         <load_address>0x18c0</load_address>
         <run_address>0x18c0</run_address>
         <size>0x100</size>
         <input_file_ref idref="fl-5"/>
      </object_component>
      <object_component id="oc-3ca">
         <name>.text:mem_malloc</name>
         <load_address>0x19c0</load_address>
         <run_address>0x19c0</run_address>
         <size>0xf4</size>
         <input_file_ref idref="fl-5"/>
      </object_component>
      <object_component id="oc-1c3">
         <name>.text:lwIPInit</name>
         <load_address>0x1ab4</load_address>
         <run_address>0x1ab4</run_address>
         <size>0xe4</size>
         <input_file_ref idref="fl-5"/>
      </object_component>
      <object_component id="oc-53d">
         <name>.text:mem_trim</name>
         <load_address>0x1b98</load_address>
         <run_address>0x1b98</run_address>
         <size>0xe4</size>
         <input_file_ref idref="fl-5"/>
      </object_component>
      <object_component id="oc-52f">
         <name>.text:etharp_find_entry</name>
         <load_address>0x1c7c</load_address>
         <run_address>0x1c7c</run_address>
         <size>0xe0</size>
         <input_file_ref idref="fl-5"/>
      </object_component>
      <object_component id="oc-472">
         <name>.text:udp_sendto_if</name>
         <load_address>0x1d5c</load_address>
         <run_address>0x1d5c</run_address>
         <size>0xc8</size>
         <input_file_ref idref="fl-5"/>
      </object_component>
      <object_component id="oc-5a0">
         <name>.text:InitDMADescriptors</name>
         <load_address>0x1e24</load_address>
         <run_address>0x1e24</run_address>
         <size>0xc4</size>
         <input_file_ref idref="fl-5"/>
      </object_component>
      <object_component id="oc-479">
         <name>.text:etharp_raw</name>
         <load_address>0x1ee8</load_address>
         <run_address>0x1ee8</run_address>
         <size>0xc4</size>
         <input_file_ref idref="fl-5"/>
      </object_component>
      <object_component id="oc-507">
         <name>.text:tivaif_hwinit</name>
         <load_address>0x1fac</load_address>
         <run_address>0x1fac</run_address>
         <size>0xbc</size>
         <input_file_ref idref="fl-5"/>
      </object_component>
      <object_component id="oc-14a">
         <name>.text:lwIPHostTimerHandler</name>
         <load_address>0x2068</load_address>
         <run_address>0x2068</run_address>
         <size>0xac</size>
         <input_file_ref idref="fl-2"/>
      </object_component>
      <object_component id="oc-288">
         <name>.text:ethernet_input</name>
         <load_address>0x2114</load_address>
         <run_address>0x2114</run_address>
         <size>0xa4</size>
         <input_file_ref idref="fl-5"/>
      </object_component>
      <object_component id="oc-524">
         <name>.text:ip_output_if</name>
         <load_address>0x21b8</load_address>
         <run_address>0x21b8</run_address>
         <size>0xa4</size>
         <input_file_ref idref="fl-5"/>
      </object_component>
      <object_component id="oc-57">
         <name>.text</name>
         <load_address>0x225c</load_address>
         <run_address>0x225c</run_address>
         <size>0x9c</size>
         <input_file_ref idref="fl-134"/>
      </object_component>
      <object_component id="oc-555">
         <name>.text:pbuf_copy</name>
         <load_address>0x22f8</load_address>
         <run_address>0x22f8</run_address>
         <size>0x92</size>
         <input_file_ref idref="fl-5"/>
      </object_component>
      <object_component id="oc-4dc">
         <name>.text</name>
         <load_address>0x238a</load_address>
         <run_address>0x238a</run_address>
         <size>0x2</size>
         <input_file_ref idref="fl-13e"/>
      </object_component>
      <object_component id="oc-1ca">
         <name>.text:SetupPWM</name>
         <load_address>0x238c</load_address>
         <run_address>0x238c</run_address>
         <size>0x8c</size>
         <input_file_ref idref="fl-2"/>
      </object_component>
      <object_component id="oc-218">
         <name>.text:SetPWMDuty</name>
         <load_address>0x2418</load_address>
         <run_address>0x2418</run_address>
         <size>0x84</size>
         <input_file_ref idref="fl-2"/>
      </object_component>
      <object_component id="oc-2fc">
         <name>.text:lwIPPrivateInit</name>
         <load_address>0x249c</load_address>
         <run_address>0x249c</run_address>
         <size>0x80</size>
         <input_file_ref idref="fl-5"/>
      </object_component>
      <object_component id="oc-138">
         <name>.text:tivaif_process_phy_interrupt</name>
         <load_address>0x251c</load_address>
         <run_address>0x251c</run_address>
         <size>0x7c</size>
         <input_file_ref idref="fl-5"/>
      </object_component>
      <object_component id="oc-70">
         <name>.text</name>
         <load_address>0x2598</load_address>
         <run_address>0x2598</run_address>
         <size>0x7a</size>
         <input_file_ref idref="fl-135"/>
      </object_component>
      <object_component id="oc-2f6">
         <name>.text:EMACInit</name>
         <load_address>0x2614</load_address>
         <run_address>0x2614</run_address>
         <size>0x78</size>
         <input_file_ref idref="fl-13f"/>
      </object_component>
      <object_component id="oc-490">
         <name>.text:etharp_update_arp_entry</name>
         <load_address>0x268c</load_address>
         <run_address>0x268c</run_address>
         <size>0x74</size>
         <input_file_ref idref="fl-5"/>
      </object_component>
      <object_component id="oc-4aa">
         <name>.text:raw_input</name>
         <load_address>0x2700</load_address>
         <run_address>0x2700</run_address>
         <size>0x74</size>
         <input_file_ref idref="fl-5"/>
      </object_component>
      <object_component id="oc-547">
         <name>.text:icmp_send_response</name>
         <load_address>0x2774</load_address>
         <run_address>0x2774</run_address>
         <size>0x6c</size>
         <input_file_ref idref="fl-5"/>
      </object_component>
      <object_component id="oc-4ee">
         <name>.text:memp_init</name>
         <load_address>0x27e0</load_address>
         <run_address>0x27e0</run_address>
         <size>0x6c</size>
         <input_file_ref idref="fl-5"/>
      </object_component>
      <object_component id="oc-82">
         <name>.text</name>
         <load_address>0x284c</load_address>
         <run_address>0x284c</run_address>
         <size>0x6c</size>
         <input_file_ref idref="fl-13c"/>
      </object_component>
      <object_component id="oc-63">
         <name>.text</name>
         <load_address>0x28b8</load_address>
         <run_address>0x28b8</run_address>
         <size>0x6a</size>
         <input_file_ref idref="fl-130"/>
      </object_component>
      <object_component id="oc-206">
         <name>.text:IntEnable</name>
         <load_address>0x2924</load_address>
         <run_address>0x2924</run_address>
         <size>0x68</size>
         <input_file_ref idref="fl-141"/>
      </object_component>
      <object_component id="oc-611">
         <name>.text:lwip_standard_chksum</name>
         <load_address>0x298c</load_address>
         <run_address>0x298c</run_address>
         <size>0x68</size>
         <input_file_ref idref="fl-5"/>
      </object_component>
      <object_component id="oc-573">
         <name>.text:sys_timeout</name>
         <load_address>0x29f4</load_address>
         <run_address>0x29f4</run_address>
         <size>0x68</size>
         <input_file_ref idref="fl-5"/>
      </object_component>
      <object_component id="oc-336">
         <name>.text:udp_bind</name>
         <load_address>0x2a5c</load_address>
         <run_address>0x2a5c</run_address>
         <size>0x68</size>
         <input_file_ref idref="fl-5"/>
      </object_component>
      <object_component id="oc-482">
         <name>.text:plug_holes</name>
         <load_address>0x2ac4</load_address>
         <run_address>0x2ac4</run_address>
         <size>0x64</size>
         <input_file_ref idref="fl-5"/>
      </object_component>
      <object_component id="oc-3b7">
         <name>.text:pbuf_header</name>
         <load_address>0x2b28</load_address>
         <run_address>0x2b28</run_address>
         <size>0x62</size>
         <input_file_ref idref="fl-5"/>
      </object_component>
      <object_component id="oc-1fa">
         <name>.text:TimerConfigure</name>
         <load_address>0x2b8c</load_address>
         <run_address>0x2b8c</run_address>
         <size>0x60</size>
         <input_file_ref idref="fl-146"/>
      </object_component>
      <object_component id="oc-2dc">
         <name>.text:UARTStdioConfig</name>
         <load_address>0x2bec</load_address>
         <run_address>0x2bec</run_address>
         <size>0x60</size>
         <input_file_ref idref="fl-6"/>
      </object_component>
      <object_component id="oc-39d">
         <name>.text:mem_free</name>
         <load_address>0x2c4c</load_address>
         <run_address>0x2c4c</run_address>
         <size>0x60</size>
         <input_file_ref idref="fl-5"/>
      </object_component>
      <object_component id="oc-1b7">
         <name>.text:ConfigureUART</name>
         <load_address>0x2cac</load_address>
         <run_address>0x2cac</run_address>
         <size>0x5c</size>
         <input_file_ref idref="fl-2"/>
      </object_component>
      <object_component id="oc-4e">
         <name>.text:lwIPEthernetIntHandler</name>
         <load_address>0x2d08</load_address>
         <run_address>0x2d08</run_address>
         <size>0x5c</size>
         <input_file_ref idref="fl-5"/>
      </object_component>
      <object_component id="oc-4e8">
         <name>.text:mem_init</name>
         <load_address>0x2d64</load_address>
         <run_address>0x2d64</run_address>
         <size>0x5c</size>
         <input_file_ref idref="fl-5"/>
      </object_component>
      <object_component id="oc-54f">
         <name>.text:inet_chksum_pbuf</name>
         <load_address>0x2dc0</load_address>
         <run_address>0x2dc0</run_address>
         <size>0x5a</size>
         <input_file_ref idref="fl-5"/>
      </object_component>
      <object_component id="oc-49e">
         <name>.text:pbuf_realloc</name>
         <load_address>0x2e1a</load_address>
         <run_address>0x2e1a</run_address>
         <size>0x5a</size>
         <input_file_ref idref="fl-5"/>
      </object_component>
      <object_component id="oc-2f0">
         <name>.text:EMACPHYConfigSet</name>
         <load_address>0x2e74</load_address>
         <run_address>0x2e74</run_address>
         <size>0x58</size>
         <input_file_ref idref="fl-13f"/>
      </object_component>
      <object_component id="oc-3c4">
         <name>.text:memp_malloc</name>
         <load_address>0x2ecc</load_address>
         <run_address>0x2ecc</run_address>
         <size>0x58</size>
         <input_file_ref idref="fl-5"/>
      </object_component>
      <object_component id="oc-1f4">
         <name>.text:udp_init_r</name>
         <load_address>0x2f24</load_address>
         <run_address>0x2f24</run_address>
         <size>0x54</size>
         <input_file_ref idref="fl-2"/>
      </object_component>
      <object_component id="oc-13e">
         <name>.text:tivaif_process_transmit</name>
         <load_address>0x2f78</load_address>
         <run_address>0x2f78</run_address>
         <size>0x52</size>
         <input_file_ref idref="fl-5"/>
      </object_component>
      <object_component id="oc-40c">
         <name>.text:SysCtlPeripheralReset</name>
         <load_address>0x2fcc</load_address>
         <run_address>0x2fcc</run_address>
         <size>0x50</size>
         <input_file_ref idref="fl-145"/>
      </object_component>
      <object_component id="oc-24">
         <name>.text</name>
         <load_address>0x301c</load_address>
         <run_address>0x301c</run_address>
         <size>0x50</size>
         <input_file_ref idref="fl-12e"/>
      </object_component>
      <object_component id="oc-27b">
         <name>.text:pbuf_free</name>
         <load_address>0x306c</load_address>
         <run_address>0x306c</run_address>
         <size>0x4e</size>
         <input_file_ref idref="fl-5"/>
      </object_component>
      <object_component id="oc-46c">
         <name>.text:ip_route</name>
         <load_address>0x30bc</load_address>
         <run_address>0x30bc</run_address>
         <size>0x4c</size>
         <input_file_ref idref="fl-5"/>
      </object_component>
      <object_component id="oc-42f">
         <name>.text:netif_add</name>
         <load_address>0x3108</load_address>
         <run_address>0x3108</run_address>
         <size>0x4c</size>
         <input_file_ref idref="fl-5"/>
      </object_component>
      <object_component id="oc-e0">
         <name>.text</name>
         <load_address>0x3154</load_address>
         <run_address>0x3154</run_address>
         <size>0x4c</size>
         <input_file_ref idref="fl-13d"/>
      </object_component>
      <object_component id="oc-ad">
         <name>.text:tivaif_interrupt</name>
         <load_address>0x31a0</load_address>
         <run_address>0x31a0</run_address>
         <size>0x4c</size>
         <input_file_ref idref="fl-5"/>
      </object_component>
      <object_component id="oc-455">
         <name>.text:udp_new_port</name>
         <load_address>0x31ec</load_address>
         <run_address>0x31ec</run_address>
         <size>0x4c</size>
         <input_file_ref idref="fl-5"/>
      </object_component>
      <object_component id="oc-1d6">
         <name>.text:GPIOPinConfigure</name>
         <load_address>0x3238</load_address>
         <run_address>0x3238</run_address>
         <size>0x48</size>
         <input_file_ref idref="fl-140"/>
      </object_component>
      <object_component id="oc-3fe">
         <name>.text:UARTwrite</name>
         <load_address>0x3280</load_address>
         <run_address>0x3280</run_address>
         <size>0x48</size>
         <input_file_ref idref="fl-6"/>
      </object_component>
      <object_component id="oc-2be">
         <name>.text:_SysCtlFrequencyGet</name>
         <load_address>0x32c8</load_address>
         <run_address>0x32c8</run_address>
         <size>0x48</size>
         <input_file_ref idref="fl-145"/>
      </object_component>
      <object_component id="oc-5d7">
         <name>.text:etharp_output_to_arp_index</name>
         <load_address>0x3310</load_address>
         <run_address>0x3310</run_address>
         <size>0x48</size>
         <input_file_ref idref="fl-5"/>
      </object_component>
      <object_component id="oc-5eb">
         <name>.text:tivaif_check_pbuf</name>
         <load_address>0x3358</load_address>
         <run_address>0x3358</run_address>
         <size>0x48</size>
         <input_file_ref idref="fl-5"/>
      </object_component>
      <object_component id="oc-60a">
         <name>.text:ip_output</name>
         <load_address>0x33a0</load_address>
         <run_address>0x33a0</run_address>
         <size>0x44</size>
         <input_file_ref idref="fl-5"/>
      </object_component>
      <object_component id="oc-8e">
         <name>.text</name>
         <load_address>0x33e4</load_address>
         <run_address>0x33e4</run_address>
         <size>0x44</size>
         <input_file_ref idref="fl-132"/>
      </object_component>
      <object_component id="oc-150">
         <name>.text:etharp_tmr</name>
         <load_address>0x3428</load_address>
         <run_address>0x3428</run_address>
         <size>0x40</size>
         <input_file_ref idref="fl-5"/>
      </object_component>
      <object_component id="oc-404">
         <name>.text</name>
         <load_address>0x3468</load_address>
         <run_address>0x3468</run_address>
         <size>0x40</size>
         <input_file_ref idref="fl-139"/>
      </object_component>
      <object_component id="oc-b3">
         <name>.text:lwIPServiceTimers</name>
         <load_address>0x34a8</load_address>
         <run_address>0x34a8</run_address>
         <size>0x3c</size>
         <input_file_ref idref="fl-5"/>
      </object_component>
      <object_component id="oc-224">
         <name>.text:udp_send_data</name>
         <load_address>0x34e4</load_address>
         <run_address>0x34e4</run_address>
         <size>0x3c</size>
         <input_file_ref idref="fl-2"/>
      </object_component>
      <object_component id="oc-5ca">
         <name>.text:EMACIntEnable</name>
         <load_address>0x3520</load_address>
         <run_address>0x3520</run_address>
         <size>0x3a</size>
         <input_file_ref idref="fl-13f"/>
      </object_component>
      <object_component id="oc-29d">
         <name>.text:DisplayIPAddress</name>
         <load_address>0x355c</load_address>
         <run_address>0x355c</run_address>
         <size>0x38</size>
         <input_file_ref idref="fl-2"/>
      </object_component>
      <object_component id="oc-26e">
         <name>.text:EMACConfigGet</name>
         <load_address>0x3594</load_address>
         <run_address>0x3594</run_address>
         <size>0x38</size>
         <input_file_ref idref="fl-13f"/>
      </object_component>
      <object_component id="oc-412">
         <name>.text:SysCtlPeripheralReady</name>
         <load_address>0x35cc</load_address>
         <run_address>0x35cc</run_address>
         <size>0x38</size>
         <input_file_ref idref="fl-145"/>
      </object_component>
      <object_component id="oc-3a3">
         <name>.text:memp_free</name>
         <load_address>0x3604</load_address>
         <run_address>0x3604</run_address>
         <size>0x38</size>
         <input_file_ref idref="fl-5"/>
      </object_component>
      <object_component id="oc-376">
         <name>.text:udp_sendto</name>
         <load_address>0x363c</load_address>
         <run_address>0x363c</run_address>
         <size>0x38</size>
         <input_file_ref idref="fl-5"/>
      </object_component>
      <object_component id="oc-274">
         <name>.text:EMACConfigSet</name>
         <load_address>0x3674</load_address>
         <run_address>0x3674</run_address>
         <size>0x34</size>
         <input_file_ref idref="fl-13f"/>
      </object_component>
      <object_component id="oc-5b8">
         <name>.text:EMACIntClear</name>
         <load_address>0x36a8</load_address>
         <run_address>0x36a8</run_address>
         <size>0x34</size>
         <input_file_ref idref="fl-13f"/>
      </object_component>
      <object_component id="oc-1d0">
         <name>.text:SysCtlPeripheralEnable</name>
         <load_address>0x36dc</load_address>
         <run_address>0x36dc</run_address>
         <size>0x34</size>
         <input_file_ref idref="fl-145"/>
      </object_component>
      <object_component id="oc-441">
         <name>.text:tivaif_init</name>
         <load_address>0x3710</load_address>
         <run_address>0x3710</run_address>
         <size>0x34</size>
         <input_file_ref idref="fl-5"/>
      </object_component>
      <object_component id="oc-4a4">
         <name>.text:ip4_addr_isbroadcast</name>
         <load_address>0x3744</load_address>
         <run_address>0x3744</run_address>
         <size>0x32</size>
         <input_file_ref idref="fl-5"/>
      </object_component>
      <object_component id="oc-5b2">
         <name>.text:EMACIntStatus</name>
         <load_address>0x3776</load_address>
         <run_address>0x3776</run_address>
         <size>0x2c</size>
         <input_file_ref idref="fl-13f"/>
      </object_component>
      <object_component id="oc-388">
         <name>.text:etharp_request</name>
         <load_address>0x37a4</load_address>
         <run_address>0x37a4</run_address>
         <size>0x2c</size>
         <input_file_ref idref="fl-5"/>
      </object_component>
      <object_component id="oc-325">
         <name>.text:GPIODirModeSet</name>
         <load_address>0x37d0</load_address>
         <run_address>0x37d0</run_address>
         <size>0x2a</size>
         <input_file_ref idref="fl-140"/>
      </object_component>
      <object_component id="oc-55c">
         <name>.text:ustrncpy</name>
         <load_address>0x37fa</load_address>
         <run_address>0x37fa</run_address>
         <size>0x2a</size>
         <input_file_ref idref="fl-7"/>
      </object_component>
      <object_component id="oc-48">
         <name>.text:Timer0IntHandler</name>
         <load_address>0x3824</load_address>
         <run_address>0x3824</run_address>
         <size>0x28</size>
         <input_file_ref idref="fl-2"/>
      </object_component>
      <object_component id="oc-282">
         <name>.text:pbuf_cat</name>
         <load_address>0x384c</load_address>
         <run_address>0x384c</run_address>
         <size>0x28</size>
         <input_file_ref idref="fl-5"/>
      </object_component>
      <object_component id="oc-345">
         <name>.text:udp_receive_data</name>
         <load_address>0x3874</load_address>
         <run_address>0x3874</run_address>
         <size>0x28</size>
         <input_file_ref idref="fl-2"/>
      </object_component>
      <object_component id="oc-25c">
         <name>.text:EMACPHYRead</name>
         <load_address>0x389c</load_address>
         <run_address>0x389c</run_address>
         <size>0x26</size>
         <input_file_ref idref="fl-13f"/>
      </object_component>
      <object_component id="oc-5a6">
         <name>.text:EMACPHYWrite</name>
         <load_address>0x38c2</load_address>
         <run_address>0x38c2</run_address>
         <size>0x26</size>
         <input_file_ref idref="fl-13f"/>
      </object_component>
      <object_component id="oc-2a5">
         <name>.text:etharp_free_entry</name>
         <load_address>0x38e8</load_address>
         <run_address>0x38e8</run_address>
         <size>0x24</size>
         <input_file_ref idref="fl-5"/>
      </object_component>
      <object_component id="oc-268">
         <name>.text:netif_set_link_up</name>
         <load_address>0x390c</load_address>
         <run_address>0x390c</run_address>
         <size>0x24</size>
         <input_file_ref idref="fl-5"/>
      </object_component>
      <object_component id="oc-43b">
         <name>.text:netif_set_up</name>
         <load_address>0x3930</load_address>
         <run_address>0x3930</run_address>
         <size>0x24</size>
         <input_file_ref idref="fl-5"/>
      </object_component>
      <object_component id="oc-312">
         <name>.text:PWMGenConfigure</name>
         <load_address>0x3954</load_address>
         <run_address>0x3954</run_address>
         <size>0x22</size>
         <input_file_ref idref="fl-142"/>
      </object_component>
      <object_component id="oc-3ab">
         <name>.text</name>
         <load_address>0x3976</load_address>
         <run_address>0x3976</run_address>
         <size>0x22</size>
         <input_file_ref idref="fl-133"/>
      </object_component>
      <object_component id="oc-535">
         <name>.text:etharp_send_ip</name>
         <load_address>0x3998</load_address>
         <run_address>0x3998</run_address>
         <size>0x20</size>
         <input_file_ref idref="fl-5"/>
      </object_component>
      <object_component id="oc-9c">
         <name>.text:lwIPTimer</name>
         <load_address>0x39b8</load_address>
         <run_address>0x39b8</run_address>
         <size>0x20</size>
         <input_file_ref idref="fl-5"/>
      </object_component>
      <object_component id="oc-4f4">
         <name>.text:sys_timeouts_init</name>
         <load_address>0x39d8</load_address>
         <run_address>0x39d8</run_address>
         <size>0x20</size>
         <input_file_ref idref="fl-5"/>
      </object_component>
      <object_component id="oc-3d4">
         <name>.text:usprintf</name>
         <load_address>0x39f8</load_address>
         <run_address>0x39f8</run_address>
         <size>0x20</size>
         <input_file_ref idref="fl-7"/>
      </object_component>
      <object_component id="oc-59a">
         <name>.text:EMACAddrGet</name>
         <load_address>0x3a18</load_address>
         <run_address>0x3a18</run_address>
         <size>0x1e</size>
         <input_file_ref idref="fl-13f"/>
      </object_component>
      <object_component id="oc-35c">
         <name>.text:PWMPulseWidthSet</name>
         <load_address>0x3a36</load_address>
         <run_address>0x3a36</run_address>
         <size>0x1e</size>
         <input_file_ref idref="fl-142"/>
      </object_component>
      <object_component id="oc-2b8">
         <name>.text:_SysCtlMemTimingGet</name>
         <load_address>0x3a54</load_address>
         <run_address>0x3a54</run_address>
         <size>0x1c</size>
         <input_file_ref idref="fl-145"/>
      </object_component>
      <object_component id="oc-330">
         <name>.text:udp_new</name>
         <load_address>0x3a70</load_address>
         <run_address>0x3a70</run_address>
         <size>0x1c</size>
         <input_file_ref idref="fl-5"/>
      </object_component>
      <object_component id="oc-1bd">
         <name>.text:UARTprintf</name>
         <load_address>0x3a8c</load_address>
         <run_address>0x3a8c</run_address>
         <size>0x1a</size>
         <input_file_ref idref="fl-6"/>
      </object_component>
      <object_component id="oc-429">
         <name>.text:lwip_htonl</name>
         <load_address>0x3aa6</load_address>
         <run_address>0x3aa6</run_address>
         <size>0x1a</size>
         <input_file_ref idref="fl-5"/>
      </object_component>
      <object_component id="oc-57f">
         <name>.text:arp_timer</name>
         <load_address>0x3ac0</load_address>
         <run_address>0x3ac0</run_address>
         <size>0x18</size>
         <input_file_ref idref="fl-5"/>
      </object_component>
      <object_component id="oc-88">
         <name>.text</name>
         <load_address>0x3ad8</load_address>
         <run_address>0x3ad8</run_address>
         <size>0x18</size>
         <input_file_ref idref="fl-13b"/>
      </object_component>
      <object_component id="oc-418">
         <name>.text:EMACReset</name>
         <load_address>0x3af0</load_address>
         <run_address>0x3af0</run_address>
         <size>0x16</size>
         <input_file_ref idref="fl-13f"/>
      </object_component>
      <object_component id="oc-5c4">
         <name>.text:EMACRxEnable</name>
         <load_address>0x3b06</load_address>
         <run_address>0x3b06</run_address>
         <size>0x16</size>
         <input_file_ref idref="fl-13f"/>
      </object_component>
      <object_component id="oc-5be">
         <name>.text:EMACTxEnable</name>
         <load_address>0x3b1c</load_address>
         <run_address>0x3b1c</run_address>
         <size>0x16</size>
         <input_file_ref idref="fl-13f"/>
      </object_component>
      <object_component id="oc-5e5">
         <name>.text:pbuf_ref</name>
         <load_address>0x3b32</load_address>
         <run_address>0x3b32</run_address>
         <size>0x16</size>
         <input_file_ref idref="fl-5"/>
      </object_component>
      <object_component id="oc-306">
         <name>.text:SysCtlPWMClockSet</name>
         <load_address>0x3b48</load_address>
         <run_address>0x3b48</run_address>
         <size>0x14</size>
         <input_file_ref idref="fl-145"/>
      </object_component>
      <object_component id="oc-4fc">
         <name>.text:netif_set_addr</name>
         <load_address>0x3b5c</load_address>
         <run_address>0x3b5c</run_address>
         <size>0x14</size>
         <input_file_ref idref="fl-5"/>
      </object_component>
      <object_component id="oc-23e">
         <name>.text</name>
         <load_address>0x3b70</load_address>
         <run_address>0x3b70</run_address>
         <size>0x14</size>
         <input_file_ref idref="fl-13a"/>
      </object_component>
      <object_component id="oc-397">
         <name>.text:sys_arch_unprotect</name>
         <load_address>0x3b84</load_address>
         <run_address>0x3b84</run_address>
         <size>0x14</size>
         <input_file_ref idref="fl-5"/>
      </object_component>
      <object_component id="oc-2d4">
         <name>.text:GPIOPinTypeEthernetLED</name>
         <load_address>0x3b98</load_address>
         <run_address>0x3b98</run_address>
         <size>0x12</size>
         <input_file_ref idref="fl-140"/>
      </object_component>
      <object_component id="oc-30c">
         <name>.text:GPIOPinTypePWM</name>
         <load_address>0x3baa</load_address>
         <run_address>0x3baa</run_address>
         <size>0x12</size>
         <input_file_ref idref="fl-140"/>
      </object_component>
      <object_component id="oc-1dc">
         <name>.text:GPIOPinTypeQEI</name>
         <load_address>0x3bbc</load_address>
         <run_address>0x3bbc</run_address>
         <size>0x12</size>
         <input_file_ref idref="fl-140"/>
      </object_component>
      <object_component id="oc-356">
         <name>.text:PWMGenPeriodGet</name>
         <load_address>0x3bce</load_address>
         <run_address>0x3bce</run_address>
         <size>0x12</size>
         <input_file_ref idref="fl-142"/>
      </object_component>
      <object_component id="oc-362">
         <name>.text:PWMOutputState</name>
         <load_address>0x3be0</load_address>
         <run_address>0x3be0</run_address>
         <size>0x12</size>
         <input_file_ref idref="fl-142"/>
      </object_component>
      <object_component id="oc-200">
         <name>.text:TimerLoadSet</name>
         <load_address>0x3bf2</load_address>
         <run_address>0x3bf2</run_address>
         <size>0x12</size>
         <input_file_ref idref="fl-146"/>
      </object_component>
      <object_component id="oc-262">
         <name>.text:netif_set_link_down</name>
         <load_address>0x3c04</load_address>
         <run_address>0x3c04</run_address>
         <size>0x12</size>
         <input_file_ref idref="fl-5"/>
      </object_component>
      <object_component id="oc-5f1">
         <name>.text:pbuf_clen</name>
         <load_address>0x3c16</load_address>
         <run_address>0x3c16</run_address>
         <size>0x12</size>
         <input_file_ref idref="fl-5"/>
      </object_component>
      <object_component id="oc-5ac">
         <name>.text:EMACFrameFilterSet</name>
         <load_address>0x3c28</load_address>
         <run_address>0x3c28</run_address>
         <size>0x10</size>
         <input_file_ref idref="fl-13f"/>
      </object_component>
      <object_component id="oc-5d0">
         <name>.text:IntMasterEnable</name>
         <load_address>0x3c38</load_address>
         <run_address>0x3c38</run_address>
         <size>0x10</size>
         <input_file_ref idref="fl-141"/>
      </object_component>
      <object_component id="oc-318">
         <name>.text:PWMGenPeriodSet</name>
         <load_address>0x3c48</load_address>
         <run_address>0x3c48</run_address>
         <size>0x10</size>
         <input_file_ref idref="fl-142"/>
      </object_component>
      <object_component id="oc-604">
         <name>.text:inet_chksum</name>
         <load_address>0x3c58</load_address>
         <run_address>0x3c58</run_address>
         <size>0x10</size>
         <input_file_ref idref="fl-5"/>
      </object_component>
      <object_component id="oc-423">
         <name>.text:lwip_init</name>
         <load_address>0x3c68</load_address>
         <run_address>0x3c68</run_address>
         <size>0x10</size>
         <input_file_ref idref="fl-5"/>
      </object_component>
      <object_component id="oc-51e">
         <name>.text:pbuf_chain</name>
         <load_address>0x3c78</load_address>
         <run_address>0x3c78</run_address>
         <size>0x10</size>
         <input_file_ref idref="fl-5"/>
      </object_component>
      <object_component id="oc-391">
         <name>.text:sys_arch_protect</name>
         <load_address>0x3c88</load_address>
         <run_address>0x3c88</run_address>
         <size>0x10</size>
         <input_file_ref idref="fl-5"/>
      </object_component>
      <object_component id="oc-1e2">
         <name>.text:QEIConfigure</name>
         <load_address>0x3c98</load_address>
         <run_address>0x3c98</run_address>
         <size>0xe</size>
         <input_file_ref idref="fl-143"/>
      </object_component>
      <object_component id="oc-212">
         <name>.text:TimerEnable</name>
         <load_address>0x3ca6</load_address>
         <run_address>0x3ca6</run_address>
         <size>0xe</size>
         <input_file_ref idref="fl-146"/>
      </object_component>
      <object_component id="oc-12">
         <name>.text:decompress:none</name>
         <load_address>0x3cb4</load_address>
         <run_address>0x3cb4</run_address>
         <size>0xe</size>
         <input_file_ref idref="fl-12f"/>
      </object_component>
      <object_component id="oc-63a">
         <name>.text:CPUcpsie</name>
         <load_address>0x3cc2</load_address>
         <run_address>0x3cc2</run_address>
         <size>0xc</size>
         <input_file_ref idref="fl-147"/>
      </object_component>
      <object_component id="oc-36e">
         <name>.text:PWMGenDisable</name>
         <load_address>0x3cce</load_address>
         <run_address>0x3cce</run_address>
         <size>0xc</size>
         <input_file_ref idref="fl-142"/>
      </object_component>
      <object_component id="oc-368">
         <name>.text:PWMGenEnable</name>
         <load_address>0x3cda</load_address>
         <run_address>0x3cda</run_address>
         <size>0xc</size>
         <input_file_ref idref="fl-142"/>
      </object_component>
      <object_component id="oc-1a5">
         <name>.text:SysCtlMOSCConfigSet</name>
         <load_address>0x3ce8</load_address>
         <run_address>0x3ce8</run_address>
         <size>0xc</size>
         <input_file_ref idref="fl-145"/>
      </object_component>
      <object_component id="oc-1e">
         <name>.text:decompress:ZI</name>
         <load_address>0x3cf4</load_address>
         <run_address>0x3cf4</run_address>
         <size>0xc</size>
         <input_file_ref idref="fl-131"/>
      </object_component>
      <object_component id="oc-297">
         <name>.text:lwIPLocalIPAddrGet</name>
         <load_address>0x3d00</load_address>
         <run_address>0x3d00</run_address>
         <size>0xc</size>
         <input_file_ref idref="fl-5"/>
      </object_component>
      <object_component id="oc-496">
         <name>.text:lwip_htons</name>
         <load_address>0x3d0c</load_address>
         <run_address>0x3d0c</run_address>
         <size>0xc</size>
         <input_file_ref idref="fl-5"/>
      </object_component>
      <object_component id="oc-435">
         <name>.text:netif_set_default</name>
         <load_address>0x3d18</load_address>
         <run_address>0x3d18</run_address>
         <size>0xc</size>
         <input_file_ref idref="fl-5"/>
      </object_component>
      <object_component id="oc-593">
         <name>.text:netif_set_gw</name>
         <load_address>0x3d24</load_address>
         <run_address>0x3d24</run_address>
         <size>0xc</size>
         <input_file_ref idref="fl-5"/>
      </object_component>
      <object_component id="oc-587">
         <name>.text:netif_set_ipaddr</name>
         <load_address>0x3d30</load_address>
         <run_address>0x3d30</run_address>
         <size>0xc</size>
         <input_file_ref idref="fl-5"/>
      </object_component>
      <object_component id="oc-58d">
         <name>.text:netif_set_netmask</name>
         <load_address>0x3d3c</load_address>
         <run_address>0x3d3c</run_address>
         <size>0xc</size>
         <input_file_ref idref="fl-5"/>
      </object_component>
      <object_component id="oc-579">
         <name>.text:sys_now</name>
         <load_address>0x3d48</load_address>
         <run_address>0x3d48</run_address>
         <size>0xc</size>
         <input_file_ref idref="fl-5"/>
      </object_component>
      <object_component id="oc-1e8">
         <name>.text:QEIEnable</name>
         <load_address>0x3d54</load_address>
         <run_address>0x3d54</run_address>
         <size>0xa</size>
         <input_file_ref idref="fl-143"/>
      </object_component>
      <object_component id="oc-5f7">
         <name>.text:EMACTxDMAPollDemand</name>
         <load_address>0x3d5e</load_address>
         <run_address>0x3d5e</run_address>
         <size>0x8</size>
         <input_file_ref idref="fl-13f"/>
      </object_component>
      <object_component id="oc-20c">
         <name>.text:TimerIntEnable</name>
         <load_address>0x3d66</load_address>
         <run_address>0x3d66</run_address>
         <size>0x8</size>
         <input_file_ref idref="fl-146"/>
      </object_component>
      <object_component id="oc-4b0">
         <name>.text:icmp_dest_unreach</name>
         <load_address>0x3d6e</load_address>
         <run_address>0x3d6e</run_address>
         <size>0x8</size>
         <input_file_ref idref="fl-5"/>
      </object_component>
      <object_component id="oc-626">
         <name>.text:EMACRxDMADescriptorListSet</name>
         <load_address>0x3d76</load_address>
         <run_address>0x3d76</run_address>
         <size>0x6</size>
         <input_file_ref idref="fl-13f"/>
      </object_component>
      <object_component id="oc-a7">
         <name>.text:EMACTimestampIntStatus</name>
         <load_address>0x3d7c</load_address>
         <run_address>0x3d7c</run_address>
         <size>0x6</size>
         <input_file_ref idref="fl-13f"/>
      </object_component>
      <object_component id="oc-62c">
         <name>.text:EMACTxDMADescriptorListSet</name>
         <load_address>0x3d82</load_address>
         <run_address>0x3d82</run_address>
         <size>0x6</size>
         <input_file_ref idref="fl-13f"/>
      </object_component>
      <object_component id="oc-2a">
         <name>.text:ResetISR</name>
         <load_address>0x3d88</load_address>
         <run_address>0x3d88</run_address>
         <size>0x6</size>
         <input_file_ref idref="fl-4"/>
      </object_component>
      <object_component id="oc-1c9">
         <name>.text:SysCtlDelay</name>
         <load_address>0x3d8e</load_address>
         <run_address>0x3d8e</run_address>
         <size>0x6</size>
         <input_file_ref idref="fl-145"/>
      </object_component>
      <object_component id="oc-42">
         <name>.text:SysTickIntHandler</name>
         <load_address>0x3d94</load_address>
         <run_address>0x3d94</run_address>
         <size>0x6</size>
         <input_file_ref idref="fl-2"/>
      </object_component>
      <object_component id="oc-18">
         <name>.text:decompress:rle24</name>
         <load_address>0x3d9a</load_address>
         <run_address>0x3d9a</run_address>
         <size>0x6</size>
         <input_file_ref idref="fl-130"/>
      </object_component>
      <object_component id="oc-33c">
         <name>.text:udp_recv</name>
         <load_address>0x3da0</load_address>
         <run_address>0x3da0</run_address>
         <size>0x6</size>
         <input_file_ref idref="fl-5"/>
      </object_component>
      <object_component id="oc-21e">
         <name>.text:QEIPositionGet</name>
         <load_address>0x3da6</load_address>
         <run_address>0x3da6</run_address>
         <size>0x4</size>
         <input_file_ref idref="fl-143"/>
      </object_component>
      <object_component id="oc-1ee">
         <name>.text:QEIPositionSet</name>
         <load_address>0x3daa</load_address>
         <run_address>0x3daa</run_address>
         <size>0x4</size>
         <input_file_ref idref="fl-143"/>
      </object_component>
      <object_component id="oc-7c">
         <name>.text</name>
         <load_address>0x3dae</load_address>
         <run_address>0x3dae</run_address>
         <size>0x4</size>
         <input_file_ref idref="fl-136"/>
      </object_component>
      <object_component id="oc-2c7">
         <name>.const:g_pppui32XTALtoVCO</name>
         <load_address>0x3db4</load_address>
         <run_address>0x3db4</run_address>
         <size>0x120</size>
         <input_file_ref idref="fl-145"/>
      </object_component>
      <object_component id="oc-320">
         <name>.const:g_pui32GPIOBaseAddrs</name>
         <load_address>0x3ed4</load_address>
         <run_address>0x3ed4</run_address>
         <size>0x90</size>
         <input_file_ref idref="fl-140"/>
      </object_component>
      <object_component id="oc-34f">
         <name>.const</name>
         <load_address>0x3f64</load_address>
         <run_address>0x3f64</run_address>
         <size>0x70</size>
         <input_file_ref idref="fl-141"/>
      </object_component>
      <object_component id="oc-2c4">
         <name>.const:g_pui32Xtals</name>
         <load_address>0x3fd4</load_address>
         <run_address>0x3fd4</run_address>
         <size>0x6c</size>
         <input_file_ref idref="fl-145"/>
      </object_component>
      <object_component id="oc-3e5">
         <name>.const:g_sXTALtoMEMTIM</name>
         <load_address>0x4040</load_address>
         <run_address>0x4040</run_address>
         <size>0x30</size>
         <input_file_ref idref="fl-145"/>
      </object_component>
      <object_component id="oc-342">
         <name>.const</name>
         <load_address>0x4070</load_address>
         <run_address>0x4070</run_address>
         <size>0x28</size>
         <input_file_ref idref="fl-5"/>
      </object_component>
      <object_component id="oc-3f4">
         <name>.const</name>
         <load_address>0x4098</load_address>
         <run_address>0x4098</run_address>
         <size>0x1c</size>
         <input_file_ref idref="fl-6"/>
      </object_component>
      <object_component id="oc-41f">
         <name>.const</name>
         <load_address>0x40b4</load_address>
         <run_address>0x40b4</run_address>
         <size>0x18</size>
         <input_file_ref idref="fl-13f"/>
      </object_component>
      <object_component id="oc-4d4">
         <name>.const:.string</name>
         <load_address>0x40cc</load_address>
         <run_address>0x40cc</run_address>
         <size>0x12</size>
         <input_file_ref idref="fl-6"/>
      </object_component>
      <object_component id="oc-2ca">
         <name>.const</name>
         <load_address>0x40e0</load_address>
         <run_address>0x40e0</run_address>
         <size>0x8</size>
         <input_file_ref idref="fl-145"/>
      </object_component>
      <object_component id="oc-670">
         <name>.cinit..data.load</name>
         <load_address>0x40e8</load_address>
         <run_address>0x40e8</run_address>
         <size>0x2e</size>
      </object_component>
      <object_component id="oc-66e">
         <name>__TI_handler_table</name>
         <load_address>0x4118</load_address>
         <run_address>0x4118</run_address>
         <size>0xc</size>
      </object_component>
      <object_component id="oc-671">
         <name>.cinit..bss.load</name>
         <load_address>0x4128</load_address>
         <run_address>0x4128</run_address>
         <size>0x8</size>
      </object_component>
      <object_component id="oc-66f">
         <name>__TI_cinit_table</name>
         <load_address>0x4130</load_address>
         <run_address>0x4130</run_address>
         <size>0x10</size>
      </object_component>
      <object_component id="oc-29">
         <name>.stack</name>
         <uninitialized>true</uninitialized>
         <run_address>0x20016fe8</run_address>
         <size>0x0</size>
         <input_file_ref idref="fl-12e"/>
      </object_component>
      <object_component id="oc-672">
         <name>.stack</name>
         <uninitialized>true</uninitialized>
         <run_address>0x20016fe8</run_address>
         <size>0x0</size>
      </object_component>
      <object_component id="oc-56b">
         <name>.bss:ram_heap</name>
         <uninitialized>true</uninitialized>
         <run_address>0x20000000</run_address>
         <size>0x1001c</size>
         <input_file_ref idref="fl-5"/>
      </object_component>
      <object_component id="oc-56f">
         <name>.bss:memp_memory</name>
         <uninitialized>true</uninitialized>
         <run_address>0x2001001c</run_address>
         <size>0x68f4</size>
         <input_file_ref idref="fl-5"/>
      </object_component>
      <object_component id="oc-294">
         <name>.bss:lwip_stats</name>
         <uninitialized>true</uninitialized>
         <run_address>0x20016d90</run_address>
         <size>0xd8</size>
         <input_file_ref idref="fl-5"/>
      </object_component>
      <object_component id="oc-2ab">
         <name>.bss:arp_table</name>
         <uninitialized>true</uninitialized>
         <run_address>0x20016e68</run_address>
         <size>0xc8</size>
         <input_file_ref idref="fl-5"/>
      </object_component>
      <object_component id="oc-24c">
         <name>.bss:g_pTxDescriptors</name>
         <uninitialized>true</uninitialized>
         <run_address>0x20016910</run_address>
         <size>0x360</size>
         <input_file_ref idref="fl-5"/>
      </object_component>
      <object_component id="oc-24f">
         <name>.bss:g_pRxDescriptors</name>
         <uninitialized>true</uninitialized>
         <run_address>0x20016c70</run_address>
         <size>0x120</size>
         <input_file_ref idref="fl-5"/>
      </object_component>
      <object_component id="oc-bc">
         <name>.bss:g_sNetIF</name>
         <uninitialized>true</uninitialized>
         <run_address>0x20016f30</run_address>
         <size>0x30</size>
         <input_file_ref idref="fl-5"/>
      </object_component>
      <object_component id="oc-2a3">
         <name>.common:g_ui32IPAddress</name>
         <uninitialized>true</uninitialized>
         <run_address>0x20016fac</run_address>
         <size>0x4</size>
      </object_component>
      <object_component id="oc-235">
         <name>.common:g_ui32SysClock</name>
         <uninitialized>true</uninitialized>
         <run_address>0x20016fb8</run_address>
         <size>0x4</size>
      </object_component>
      <object_component id="oc-234">
         <name>.common:Rpcb</name>
         <uninitialized>true</uninitialized>
         <run_address>0x20016f74</run_address>
         <size>0x4</size>
      </object_component>
      <object_component id="oc-233">
         <name>.common:controller_ip</name>
         <uninitialized>true</uninitialized>
         <run_address>0x20016f7c</run_address>
         <size>0x4</size>
      </object_component>
      <object_component id="oc-230">
         <name>.common:board_ip</name>
         <uninitialized>true</uninitialized>
         <run_address>0x20016f78</run_address>
         <size>0x4</size>
      </object_component>
      <object_component id="oc-22f">
         <name>.common:device_ip</name>
         <uninitialized>true</uninitialized>
         <run_address>0x20016f94</run_address>
         <size>0x4</size>
      </object_component>
      <object_component id="oc-231">
         <name>.common:device_subnet</name>
         <uninitialized>true</uninitialized>
         <run_address>0x20016f98</run_address>
         <size>0x4</size>
      </object_component>
      <object_component id="oc-232">
         <name>.common:device_gateway</name>
         <uninitialized>true</uninitialized>
         <run_address>0x20016f90</run_address>
         <size>0x4</size>
      </object_component>
      <object_component id="oc-a3">
         <name>.common:sendEncoder</name>
         <uninitialized>true</uninitialized>
         <run_address>0x20016fe5</run_address>
         <size>0x1</size>
      </object_component>
      <object_component id="oc-22a">
         <name>.common:setPWMvalue</name>
         <uninitialized>true</uninitialized>
         <run_address>0x20016fe6</run_address>
         <size>0x1</size>
      </object_component>
      <object_component id="oc-22b">
         <name>.common:pwmValue</name>
         <uninitialized>true</uninitialized>
         <run_address>0x20016fe4</run_address>
         <size>0x1</size>
      </object_component>
      <object_component id="oc-488">
         <name>.common:ram</name>
         <uninitialized>true</uninitialized>
         <run_address>0x20016fcc</run_address>
         <size>0x4</size>
      </object_component>
      <object_component id="oc-489">
         <name>.common:ram_end</name>
         <uninitialized>true</uninitialized>
         <run_address>0x20016fd0</run_address>
         <size>0x4</size>
      </object_component>
      <object_component id="oc-48a">
         <name>.common:lfree</name>
         <uninitialized>true</uninitialized>
         <run_address>0x20016fbc</run_address>
         <size>0x4</size>
      </object_component>
      <object_component id="oc-48c">
         <name>.common:memp_tab</name>
         <uninitialized>true</uninitialized>
         <run_address>0x20016f60</run_address>
         <size>0x14</size>
      </object_component>
      <object_component id="oc-502">
         <name>.common:netif_num</name>
         <uninitialized>true</uninitialized>
         <run_address>0x20016fe3</run_address>
         <size>0x1</size>
      </object_component>
      <object_component id="oc-545">
         <name>.common:raw_pcbs</name>
         <uninitialized>true</uninitialized>
         <run_address>0x20016fd4</run_address>
         <size>0x4</size>
      </object_component>
      <object_component id="oc-61e">
         <name>.common:next_timeout</name>
         <uninitialized>true</uninitialized>
         <run_address>0x20016fc8</run_address>
         <size>0x4</size>
      </object_component>
      <object_component id="oc-585">
         <name>.common:timeouts_last_time</name>
         <uninitialized>true</uninitialized>
         <run_address>0x20016fd8</run_address>
         <size>0x4</size>
      </object_component>
      <object_component id="oc-5ff">
         <name>.common:ip_id</name>
         <uninitialized>true</uninitialized>
         <run_address>0x20016fe0</run_address>
         <size>0x2</size>
      </object_component>
      <object_component id="oc-5e3">
         <name>.common:etharp_cached_entry</name>
         <uninitialized>true</uninitialized>
         <run_address>0x20016fe2</run_address>
         <size>0x1</size>
      </object_component>
      <object_component id="oc-304">
         <name>.common:g_ui32IPAddr</name>
         <uninitialized>true</uninitialized>
         <run_address>0x20016fa8</run_address>
         <size>0x4</size>
      </object_component>
      <object_component id="oc-302">
         <name>.common:g_ui32NetMask</name>
         <uninitialized>true</uninitialized>
         <run_address>0x20016fb0</run_address>
         <size>0x4</size>
      </object_component>
      <object_component id="oc-303">
         <name>.common:g_ui32GWAddr</name>
         <uninitialized>true</uninitialized>
         <run_address>0x20016fa4</run_address>
         <size>0x4</size>
      </object_component>
      <object_component id="oc-4c4">
         <name>.common:netif_list</name>
         <uninitialized>true</uninitialized>
         <run_address>0x20016fc4</run_address>
         <size>0x4</size>
      </object_component>
      <object_component id="oc-504">
         <name>.common:netif_default</name>
         <uninitialized>true</uninitialized>
         <run_address>0x20016fc0</run_address>
         <size>0x4</size>
      </object_component>
      <object_component id="oc-45b">
         <name>.common:udp_pcbs</name>
         <uninitialized>true</uninitialized>
         <run_address>0x20016fdc</run_address>
         <size>0x4</size>
      </object_component>
      <object_component id="oc-4c5">
         <name>.common:current_netif</name>
         <uninitialized>true</uninitialized>
         <run_address>0x20016f8c</run_address>
         <size>0x4</size>
      </object_component>
      <object_component id="oc-4c6">
         <name>.common:current_header</name>
         <uninitialized>true</uninitialized>
         <run_address>0x20016f80</run_address>
         <size>0x4</size>
      </object_component>
      <object_component id="oc-4c3">
         <name>.common:current_iphdr_src</name>
         <uninitialized>true</uninitialized>
         <run_address>0x20016f88</run_address>
         <size>0x4</size>
      </object_component>
      <object_component id="oc-4c2">
         <name>.common:current_iphdr_dest</name>
         <uninitialized>true</uninitialized>
         <run_address>0x20016f84</run_address>
         <size>0x4</size>
      </object_component>
      <object_component id="oc-147">
         <name>.common:g_ui32NormalInts</name>
         <uninitialized>true</uninitialized>
         <run_address>0x20016fb4</run_address>
         <size>0x4</size>
      </object_component>
      <object_component id="oc-148">
         <name>.common:g_ui32AbnormalInts</name>
         <uninitialized>true</uninitialized>
         <run_address>0x20016fa0</run_address>
         <size>0x4</size>
      </object_component>
      <object_component id="oc-b9">
         <name>.common:g_pfnTimerHandler</name>
         <uninitialized>true</uninitialized>
         <run_address>0x20016f9c</run_address>
         <size>0x4</size>
      </object_component>
      <object_component id="oc-22c">
         <name>.data</name>
         <load_address>0x20018041</load_address>
         <run_address>0x20018041</run_address>
         <size>0x1</size>
         <input_file_ref idref="fl-2"/>
      </object_component>
      <object_component id="oc-fb">
         <name>.data</name>
         <load_address>0x20017fe8</load_address>
         <run_address>0x20017fe8</run_address>
         <size>0x44</size>
         <input_file_ref idref="fl-5"/>
      </object_component>
      <object_component id="oc-3f7">
         <name>.data</name>
         <load_address>0x2001803c</load_address>
         <run_address>0x2001803c</run_address>
         <size>0x5</size>
         <input_file_ref idref="fl-6"/>
      </object_component>
      <object_component id="oc-f3">
         <name>.data</name>
         <load_address>0x20018034</load_address>
         <run_address>0x20018034</run_address>
         <size>0x8</size>
         <input_file_ref idref="fl-132"/>
      </object_component>
      <object_component id="oc-94">
         <name>.data</name>
         <load_address>0x20018044</load_address>
         <run_address>0x20018044</run_address>
         <size>0x4</size>
         <input_file_ref idref="fl-137"/>
      </object_component>
      <object_component id="oc-f0">
         <name>.data</name>
         <load_address>0x2001802c</load_address>
         <run_address>0x2001802c</run_address>
         <size>0x8</size>
         <input_file_ref idref="fl-13a"/>
      </object_component>
      <object_component id="oc-a4">
         <name>.debug_info</name>
         <load_address>0x0</load_address>
         <run_address>0x0</run_address>
         <size>0xc04</size>
         <input_file_ref idref="fl-2"/>
      </object_component>
      <object_component id="oc-22d">
         <name>.debug_info</name>
         <load_address>0xc04</load_address>
         <run_address>0xc04</run_address>
         <size>0xb9</size>
         <input_file_ref idref="fl-2"/>
      </object_component>
      <object_component id="oc-225">
         <name>.debug_info</name>
         <load_address>0xcbd</load_address>
         <run_address>0xcbd</run_address>
         <size>0x180</size>
         <input_file_ref idref="fl-2"/>
      </object_component>
      <object_component id="oc-346">
         <name>.debug_info</name>
         <load_address>0xe3d</load_address>
         <run_address>0xe3d</run_address>
         <size>0x164</size>
         <input_file_ref idref="fl-2"/>
      </object_component>
      <object_component id="oc-1f5">
         <name>.debug_info</name>
         <load_address>0xfa1</load_address>
         <run_address>0xfa1</run_address>
         <size>0x144</size>
         <input_file_ref idref="fl-2"/>
      </object_component>
      <object_component id="oc-1b8">
         <name>.debug_info</name>
         <load_address>0x10e5</load_address>
         <run_address>0x10e5</run_address>
         <size>0x12d</size>
         <input_file_ref idref="fl-2"/>
      </object_component>
      <object_component id="oc-1cb">
         <name>.debug_info</name>
         <load_address>0x1212</load_address>
         <run_address>0x1212</run_address>
         <size>0x1d8</size>
         <input_file_ref idref="fl-2"/>
      </object_component>
      <object_component id="oc-219">
         <name>.debug_info</name>
         <load_address>0x13ea</load_address>
         <run_address>0x13ea</run_address>
         <size>0x1a2</size>
         <input_file_ref idref="fl-2"/>
      </object_component>
      <object_component id="oc-e9">
         <name>.debug_info</name>
         <load_address>0x158c</load_address>
         <run_address>0x158c</run_address>
         <size>0x409</size>
         <input_file_ref idref="fl-2"/>
      </object_component>
      <object_component id="oc-29e">
         <name>.debug_info</name>
         <load_address>0x1995</load_address>
         <run_address>0x1995</run_address>
         <size>0x15f</size>
         <input_file_ref idref="fl-2"/>
      </object_component>
      <object_component id="oc-14b">
         <name>.debug_info</name>
         <load_address>0x1af4</load_address>
         <run_address>0x1af4</run_address>
         <size>0x1ba</size>
         <input_file_ref idref="fl-2"/>
      </object_component>
      <object_component id="oc-49">
         <name>.debug_info</name>
         <load_address>0x1cae</load_address>
         <run_address>0x1cae</run_address>
         <size>0x103</size>
         <input_file_ref idref="fl-2"/>
      </object_component>
      <object_component id="oc-43">
         <name>.debug_info</name>
         <load_address>0x1db1</load_address>
         <run_address>0x1db1</run_address>
         <size>0x106</size>
         <input_file_ref idref="fl-2"/>
      </object_component>
      <object_component id="oc-11d">
         <name>.debug_info</name>
         <load_address>0x1eb7</load_address>
         <run_address>0x1eb7</run_address>
         <size>0x12f</size>
         <input_file_ref idref="fl-2"/>
      </object_component>
      <object_component id="oc-159">
         <name>.debug_info</name>
         <load_address>0x1fe6</load_address>
         <run_address>0x1fe6</run_address>
         <size>0x6c</size>
         <input_file_ref idref="fl-2"/>
      </object_component>
      <object_component id="oc-131">
         <name>.debug_info</name>
         <load_address>0x2052</load_address>
         <run_address>0x2052</run_address>
         <size>0x110</size>
         <input_file_ref idref="fl-2"/>
      </object_component>
      <object_component id="oc-104">
         <name>.debug_info</name>
         <load_address>0x2162</load_address>
         <run_address>0x2162</run_address>
         <size>0x8b</size>
         <input_file_ref idref="fl-2"/>
      </object_component>
      <object_component id="oc-127">
         <name>.debug_info</name>
         <load_address>0x21ed</load_address>
         <run_address>0x21ed</run_address>
         <size>0x8a</size>
         <input_file_ref idref="fl-2"/>
      </object_component>
      <object_component id="oc-12c">
         <name>.debug_info</name>
         <load_address>0x2277</load_address>
         <run_address>0x2277</run_address>
         <size>0x174</size>
         <input_file_ref idref="fl-2"/>
      </object_component>
      <object_component id="oc-163">
         <name>.debug_info</name>
         <load_address>0x23eb</load_address>
         <run_address>0x23eb</run_address>
         <size>0x2c</size>
         <input_file_ref idref="fl-2"/>
      </object_component>
      <object_component id="oc-118">
         <name>.debug_info</name>
         <load_address>0x2417</load_address>
         <run_address>0x2417</run_address>
         <size>0x193</size>
         <input_file_ref idref="fl-2"/>
      </object_component>
      <object_component id="oc-c0">
         <name>.debug_info</name>
         <load_address>0x25aa</load_address>
         <run_address>0x25aa</run_address>
         <size>0x18b</size>
         <input_file_ref idref="fl-2"/>
      </object_component>
      <object_component id="oc-109">
         <name>.debug_info</name>
         <load_address>0x2735</load_address>
         <run_address>0x2735</run_address>
         <size>0x87</size>
         <input_file_ref idref="fl-2"/>
      </object_component>
      <object_component id="oc-10e">
         <name>.debug_info</name>
         <load_address>0x27bc</load_address>
         <run_address>0x27bc</run_address>
         <size>0x2c</size>
         <input_file_ref idref="fl-2"/>
      </object_component>
      <object_component id="oc-16d">
         <name>.debug_info</name>
         <load_address>0x27e8</load_address>
         <run_address>0x27e8</run_address>
         <size>0x2c</size>
         <input_file_ref idref="fl-2"/>
      </object_component>
      <object_component id="oc-2eb">
         <name>.debug_info</name>
         <load_address>0x2814</load_address>
         <run_address>0x2814</run_address>
         <size>0x4e</size>
         <input_file_ref idref="fl-2"/>
      </object_component>
      <object_component id="oc-113">
         <name>.debug_info</name>
         <load_address>0x2862</load_address>
         <run_address>0x2862</run_address>
         <size>0x9f</size>
         <input_file_ref idref="fl-2"/>
      </object_component>
      <object_component id="oc-181">
         <name>.debug_info</name>
         <load_address>0x2901</load_address>
         <run_address>0x2901</run_address>
         <size>0x167</size>
         <input_file_ref idref="fl-2"/>
      </object_component>
      <object_component id="oc-122">
         <name>.debug_info</name>
         <load_address>0x2a68</load_address>
         <run_address>0x2a68</run_address>
         <size>0x3e4</size>
         <input_file_ref idref="fl-2"/>
      </object_component>
      <object_component id="oc-2db">
         <name>.debug_info</name>
         <load_address>0x2e4c</load_address>
         <run_address>0x2e4c</run_address>
         <size>0x1aa</size>
         <input_file_ref idref="fl-3"/>
      </object_component>
      <object_component id="oc-1b2">
         <name>.debug_info</name>
         <load_address>0x2ff6</load_address>
         <run_address>0x2ff6</run_address>
         <size>0x28b</size>
         <input_file_ref idref="fl-3"/>
      </object_component>
      <object_component id="oc-56">
         <name>.debug_info</name>
         <load_address>0x3281</load_address>
         <run_address>0x3281</run_address>
         <size>0x17d</size>
         <input_file_ref idref="fl-4"/>
      </object_component>
      <object_component id="oc-10">
         <name>.debug_info</name>
         <load_address>0x33fe</load_address>
         <run_address>0x33fe</run_address>
         <size>0xdc</size>
         <input_file_ref idref="fl-4"/>
      </object_component>
      <object_component id="oc-2b">
         <name>.debug_info</name>
         <load_address>0x34da</load_address>
         <run_address>0x34da</run_address>
         <size>0x128</size>
         <input_file_ref idref="fl-4"/>
      </object_component>
      <object_component id="oc-31">
         <name>.debug_info</name>
         <load_address>0x3602</load_address>
         <run_address>0x3602</run_address>
         <size>0x117</size>
         <input_file_ref idref="fl-4"/>
      </object_component>
      <object_component id="oc-3d">
         <name>.debug_info</name>
         <load_address>0x3719</load_address>
         <run_address>0x3719</run_address>
         <size>0x131</size>
         <input_file_ref idref="fl-4"/>
      </object_component>
      <object_component id="oc-37">
         <name>.debug_info</name>
         <load_address>0x384a</load_address>
         <run_address>0x384a</run_address>
         <size>0x11f</size>
         <input_file_ref idref="fl-4"/>
      </object_component>
      <object_component id="oc-c7">
         <name>.debug_info</name>
         <load_address>0x3969</load_address>
         <run_address>0x3969</run_address>
         <size>0x84</size>
         <input_file_ref idref="fl-4"/>
      </object_component>
      <object_component id="oc-ba">
         <name>.debug_info</name>
         <load_address>0x39ed</load_address>
         <run_address>0x39ed</run_address>
         <size>0xd38</size>
         <input_file_ref idref="fl-5"/>
      </object_component>
      <object_component id="oc-56c">
         <name>.debug_info</name>
         <load_address>0x4725</load_address>
         <run_address>0x4725</run_address>
         <size>0xe6</size>
         <input_file_ref idref="fl-5"/>
      </object_component>
      <object_component id="oc-343">
         <name>.debug_info</name>
         <load_address>0x480b</load_address>
         <run_address>0x480b</run_address>
         <size>0x1ab</size>
         <input_file_ref idref="fl-5"/>
      </object_component>
      <object_component id="oc-570">
         <name>.debug_info</name>
         <load_address>0x49b6</load_address>
         <run_address>0x49b6</run_address>
         <size>0xeb</size>
         <input_file_ref idref="fl-5"/>
      </object_component>
      <object_component id="oc-295">
         <name>.debug_info</name>
         <load_address>0x4aa1</load_address>
         <run_address>0x4aa1</run_address>
[...]
      </symbol>
      <symbol id="sm-6d3">
         <name>udp_input</name>
         <value>0xeb9</value>
         <object_component_ref idref="oc-4b6"/>
      </symbol>
      <symbol id="sm-6d4">
         <name>lwIPInit</name>
         <value>0x1ab5</value>
         <object_component_ref idref="oc-1c3"/>
      </symbol>
      <symbol id="sm-6d5">
         <name>raw_input</name>
         <value>0x2701</value>
         <object_component_ref idref="oc-4aa"/>
      </symbol>
      <symbol id="sm-6d6">
         <name>udp_new</name>
         <value>0x3a71</value>
         <object_component_ref idref="oc-330"/>
      </symbol>
      <symbol id="sm-6d7">
         <name>ram_heap</name>
         <value>0x20000000</value>
         <object_component_ref idref="oc-56b"/>
      </symbol>
      <symbol id="sm-6d8">
         <name>udp_recv</name>
         <value>0x3da1</value>
         <object_component_ref idref="oc-33c"/>
      </symbol>
      <symbol id="sm-6d9">
         <name>pbuf_alloc</name>
         <value>0x1441</value>
         <object_component_ref idref="oc-28e"/>
      </symbol>
      <symbol id="sm-6da">
         <name>g_pTxDescriptors</name>
         <value>0x20016910</value>
         <object_component_ref idref="oc-24c"/>
      </symbol>
      <symbol id="sm-6db">
         <name>icmp_input</name>
         <value>0x104d</value>
         <object_component_ref idref="oc-4bc"/>
      </symbol>
      <symbol id="sm-6dc">
         <name>netif_set_gw</name>
         <value>0x3d25</value>
         <object_component_ref idref="oc-593"/>
      </symbol>
      <symbol id="sm-6dd">
         <name>inet_chksum_pbuf</name>
         <value>0x2dc1</value>
         <object_component_ref idref="oc-54f"/>
      </symbol>
      <symbol id="sm-6de">
         <name>ip_output</name>
         <value>0x33a1</value>
         <object_component_ref idref="oc-60a"/>
      </symbol>
      <symbol id="sm-6df">
         <name>pbuf_copy</name>
         <value>0x22f9</value>
         <object_component_ref idref="oc-555"/>
      </symbol>
      <symbol id="sm-6e0">
         <name>tivaif_interrupt</name>
         <value>0x31a1</value>
         <object_component_ref idref="oc-ad"/>
      </symbol>
      <symbol id="sm-6e1">
         <name>ethzero</name>
         <value>0x4092</value>
         <object_component_ref idref="oc-342"/>
      </symbol>
      <symbol id="sm-6e2">
         <name>lwIPTimer</name>
         <value>0x39b9</value>
         <object_component_ref idref="oc-9c"/>
      </symbol>
      <symbol id="sm-6e3">
         <name>ethbroadcast</name>
         <value>0x408c</value>
         <object_component_ref idref="oc-342"/>
      </symbol>
      <symbol id="sm-6e4">
         <name>lwip_init</name>
         <value>0x3c69</value>
         <object_component_ref idref="oc-423"/>
      </symbol>
      <symbol id="sm-6e5">
         <name>lwIPEthernetIntHandler</name>
         <value>0x2d09</value>
         <object_component_ref idref="oc-4e"/>
      </symbol>
      <symbol id="sm-6e6">
         <name>netif_add</name>
         <value>0x3109</value>
         <object_component_ref idref="oc-42f"/>
      </symbol>
      <symbol id="sm-6e7">
         <name>netif_set_default</name>
         <value>0x3d19</value>
         <object_component_ref idref="oc-435"/>
      </symbol>
      <symbol id="sm-6e8">
         <name>sys_now</name>
         <value>0x3d49</value>
         <object_component_ref idref="oc-579"/>
      </symbol>
      <symbol id="sm-6e9">
         <name>ip_route</name>
         <value>0x30bd</value>
         <object_component_ref idref="oc-46c"/>
      </symbol>
      <symbol id="sm-6ea">
         <name>g_RxDescList</name>
         <value>0x20017ffc</value>
         <object_component_ref idref="oc-fb"/>
      </symbol>
      <symbol id="sm-6eb">
         <name>g_TxDescList</name>
         <value>0x20017fec</value>
         <object_component_ref idref="oc-fb"/>
      </symbol>
      <symbol id="sm-6ec">
         <name>sys_timeout</name>
         <value>0x29f5</value>
         <object_component_ref idref="oc-573"/>
      </symbol>
      <symbol id="sm-6ed">
         <name>etharp_tmr</name>
         <value>0x3429</value>
         <object_component_ref idref="oc-150"/>
      </symbol>
      <symbol id="sm-6ee">
         <name>mem_trim</name>
         <value>0x1b99</value>
         <object_component_ref idref="oc-53d"/>
      </symbol>
      <symbol id="sm-6ef">
         <name>lwip_stats</name>
         <value>0x20016d90</value>
         <object_component_ref idref="oc-294"/>
      </symbol>
      <symbol id="sm-75d">
         <name>UARTStdioConfig</name>
         <value>0x2bed</value>
         <object_component_ref idref="oc-2dc"/>
      </symbol>
      <symbol id="sm-75e">
         <name>UARTwrite</name>
         <value>0x3281</value>
         <object_component_ref idref="oc-3fe"/>
      </symbol>
      <symbol id="sm-75f">
         <name>UARTprintf</name>
         <value>0x3a8d</value>
         <object_component_ref idref="oc-1bd"/>
      </symbol>
      <symbol id="sm-760">
         <name>UARTvprintf</name>
         <value>0xb35</value>
         <object_component_ref idref="oc-2e3"/>
      </symbol>
      <symbol id="sm-7ad">
         <name>uvsnprintf</name>
         <value>0x4cd</value>
         <object_component_ref idref="oc-4ca"/>
      </symbol>
      <symbol id="sm-7ae">
         <name>ustrncpy</name>
         <value>0x37fb</value>
         <object_component_ref idref="oc-55c"/>
      </symbol>
      <symbol id="sm-7af">
         <name>usprintf</name>
         <value>0x39f9</value>
         <object_component_ref idref="oc-3d4"/>
      </symbol>
      <symbol id="sm-7c1">
         <name>_c_int00</name>
         <value>0x301d</value>
         <object_component_ref idref="oc-24"/>
      </symbol>
      <symbol id="sm-7c2">
         <name>__stack</name>
         <value>0x20016fe8</value>
         <object_component_ref idref="oc-29"/>
      </symbol>
      <symbol id="sm-7d9">
         <name>__TI_decompress_none</name>
         <value>0x3cb5</value>
         <object_component_ref idref="oc-12"/>
      </symbol>
      <symbol id="sm-7fc">
         <name>__TI_decompress_rle24</name>
         <value>0x3d9b</value>
         <object_component_ref idref="oc-18"/>
      </symbol>
      <symbol id="sm-80e">
         <name>__TI_zero_init</name>
         <value>0x3cf5</value>
         <object_component_ref idref="oc-1e"/>
      </symbol>
      <symbol id="sm-82d">
         <name>C$$EXIT</name>
         <value>0x33e5</value>
         <object_component_ref idref="oc-8e"/>
      </symbol>
      <symbol id="sm-82e">
         <name>abort</name>
         <value>0x33e9</value>
         <object_component_ref idref="oc-8e"/>
      </symbol>
      <symbol id="sm-82f">
         <name>exit</name>
         <value>0x33f1</value>
         <object_component_ref idref="oc-8e"/>
      </symbol>
      <symbol id="sm-830">
         <name>__TI_dtors_ptr</name>
         <value>0x20018038</value>
         <object_component_ref idref="oc-f3"/>
      </symbol>
      <symbol id="sm-831">
         <name>__TI_cleanup_ptr</name>
         <value>0x20018034</value>
         <object_component_ref idref="oc-f3"/>
      </symbol>
      <symbol id="sm-841">
         <name>memcmp</name>
         <value>0x3977</value>
         <object_component_ref idref="oc-3ab"/>
      </symbol>
      <symbol id="sm-85c">
         <name>memcpy</name>
         <value>0x225d</value>
         <object_component_ref idref="oc-57"/>
      </symbol>
      <symbol id="sm-85d">
         <name>__aeabi_memcpy</name>
         <value>0x225d</value>
         <object_component_ref idref="oc-57"/>
      </symbol>
      <symbol id="sm-85e">
         <name>__aeabi_memcpy8</name>
         <value>0x225d</value>
         <object_component_ref idref="oc-57"/>
      </symbol>
      <symbol id="sm-85f">
         <name>__aeabi_memcpy4</name>
         <value>0x225d</value>
         <object_component_ref idref="oc-57"/>
      </symbol>
      <symbol id="sm-86e">
         <name>__aeabi_memset</name>
         <value>0x259b</value>
         <object_component_ref idref="oc-70"/>
      </symbol>
      <symbol id="sm-86f">
         <name>memset</name>
         <value>0x25a1</value>
         <object_component_ref idref="oc-70"/>
      </symbol>
      <symbol id="sm-870">
         <name>__aeabi_memset8</name>
         <value>0x259b</value>
         <object_component_ref idref="oc-70"/>
      </symbol>
      <symbol id="sm-871">
         <name>__aeabi_memset4</name>
         <value>0x259b</value>
         <object_component_ref idref="oc-70"/>
      </symbol>
      <symbol id="sm-872">
         <name>__aeabi_memclr8</name>
         <value>0x2599</value>
         <object_component_ref idref="oc-70"/>
      </symbol>
      <symbol id="sm-873">
         <name>__aeabi_memclr4</name>
         <value>0x2599</value>
         <object_component_ref idref="oc-70"/>
      </symbol>
      <symbol id="sm-874">
         <name>__aeabi_memclr</name>
         <value>0x2599</value>
         <object_component_ref idref="oc-70"/>
      </symbol>
      <symbol id="sm-87e">
         <name>_system_pre_init</name>
         <value>0x3daf</value>
         <object_component_ref idref="oc-7c"/>
      </symbol>
      <symbol id="sm-886">
         <name>main_func_sp</name>
         <value>0x20018044</value>
         <object_component_ref idref="oc-94"/>
      </symbol>
      <symbol id="sm-899">
         <name>__aeabi_uidivmod</name>
         <value>0x3469</value>
         <object_component_ref idref="oc-404"/>
      </symbol>
      <symbol id="sm-89a">
         <name>__aeabi_uidiv</name>
         <value>0x3469</value>
         <object_component_ref idref="oc-404"/>
      </symbol>
      <symbol id="sm-8b3">
         <name>_nop</name>
         <value>0x3b7f</value>
         <object_component_ref idref="oc-23e"/>
      </symbol>
      <symbol id="sm-8b4">
         <name>_lock</name>
         <value>0x2001802c</value>
         <object_component_ref idref="oc-f0"/>
      </symbol>
      <symbol id="sm-8b5">
         <name>_unlock</name>
         <value>0x20018030</value>
         <object_component_ref idref="oc-f0"/>
      </symbol>
      <symbol id="sm-8b6">
         <name>_register_lock</name>
         <value>0x3b77</value>
         <object_component_ref idref="oc-23e"/>
      </symbol>
      <symbol id="sm-8b7">
         <name>_register_unlock</name>
         <value>0x3b71</value>
         <object_component_ref idref="oc-23e"/>
      </symbol>
      <symbol id="sm-8cc">
         <name>_args_main</name>
         <value>0x3ad9</value>
         <object_component_ref idref="oc-88"/>
      </symbol>
      <symbol id="sm-8f2">
         <name>__TI_auto_init</name>
         <value>0x284d</value>
         <object_component_ref idref="oc-82"/>
      </symbol>
      <symbol id="sm-90c">
         <name>copy_in</name>
         <value>0x3155</value>
         <object_component_ref idref="oc-e0"/>
      </symbol>
      <symbol id="sm-916">
         <name>__aeabi_idiv0</name>
         <value>0x238b</value>
         <object_component_ref idref="oc-4dc"/>
      </symbol>
      <symbol id="sm-9d7">
         <name>EMACConfigSet</name>
         <value>0x3675</value>
         <object_component_ref idref="oc-274"/>
      </symbol>
      <symbol id="sm-9d8">
         <name>EMACTxEnable</name>
         <value>0x3b1d</value>
         <object_component_ref idref="oc-5be"/>
      </symbol>
      <symbol id="sm-9d9">
         <name>EMACRxDMADescriptorListSet</name>
         <value>0x3d77</value>
         <object_component_ref idref="oc-626"/>
      </symbol>
      <symbol id="sm-9da">
         <name>EMACPHYConfigSet</name>
         <value>0x2e75</value>
         <object_component_ref idref="oc-2f0"/>
      </symbol>
      <symbol id="sm-9db">
         <name>EMACPHYRead</name>
         <value>0x389d</value>
         <object_component_ref idref="oc-25c"/>
      </symbol>
      <symbol id="sm-9dc">
         <name>EMACTimestampIntStatus</name>
         <value>0x3d7d</value>
         <object_component_ref idref="oc-a7"/>
      </symbol>
      <symbol id="sm-9dd">
         <name>EMACRxEnable</name>
         <value>0x3b07</value>
         <object_component_ref idref="oc-5c4"/>
      </symbol>
      <symbol id="sm-9de">
         <name>EMACIntClear</name>
         <value>0x36a9</value>
         <object_component_ref idref="oc-5b8"/>
      </symbol>
      <symbol id="sm-9df">
         <name>EMACConfigGet</name>
         <value>0x3595</value>
         <object_component_ref idref="oc-26e"/>
      </symbol>
      <symbol id="sm-9e0">
         <name>EMACInit</name>
         <value>0x2615</value>
         <object_component_ref idref="oc-2f6"/>
      </symbol>
      <symbol id="sm-9e1">
         <name>EMACIntEnable</name>
         <value>0x3521</value>
         <object_component_ref idref="oc-5ca"/>
      </symbol>
      <symbol id="sm-9e2">
         <name>EMACPHYWrite</name>
         <value>0x38c3</value>
         <object_component_ref idref="oc-5a6"/>
      </symbol>
      <symbol id="sm-9e3">
         <name>EMACReset</name>
         <value>0x3af1</value>
         <object_component_ref idref="oc-418"/>
      </symbol>
      <symbol id="sm-9e4">
         <name>EMACFrameFilterSet</name>
         <value>0x3c29</value>
         <object_component_ref idref="oc-5ac"/>
      </symbol>
      <symbol id="sm-9e5">
         <name>EMACTxDMAPollDemand</name>
         <value>0x3d5f</value>
         <object_component_ref idref="oc-5f7"/>
      </symbol>
      <symbol id="sm-9e6">
         <name>EMACAddrGet</name>
         <value>0x3a19</value>
         <object_component_ref idref="oc-59a"/>
      </symbol>
      <symbol id="sm-9e7">
         <name>EMACTxDMADescriptorListSet</name>
         <value>0x3d83</value>
         <object_component_ref idref="oc-62c"/>
      </symbol>
      <symbol id="sm-9e8">
         <name>EMACIntStatus</name>
         <value>0x3777</value>
         <object_component_ref idref="oc-5b2"/>
      </symbol>
      <symbol id="sm-a2a">
         <name>GPIOPinTypePWM</name>
         <value>0x3bab</value>
         <object_component_ref idref="oc-30c"/>
      </symbol>
      <symbol id="sm-a2b">
         <name>GPIOPinConfigure</name>
         <value>0x3239</value>
         <object_component_ref idref="oc-1d6"/>
      </symbol>
      <symbol id="sm-a2c">
         <name>GPIODirModeSet</name>
         <value>0x37d1</value>
         <object_component_ref idref="oc-325"/>
      </symbol>
      <symbol id="sm-a2d">
         <name>GPIOPinTypeQEI</name>
         <value>0x3bbd</value>
         <object_component_ref idref="oc-1dc"/>
      </symbol>
      <symbol id="sm-a2e">
         <name>GPIOPadConfigSet</name>
         <value>0x1311</value>
         <object_component_ref idref="oc-2ce"/>
      </symbol>
      <symbol id="sm-a2f">
         <name>GPIOPinTypeEthernetLED</name>
         <value>0x3b99</value>
         <object_component_ref idref="oc-2d4"/>
      </symbol>
      <symbol id="sm-a5f">
         <name>IntEnable</name>
         <value>0x2925</value>
         <object_component_ref idref="oc-206"/>
      </symbol>
      <symbol id="sm-a60">
         <name>IntMasterEnable</name>
         <value>0x3c39</value>
         <object_component_ref idref="oc-5d0"/>
      </symbol>
      <symbol id="sm-a9d">
         <name>PWMGenPeriodSet</name>
         <value>0x3c49</value>
         <object_component_ref idref="oc-318"/>
      </symbol>
      <symbol id="sm-a9e">
         <name>PWMGenDisable</name>
         <value>0x3ccf</value>
         <object_component_ref idref="oc-36e"/>
      </symbol>
      <symbol id="sm-a9f">
         <name>PWMPulseWidthSet</name>
         <value>0x3a37</value>
         <object_component_ref idref="oc-35c"/>
      </symbol>
      <symbol id="sm-aa0">
         <name>PWMGenPeriodGet</name>
         <value>0x3bcf</value>
         <object_component_ref idref="oc-356"/>
      </symbol>
      <symbol id="sm-aa1">
         <name>PWMOutputState</name>
         <value>0x3be1</value>
         <object_component_ref idref="oc-362"/>
      </symbol>
      <symbol id="sm-aa2">
         <name>PWMGenEnable</name>
         <value>0x3cdb</value>
         <object_component_ref idref="oc-368"/>
      </symbol>
      <symbol id="sm-aa3">
         <name>PWMGenConfigure</name>
         <value>0x3955</value>
         <object_component_ref idref="oc-312"/>
      </symbol>
      <symbol id="sm-ac8">
         <name>QEIPositionGet</name>
         <value>0x3da7</value>
         <object_component_ref idref="oc-21e"/>
      </symbol>
      <symbol id="sm-ac9">
         <name>QEIEnable</name>
         <value>0x3d55</value>
         <object_component_ref idref="oc-1e8"/>
      </symbol>
      <symbol id="sm-aca">
         <name>QEIPositionSet</name>
         <value>0x3dab</value>
         <object_component_ref idref="oc-1ee"/>
      </symbol>
      <symbol id="sm-acb">
         <name>QEIConfigure</name>
         <value>0x3c99</value>
         <object_component_ref idref="oc-1e2"/>
      </symbol>
      <symbol id="sm-b67">
         <name>SysCtlDelay</name>
         <value>0x3d8f</value>
         <object_component_ref idref="oc-1c9"/>
      </symbol>
      <symbol id="sm-b68">
         <name>SysCtlMOSCConfigSet</name>
         <value>0x3ce9</value>
         <object_component_ref idref="oc-1a5"/>
      </symbol>
      <symbol id="sm-b69">
         <name>SysCtlPeripheralEnable</name>
         <value>0x36dd</value>
         <object_component_ref idref="oc-1d0"/>
      </symbol>
      <symbol id="sm-b6a">
         <name>SysCtlPWMClockSet</name>
         <value>0x3b49</value>
         <object_component_ref idref="oc-306"/>
      </symbol>
      <symbol id="sm-b6b">
         <name>SysCtlPeripheralReady</name>
         <value>0x35cd</value>
         <object_component_ref idref="oc-412"/>
      </symbol>
      <symbol id="sm-b6c">
         <name>SysCtlClockFreqSet</name>
         <value>0x931</value>
         <object_component_ref idref="oc-1ab"/>
      </symbol>
      <symbol id="sm-b6d">
         <name>SysCtlPeripheralReset</name>
         <value>0x2fcd</value>
         <object_component_ref idref="oc-40c"/>
      </symbol>
      <symbol id="sm-b99">
         <name>TimerLoadSet</name>
         <value>0x3bf3</value>
         <object_component_ref idref="oc-200"/>
      </symbol>
      <symbol id="sm-b9a">
         <name>TimerEnable</name>
         <value>0x3ca7</value>
         <object_component_ref idref="oc-212"/>
      </symbol>
      <symbol id="sm-b9b">
         <name>TimerIntEnable</name>
         <value>0x3d67</value>
         <object_component_ref idref="oc-20c"/>
      </symbol>
      <symbol id="sm-b9c">
         <name>TimerConfigure</name>
         <value>0x2b8d</value>
         <object_component_ref idref="oc-1fa"/>
      </symbol>
      <symbol id="sm-ba6">
         <name>CPUcpsie</name>
         <value>0x3cc3</value>
         <object_component_ref idref="oc-63a"/>
      </symbol>
      <symbol id="sm-ba7">
         <name>__TI_static_base__</name>
         <value>0x0</value>
      </symbol>
      <symbol id="sm-baa">
         <name>SHT$$INIT_ARRAY$$Limit</name>
         <value>0x0</value>
      </symbol>
      <symbol id="sm-bab">
         <name>SHT$$INIT_ARRAY$$Base</name>
         <value>0x0</value>
      </symbol>
   </symbol_table>
   <title>Link successful</title>
</link_info>
