<?xml version="1.0"?>
<link_info>
   <banner>TI ARM Linker PC v5.2.5</banner>
   <copyright>Copyright (c) 1996-2015 Texas Instruments Incorporated</copyright>
   <link_time>0x588623a6</link_time>
   <link_errors>0x0</link_errors>
   <output_file>treadmill_new.out</output_file>
   <entry_point>
      <name>_c_int00</name>
      <address>0x3205</address>
   </entry_point>
   <input_file_list>
      <input_file id="fl-2">
         <path>.\</path>
         <kind>object</kind>
         <file>gpio.obj</file>
         <name>gpio.obj</name>
      </input_file>
      <input_file id="fl-3">
         <path>.\</path>
         <kind>object</kind>
         <file>main.obj</file>
         <name>main.obj</name>
      </input_file>
      <input_file id="fl-4">
         <path>.\</path>
         <kind>object</kind>
         <file>pinout.obj</file>
         <name>pinout.obj</name>
      </input_file>
      <input_file id="fl-5">
         <path>.\</path>
         <kind>object</kind>
         <file>tm4c1294ncpdt_startup_ccs.obj</file>
         <name>tm4c1294ncpdt_startup_ccs.obj</name>
      </input_file>
      <input_file id="fl-6">
         <path>.\utils\</path>
         <kind>object</kind>
         <file>lwiplib.obj</file>
         <name>lwiplib.obj</name>
      </input_file>
      <input_file id="fl-7">
         <path>.\utils\</path>
         <kind>object</kind>
         <file>uartstdio.obj</file>
         <name>uartstdio.obj</name>
      </input_file>
      <input_file id="fl-8">
         <path>.\utils\</path>
         <kind>object</kind>
         <file>ustdlib.obj</file>
         <name>ustdlib.obj</name>
      </input_file>
      <input_file id="fl-12f">
         <path>C:\ti\ccsv6\tools\compiler\ti-cgt-arm_5.2.5\lib\</path>
         <kind>archive</kind>
         <file>rtsv7M4_T_le_v4SPD16_eabi.lib</file>
         <name>boot.obj</name>
      </input_file>
      <input_file id="fl-130">
         <path>C:\ti\ccsv6\tools\compiler\ti-cgt-arm_5.2.5\lib\</path>
         <kind>archive</kind>
         <file>rtsv7M4_T_le_v4SPD16_eabi.lib</file>
         <name>copy_decompress_none.obj</name>
      </input_file>
      <input_file id="fl-131">
         <path>C:\ti\ccsv6\tools\compiler\ti-cgt-arm_5.2.5\lib\</path>
         <kind>archive</kind>
         <file>rtsv7M4_T_le_v4SPD16_eabi.lib</file>
         <name>copy_decompress_rle.obj</name>
      </input_file>
      <input_file id="fl-132">
         <path>C:\ti\ccsv6\tools\compiler\ti-cgt-arm_5.2.5\lib\</path>
         <kind>archive</kind>
         <file>rtsv7M4_T_le_v4SPD16_eabi.lib</file>
         <name>copy_zero_init.obj</name>
      </input_file>
      <input_file id="fl-133">
         <path>C:\ti\ccsv6\tools\compiler\ti-cgt-arm_5.2.5\lib\</path>
         <kind>archive</kind>
         <file>rtsv7M4_T_le_v4SPD16_eabi.lib</file>
         <name>exit.obj</name>
      </input_file>
      <input_file id="fl-134">
         <path>C:\ti\ccsv6\tools\compiler\ti-cgt-arm_5.2.5\lib\</path>
         <kind>archive</kind>
         <file>rtsv7M4_T_le_v4SPD16_eabi.lib</file>
         <name>memcmp.obj</name>
      </input_file>
      <input_file id="fl-135">
         <path>C:\ti\ccsv6\tools\compiler\ti-cgt-arm_5.2.5\lib\</path>
         <kind>archive</kind>
         <file>rtsv7M4_T_le_v4SPD16_eabi.lib</file>
         <name>memcpy_t2.obj</name>
      </input_file>
      <input_file id="fl-136">
         <path>C:\ti\ccsv6\tools\compiler\ti-cgt-arm_5.2.5\lib\</path>
         <kind>archive</kind>
         <file>rtsv7M4_T_le_v4SPD16_eabi.lib</file>
         <name>memset_t2.obj</name>
      </input_file>
      <input_file id="fl-137">
         <path>C:\ti\ccsv6\tools\compiler\ti-cgt-arm_5.2.5\lib\</path>
         <kind>archive</kind>
         <file>rtsv7M4_T_le_v4SPD16_eabi.lib</file>
         <name>pre_init.obj</name>
      </input_file>
      <input_file id="fl-138">
         <path>C:\ti\ccsv6\tools\compiler\ti-cgt-arm_5.2.5\lib\</path>
         <kind>archive</kind>
         <file>rtsv7M4_T_le_v4SPD16_eabi.lib</file>
         <name>stkdepth_vars.obj</name>
      </input_file>
      <input_file id="fl-139">
         <path>C:\ti\ccsv6\tools\compiler\ti-cgt-arm_5.2.5\lib\</path>
         <kind>archive</kind>
         <file>rtsv7M4_T_le_v4SPD16_eabi.lib</file>
         <name>strlen.obj</name>
      </input_file>
      <input_file id="fl-13a">
         <path>C:\ti\ccsv6\tools\compiler\ti-cgt-arm_5.2.5\lib\</path>
         <kind>archive</kind>
         <file>rtsv7M4_T_le_v4SPD16_eabi.lib</file>
         <name>u_divt2.obj</name>
      </input_file>
      <input_file id="fl-13b">
         <path>C:\ti\ccsv6\tools\compiler\ti-cgt-arm_5.2.5\lib\</path>
         <kind>archive</kind>
         <file>rtsv7M4_T_le_v4SPD16_eabi.lib</file>
         <name>_lock.obj</name>
      </input_file>
      <input_file id="fl-13c">
         <path>C:\ti\ccsv6\tools\compiler\ti-cgt-arm_5.2.5\lib\</path>
         <kind>archive</kind>
         <file>rtsv7M4_T_le_v4SPD16_eabi.lib</file>
         <name>args_main.obj</name>
      </input_file>
      <input_file id="fl-13d">
         <path>C:\ti\ccsv6\tools\compiler\ti-cgt-arm_5.2.5\lib\</path>
         <kind>archive</kind>
         <file>rtsv7M4_T_le_v4SPD16_eabi.lib</file>
         <name>autoinit.obj</name>
      </input_file>
      <input_file id="fl-13e">
         <path>C:\ti\ccsv6\tools\compiler\ti-cgt-arm_5.2.5\lib\</path>
         <kind>archive</kind>
         <file>rtsv7M4_T_le_v4SPD16_eabi.lib</file>
         <name>cpy_tbl.obj</name>
      </input_file>
      <input_file id="fl-13f">
         <path>C:\ti\ccsv6\tools\compiler\ti-cgt-arm_5.2.5\lib\</path>
         <kind>archive</kind>
         <file>rtsv7M4_T_le_v4SPD16_eabi.lib</file>
         <name>i_div0.obj</name>
      </input_file>
      <input_file id="fl-140">
         <path>C:\ti\TivaWare_C_Series-2.1.1.71\driverlib\ccs\Debug\</path>
         <kind>archive</kind>
         <file>driverlib.lib</file>
         <name>emac.obj</name>
      </input_file>
      <input_file id="fl-141">
         <path>C:\ti\TivaWare_C_Series-2.1.1.71\driverlib\ccs\Debug\</path>
         <kind>archive</kind>
         <file>driverlib.lib</file>
         <name>interrupt.obj</name>
      </input_file>
      <input_file id="fl-142">
         <path>C:\ti\TivaWare_C_Series-2.1.1.71\driverlib\ccs\Debug\</path>
         <kind>archive</kind>
         <file>driverlib.lib</file>
         <name>pwm.obj</name>
      </input_file>
      <input_file id="fl-143">
         <path>C:\ti\TivaWare_C_Series-2.1.1.71\driverlib\ccs\Debug\</path>
         <kind>archive</kind>
         <file>driverlib.lib</file>
         <name>qei.obj</name>
      </input_file>
      <input_file id="fl-144">
         <path>C:\ti\TivaWare_C_Series-2.1.1.71\driverlib\ccs\Debug\</path>
         <kind>archive</kind>
         <file>driverlib.lib</file>
         <name>sw_crc.obj</name>
      </input_file>
      <input_file id="fl-145">
         <path>C:\ti\TivaWare_C_Series-2.1.1.71\driverlib\ccs\Debug\</path>
         <kind>archive</kind>
         <file>driverlib.lib</file>
         <name>sysctl.obj</name>
      </input_file>
      <input_file id="fl-146">
         <path>C:\ti\TivaWare_C_Series-2.1.1.71\driverlib\ccs\Debug\</path>
         <kind>archive</kind>
         <file>driverlib.lib</file>
         <name>timer.obj</name>
      </input_file>
      <input_file id="fl-147">
         <path>C:\ti\TivaWare_C_Series-2.1.1.71\driverlib\ccs\Debug\</path>
         <kind>archive</kind>
         <file>driverlib.lib</file>
         <name>cpu.obj</name>
      </input_file>
   </input_file_list>
   <object_component_list>
      <object_component id="oc-f">
         <name>.intvecs</name>
         <load_address>0x0</load_address>
         <run_address>0x0</run_address>
         <size>0x200</size>
         <input_file_ref idref="fl-5"/>
      </object_component>
      <object_component id="oc-e8">
         <name>.text:main</name>
         <load_address>0x200</load_address>
         <run_address>0x200</run_address>
         <size>0x4b4</size>
         <input_file_ref idref="fl-3"/>
      </object_component>
      <object_component id="oc-4e6">
         <name>.text:uvsnprintf</name>
         <load_address>0x6b4</load_address>
         <run_address>0x6b4</run_address>
         <size>0x24d</size>
         <input_file_ref idref="fl-8"/>
      </object_component>
      <object_component id="oc-36">
         <name>.text:FaultISR</name>
         <load_address>0x902</load_address>
         <run_address>0x902</run_address>
         <size>0x2</size>
         <input_file_ref idref="fl-5"/>
      </object_component>
      <object_component id="oc-1be">
         <name>.text:PinoutSet</name>
         <load_address>0x904</load_address>
         <run_address>0x904</run_address>
         <size>0x214</size>
         <input_file_ref idref="fl-4"/>
      </object_component>
      <object_component id="oc-1ab">
         <name>.text:SysCtlClockFreqSet</name>
         <load_address>0xb18</load_address>
         <run_address>0xb18</run_address>
         <size>0x204</size>
         <input_file_ref idref="fl-145"/>
      </object_component>
      <object_component id="oc-304">
         <name>.text:UARTvprintf</name>
         <load_address>0xd1c</load_address>
         <run_address>0xd1c</run_address>
         <size>0x1ea</size>
         <input_file_ref idref="fl-7"/>
      </object_component>
      <object_component id="oc-3c">
         <name>.text:IntDefaultHandler</name>
         <load_address>0xf06</load_address>
         <run_address>0xf06</run_address>
         <size>0x2</size>
         <input_file_ref idref="fl-5"/>
      </object_component>
      <object_component id="oc-3d9">
         <name>.text:ip_input</name>
         <load_address>0xf08</load_address>
         <run_address>0xf08</run_address>
         <size>0x198</size>
         <input_file_ref idref="fl-6"/>
      </object_component>
      <object_component id="oc-4d2">
         <name>.text:udp_input</name>
         <load_address>0x10a0</load_address>
         <run_address>0x10a0</run_address>
         <size>0x194</size>
         <input_file_ref idref="fl-6"/>
      </object_component>
      <object_component id="oc-4d8">
         <name>.text:icmp_input</name>
         <load_address>0x1234</load_address>
         <run_address>0x1234</run_address>
         <size>0x184</size>
         <input_file_ref idref="fl-6"/>
      </object_component>
      <object_component id="oc-144">
         <name>.text:tivaif_receive</name>
         <load_address>0x13b8</load_address>
         <run_address>0x13b8</run_address>
         <size>0x140</size>
         <input_file_ref idref="fl-6"/>
      </object_component>
      <object_component id="oc-2e7">
         <name>.text:GPIOPadConfigSet</name>
         <load_address>0x14f8</load_address>
         <run_address>0x14f8</run_address>
         <size>0x132</size>
         <input_file_ref idref="fl-2"/>
      </object_component>
      <object_component id="oc-2a6">
         <name>.text:pbuf_alloc</name>
         <load_address>0x162a</load_address>
         <run_address>0x162a</run_address>
         <size>0x12e</size>
         <input_file_ref idref="fl-6"/>
      </object_component>
      <object_component id="oc-3cd">
         <name>.text:etharp_arp_input</name>
         <load_address>0x1758</load_address>
         <run_address>0x1758</run_address>
         <size>0x124</size>
         <input_file_ref idref="fl-6"/>
      </object_component>
      <object_component id="oc-529">
         <name>.text:etharp_output</name>
         <load_address>0x187c</load_address>
         <run_address>0x187c</run_address>
         <size>0x118</size>
         <input_file_ref idref="fl-6"/>
      </object_component>
      <object_component id="oc-5f9">
         <name>.text:etharp_query</name>
         <load_address>0x1994</load_address>
         <run_address>0x1994</run_address>
         <size>0x114</size>
         <input_file_ref idref="fl-6"/>
      </object_component>
      <object_component id="oc-52f">
         <name>.text:tivaif_transmit</name>
         <load_address>0x1aa8</load_address>
         <run_address>0x1aa8</run_address>
         <size>0x100</size>
         <input_file_ref idref="fl-6"/>
      </object_component>
      <object_component id="oc-3e6">
         <name>.text:mem_malloc</name>
         <load_address>0x1ba8</load_address>
         <run_address>0x1ba8</run_address>
         <size>0xf4</size>
         <input_file_ref idref="fl-6"/>
      </object_component>
      <object_component id="oc-1d0">
         <name>.text:lwIPInit</name>
         <load_address>0x1c9c</load_address>
         <run_address>0x1c9c</run_address>
         <size>0xe4</size>
         <input_file_ref idref="fl-6"/>
      </object_component>
      <object_component id="oc-559">
         <name>.text:mem_trim</name>
         <load_address>0x1d80</load_address>
         <run_address>0x1d80</run_address>
         <size>0xe4</size>
         <input_file_ref idref="fl-6"/>
      </object_component>
      <object_component id="oc-54b">
         <name>.text:etharp_find_entry</name>
         <load_address>0x1e64</load_address>
         <run_address>0x1e64</run_address>
         <size>0xe0</size>
         <input_file_ref idref="fl-6"/>
      </object_component>
      <object_component id="oc-48e">
         <name>.text:udp_sendto_if</name>
         <load_address>0x1f44</load_address>
         <run_address>0x1f44</run_address>
         <size>0xc8</size>
         <input_file_ref idref="fl-6"/>
      </object_component>
      <object_component id="oc-5bc">
         <name>.text:InitDMADescriptors</name>
         <load_address>0x200c</load_address>
         <run_address>0x200c</run_address>
         <size>0xc4</size>
         <input_file_ref idref="fl-6"/>
      </object_component>
      <object_component id="oc-495">
         <name>.text:etharp_raw</name>
         <load_address>0x20d0</load_address>
         <run_address>0x20d0</run_address>
         <size>0xc4</size>
         <input_file_ref idref="fl-6"/>
      </object_component>
      <object_component id="oc-523">
         <name>.text:tivaif_hwinit</name>
         <load_address>0x2194</load_address>
         <run_address>0x2194</run_address>
         <size>0xbc</size>
         <input_file_ref idref="fl-6"/>
      </object_component>
      <object_component id="oc-14a">
         <name>.text:lwIPHostTimerHandler</name>
         <load_address>0x2250</load_address>
         <run_address>0x2250</run_address>
         <size>0xac</size>
         <input_file_ref idref="fl-3"/>
      </object_component>
      <object_component id="oc-2a0">
         <name>.text:ethernet_input</name>
         <load_address>0x22fc</load_address>
         <run_address>0x22fc</run_address>
         <size>0xa4</size>
         <input_file_ref idref="fl-6"/>
      </object_component>
      <object_component id="oc-540">
         <name>.text:ip_output_if</name>
         <load_address>0x23a0</load_address>
         <run_address>0x23a0</run_address>
         <size>0xa4</size>
         <input_file_ref idref="fl-6"/>
      </object_component>
      <object_component id="oc-57">
         <name>.text</name>
         <load_address>0x2444</load_address>
         <run_address>0x2444</run_address>
         <size>0x9c</size>
         <input_file_ref idref="fl-135"/>
      </object_component>
      <object_component id="oc-571">
         <name>.text:pbuf_copy</name>
         <load_address>0x24e0</load_address>
         <run_address>0x24e0</run_address>
         <size>0x92</size>
         <input_file_ref idref="fl-6"/>
      </object_component>
      <object_component id="oc-30">
         <name>.text:NmiSR</name>
         <load_address>0x2572</load_address>
         <run_address>0x2572</run_address>
         <size>0x2</size>
         <input_file_ref idref="fl-5"/>
      </object_component>
      <object_component id="oc-1d6">
         <name>.text:SetupPWM</name>
         <load_address>0x2574</load_address>
         <run_address>0x2574</run_address>
         <size>0x8c</size>
         <input_file_ref idref="fl-3"/>
      </object_component>
      <object_component id="oc-230">
         <name>.text:SetPWMDuty</name>
         <load_address>0x2600</load_address>
         <run_address>0x2600</run_address>
         <size>0x84</size>
         <input_file_ref idref="fl-3"/>
      </object_component>
      <object_component id="oc-31d">
         <name>.text:lwIPPrivateInit</name>
         <load_address>0x2684</load_address>
         <run_address>0x2684</run_address>
         <size>0x80</size>
         <input_file_ref idref="fl-6"/>
      </object_component>
      <object_component id="oc-138">
         <name>.text:tivaif_process_phy_interrupt</name>
         <load_address>0x2704</load_address>
         <run_address>0x2704</run_address>
         <size>0x7c</size>
         <input_file_ref idref="fl-6"/>
      </object_component>
      <object_component id="oc-70">
         <name>.text</name>
         <load_address>0x2780</load_address>
         <run_address>0x2780</run_address>
         <size>0x7a</size>
         <input_file_ref idref="fl-136"/>
      </object_component>
      <object_component id="oc-4f8">
         <name>.text</name>
         <load_address>0x27fa</load_address>
         <run_address>0x27fa</run_address>
         <size>0x2</size>
         <input_file_ref idref="fl-13f"/>
      </object_component>
      <object_component id="oc-317">
         <name>.text:EMACInit</name>
         <load_address>0x27fc</load_address>
         <run_address>0x27fc</run_address>
         <size>0x78</size>
         <input_file_ref idref="fl-140"/>
      </object_component>
      <object_component id="oc-4ac">
         <name>.text:etharp_update_arp_entry</name>
         <load_address>0x2874</load_address>
         <run_address>0x2874</run_address>
         <size>0x74</size>
         <input_file_ref idref="fl-6"/>
      </object_component>
      <object_component id="oc-4c6">
         <name>.text:raw_input</name>
         <load_address>0x28e8</load_address>
         <run_address>0x28e8</run_address>
         <size>0x74</size>
         <input_file_ref idref="fl-6"/>
      </object_component>
      <object_component id="oc-563">
         <name>.text:icmp_send_response</name>
         <load_address>0x295c</load_address>
         <run_address>0x295c</run_address>
         <size>0x6c</size>
         <input_file_ref idref="fl-6"/>
      </object_component>
      <object_component id="oc-50a">
         <name>.text:memp_init</name>
         <load_address>0x29c8</load_address>
         <run_address>0x29c8</run_address>
         <size>0x6c</size>
         <input_file_ref idref="fl-6"/>
      </object_component>
      <object_component id="oc-82">
         <name>.text</name>
         <load_address>0x2a34</load_address>
         <run_address>0x2a34</run_address>
         <size>0x6c</size>
         <input_file_ref idref="fl-13d"/>
      </object_component>
      <object_component id="oc-63">
         <name>.text</name>
         <load_address>0x2aa0</load_address>
         <run_address>0x2aa0</run_address>
         <size>0x6a</size>
         <input_file_ref idref="fl-131"/>
      </object_component>
      <object_component id="oc-218">
         <name>.text:IntEnable</name>
         <load_address>0x2b0c</load_address>
         <run_address>0x2b0c</run_address>
         <size>0x68</size>
         <input_file_ref idref="fl-141"/>
      </object_component>
      <object_component id="oc-62d">
         <name>.text:lwip_standard_chksum</name>
         <load_address>0x2b74</load_address>
         <run_address>0x2b74</run_address>
         <size>0x68</size>
         <input_file_ref idref="fl-6"/>
      </object_component>
      <object_component id="oc-58f">
         <name>.text:sys_timeout</name>
         <load_address>0x2bdc</load_address>
         <run_address>0x2bdc</run_address>
         <size>0x68</size>
         <input_file_ref idref="fl-6"/>
      </object_component>
      <object_component id="oc-351">
         <name>.text:udp_bind</name>
         <load_address>0x2c44</load_address>
         <run_address>0x2c44</run_address>
         <size>0x68</size>
         <input_file_ref idref="fl-6"/>
      </object_component>
      <object_component id="oc-49e">
         <name>.text:plug_holes</name>
         <load_address>0x2cac</load_address>
         <run_address>0x2cac</run_address>
         <size>0x64</size>
         <input_file_ref idref="fl-6"/>
      </object_component>
      <object_component id="oc-3d3">
         <name>.text:pbuf_header</name>
         <load_address>0x2d10</load_address>
         <run_address>0x2d10</run_address>
         <size>0x62</size>
         <input_file_ref idref="fl-6"/>
      </object_component>
      <object_component id="oc-20c">
         <name>.text:TimerConfigure</name>
         <load_address>0x2d74</load_address>
         <run_address>0x2d74</run_address>
         <size>0x60</size>
         <input_file_ref idref="fl-146"/>
      </object_component>
      <object_component id="oc-2fd">
         <name>.text:UARTStdioConfig</name>
         <load_address>0x2dd4</load_address>
         <run_address>0x2dd4</run_address>
         <size>0x60</size>
         <input_file_ref idref="fl-7"/>
      </object_component>
      <object_component id="oc-3b9">
         <name>.text:mem_free</name>
         <load_address>0x2e34</load_address>
         <run_address>0x2e34</run_address>
         <size>0x60</size>
         <input_file_ref idref="fl-6"/>
      </object_component>
      <object_component id="oc-1c4">
         <name>.text:ConfigureUART</name>
         <load_address>0x2e94</load_address>
         <run_address>0x2e94</run_address>
         <size>0x5c</size>
         <input_file_ref idref="fl-3"/>
      </object_component>
      <object_component id="oc-4e">
         <name>.text:lwIPEthernetIntHandler</name>
         <load_address>0x2ef0</load_address>
         <run_address>0x2ef0</run_address>
         <size>0x5c</size>
         <input_file_ref idref="fl-6"/>
      </object_component>
      <object_component id="oc-504">
         <name>.text:mem_init</name>
         <load_address>0x2f4c</load_address>
         <run_address>0x2f4c</run_address>
         <size>0x5c</size>
         <input_file_ref idref="fl-6"/>
      </object_component>
      <object_component id="oc-56b">
         <name>.text:inet_chksum_pbuf</name>
         <load_address>0x2fa8</load_address>
         <run_address>0x2fa8</run_address>
         <size>0x5a</size>
         <input_file_ref idref="fl-6"/>
      </object_component>
      <object_component id="oc-4ba">
         <name>.text:pbuf_realloc</name>
         <load_address>0x3002</load_address>
         <run_address>0x3002</run_address>
         <size>0x5a</size>
         <input_file_ref idref="fl-6"/>
      </object_component>
      <object_component id="oc-311">
         <name>.text:EMACPHYConfigSet</name>
         <load_address>0x305c</load_address>
         <run_address>0x305c</run_address>
         <size>0x58</size>
         <input_file_ref idref="fl-140"/>
      </object_component>
      <object_component id="oc-3e0">
         <name>.text:memp_malloc</name>
         <load_address>0x30b4</load_address>
         <run_address>0x30b4</run_address>
         <size>0x58</size>
         <input_file_ref idref="fl-6"/>
      </object_component>
      <object_component id="oc-206">
         <name>.text:udp_init_r</name>
         <load_address>0x310c</load_address>
         <run_address>0x310c</run_address>
         <size>0x54</size>
         <input_file_ref idref="fl-3"/>
      </object_component>
      <object_component id="oc-13e">
         <name>.text:tivaif_process_transmit</name>
         <load_address>0x3160</load_address>
         <run_address>0x3160</run_address>
         <size>0x52</size>
         <input_file_ref idref="fl-6"/>
      </object_component>
      <object_component id="oc-42b">
         <name>.text:SysCtlPeripheralReset</name>
         <load_address>0x31b4</load_address>
         <run_address>0x31b4</run_address>
         <size>0x50</size>
         <input_file_ref idref="fl-145"/>
      </object_component>
      <object_component id="oc-24">
         <name>.text</name>
         <load_address>0x3204</load_address>
         <run_address>0x3204</run_address>
         <size>0x50</size>
         <input_file_ref idref="fl-12f"/>
      </object_component>
      <object_component id="oc-293">
         <name>.text:pbuf_free</name>
         <load_address>0x3254</load_address>
         <run_address>0x3254</run_address>
         <size>0x4e</size>
         <input_file_ref idref="fl-6"/>
      </object_component>
      <object_component id="oc-488">
         <name>.text:ip_route</name>
         <load_address>0x32a4</load_address>
         <run_address>0x32a4</run_address>
         <size>0x4c</size>
         <input_file_ref idref="fl-6"/>
      </object_component>
      <object_component id="oc-44e">
         <name>.text:netif_add</name>
         <load_address>0x32f0</load_address>
         <run_address>0x32f0</run_address>
         <size>0x4c</size>
         <input_file_ref idref="fl-6"/>
      </object_component>
      <object_component id="oc-e0">
         <name>.text</name>
         <load_address>0x333c</load_address>
         <run_address>0x333c</run_address>
         <size>0x4c</size>
         <input_file_ref idref="fl-13e"/>
      </object_component>
      <object_component id="oc-ad">
         <name>.text:tivaif_interrupt</name>
         <load_address>0x3388</load_address>
         <run_address>0x3388</run_address>
         <size>0x4c</size>
         <input_file_ref idref="fl-6"/>
      </object_component>
      <object_component id="oc-471">
         <name>.text:udp_new_port</name>
         <load_address>0x33d4</load_address>
         <run_address>0x33d4</run_address>
         <size>0x4c</size>
         <input_file_ref idref="fl-6"/>
      </object_component>
      <object_component id="oc-1dc">
         <name>.text:GPIOPinConfigure</name>
         <load_address>0x3420</load_address>
         <run_address>0x3420</run_address>
         <size>0x48</size>
         <input_file_ref idref="fl-2"/>
      </object_component>
      <object_component id="oc-41d">
         <name>.text:UARTwrite</name>
         <load_address>0x3468</load_address>
         <run_address>0x3468</run_address>
         <size>0x48</size>
         <input_file_ref idref="fl-7"/>
      </object_component>
      <object_component id="oc-2d6">
         <name>.text:_SysCtlFrequencyGet</name>
         <load_address>0x34b0</load_address>
         <run_address>0x34b0</run_address>
         <size>0x48</size>
         <input_file_ref idref="fl-145"/>
      </object_component>
      <object_component id="oc-5f3">
         <name>.text:etharp_output_to_arp_index</name>
         <load_address>0x34f8</load_address>
         <run_address>0x34f8</run_address>
         <size>0x48</size>
         <input_file_ref idref="fl-6"/>
      </object_component>
      <object_component id="oc-607">
         <name>.text:tivaif_check_pbuf</name>
         <load_address>0x3540</load_address>
         <run_address>0x3540</run_address>
         <size>0x48</size>
         <input_file_ref idref="fl-6"/>
      </object_component>
      <object_component id="oc-626">
         <name>.text:ip_output</name>
         <load_address>0x3588</load_address>
         <run_address>0x3588</run_address>
         <size>0x44</size>
         <input_file_ref idref="fl-6"/>
      </object_component>
      <object_component id="oc-8e">
         <name>.text</name>
         <load_address>0x35cc</load_address>
         <run_address>0x35cc</run_address>
         <size>0x44</size>
         <input_file_ref idref="fl-133"/>
      </object_component>
      <object_component id="oc-150">
         <name>.text:etharp_tmr</name>
         <load_address>0x3610</load_address>
         <run_address>0x3610</run_address>
         <size>0x40</size>
         <input_file_ref idref="fl-6"/>
      </object_component>
      <object_component id="oc-423">
         <name>.text</name>
         <load_address>0x3650</load_address>
         <run_address>0x3650</run_address>
         <size>0x40</size>
         <input_file_ref idref="fl-13a"/>
      </object_component>
      <object_component id="oc-b3">
         <name>.text:lwIPServiceTimers</name>
         <load_address>0x3690</load_address>
         <run_address>0x3690</run_address>
         <size>0x3c</size>
         <input_file_ref idref="fl-6"/>
      </object_component>
      <object_component id="oc-243">
         <name>.text:udp_send_data</name>
         <load_address>0x36cc</load_address>
         <run_address>0x36cc</run_address>
         <size>0x3c</size>
         <input_file_ref idref="fl-3"/>
      </object_component>
      <object_component id="oc-5e6">
         <name>.text:EMACIntEnable</name>
         <load_address>0x3708</load_address>
         <run_address>0x3708</run_address>
         <size>0x3a</size>
         <input_file_ref idref="fl-140"/>
      </object_component>
      <object_component id="oc-2b5">
         <name>.text:DisplayIPAddress</name>
         <load_address>0x3744</load_address>
         <run_address>0x3744</run_address>
         <size>0x38</size>
         <input_file_ref idref="fl-3"/>
      </object_component>
      <object_component id="oc-286">
         <name>.text:EMACConfigGet</name>
         <load_address>0x377c</load_address>
         <run_address>0x377c</run_address>
         <size>0x38</size>
         <input_file_ref idref="fl-140"/>
      </object_component>
      <object_component id="oc-431">
         <name>.text:SysCtlPeripheralReady</name>
         <load_address>0x37b4</load_address>
         <run_address>0x37b4</run_address>
         <size>0x38</size>
         <input_file_ref idref="fl-145"/>
      </object_component>
      <object_component id="oc-3bf">
         <name>.text:memp_free</name>
         <load_address>0x37ec</load_address>
         <run_address>0x37ec</run_address>
         <size>0x38</size>
         <input_file_ref idref="fl-6"/>
      </object_component>
      <object_component id="oc-394">
         <name>.text:udp_sendto</name>
         <load_address>0x3824</load_address>
         <run_address>0x3824</run_address>
         <size>0x38</size>
         <input_file_ref idref="fl-6"/>
      </object_component>
      <object_component id="oc-28c">
         <name>.text:EMACConfigSet</name>
         <load_address>0x385c</load_address>
         <run_address>0x385c</run_address>
         <size>0x34</size>
         <input_file_ref idref="fl-140"/>
      </object_component>
      <object_component id="oc-5d4">
         <name>.text:EMACIntClear</name>
         <load_address>0x3890</load_address>
         <run_address>0x3890</run_address>
         <size>0x34</size>
         <input_file_ref idref="fl-140"/>
      </object_component>
      <object_component id="oc-1b1">
         <name>.text:SysCtlPeripheralEnable</name>
         <load_address>0x38c4</load_address>
         <run_address>0x38c4</run_address>
         <size>0x34</size>
         <input_file_ref idref="fl-145"/>
      </object_component>
      <object_component id="oc-460">
         <name>.text:tivaif_init</name>
         <load_address>0x38f8</load_address>
         <run_address>0x38f8</run_address>
         <size>0x34</size>
         <input_file_ref idref="fl-6"/>
      </object_component>
      <object_component id="oc-4c0">
         <name>.text:ip4_addr_isbroadcast</name>
         <load_address>0x392c</load_address>
         <run_address>0x392c</run_address>
         <size>0x32</size>
         <input_file_ref idref="fl-6"/>
      </object_component>
      <object_component id="oc-5ce">
         <name>.text:EMACIntStatus</name>
         <load_address>0x395e</load_address>
         <run_address>0x395e</run_address>
         <size>0x2c</size>
         <input_file_ref idref="fl-140"/>
      </object_component>
      <object_component id="oc-3a4">
         <name>.text:etharp_request</name>
         <load_address>0x398c</load_address>
         <run_address>0x398c</run_address>
         <size>0x2c</size>
         <input_file_ref idref="fl-6"/>
      </object_component>
      <object_component id="oc-2ed">
         <name>.text:GPIODirModeSet</name>
         <load_address>0x39b8</load_address>
         <run_address>0x39b8</run_address>
         <size>0x2a</size>
         <input_file_ref idref="fl-2"/>
      </object_component>
      <object_component id="oc-578">
         <name>.text:ustrncpy</name>
         <load_address>0x39e2</load_address>
         <run_address>0x39e2</run_address>
         <size>0x2a</size>
         <input_file_ref idref="fl-8"/>
      </object_component>
      <object_component id="oc-48">
         <name>.text:Timer0IntHandler</name>
         <load_address>0x3a0c</load_address>
         <run_address>0x3a0c</run_address>
         <size>0x28</size>
         <input_file_ref idref="fl-3"/>
      </object_component>
      <object_component id="oc-29a">
         <name>.text:pbuf_cat</name>
         <load_address>0x3a34</load_address>
         <run_address>0x3a34</run_address>
         <size>0x28</size>
         <input_file_ref idref="fl-6"/>
      </object_component>
      <object_component id="oc-360">
         <name>.text:udp_receive_data</name>
         <load_address>0x3a5c</load_address>
         <run_address>0x3a5c</run_address>
         <size>0x28</size>
         <input_file_ref idref="fl-3"/>
      </object_component>
      <object_component id="oc-274">
         <name>.text:EMACPHYRead</name>
         <load_address>0x3a84</load_address>
         <run_address>0x3a84</run_address>
         <size>0x26</size>
         <input_file_ref idref="fl-140"/>
      </object_component>
      <object_component id="oc-5c2">
         <name>.text:EMACPHYWrite</name>
         <load_address>0x3aaa</load_address>
         <run_address>0x3aaa</run_address>
         <size>0x26</size>
         <input_file_ref idref="fl-140"/>
      </object_component>
      <object_component id="oc-2bd">
         <name>.text:etharp_free_entry</name>
         <load_address>0x3ad0</load_address>
         <run_address>0x3ad0</run_address>
         <size>0x24</size>
         <input_file_ref idref="fl-6"/>
      </object_component>
      <object_component id="oc-280">
         <name>.text:netif_set_link_up</name>
         <load_address>0x3af4</load_address>
         <run_address>0x3af4</run_address>
         <size>0x24</size>
         <input_file_ref idref="fl-6"/>
      </object_component>
      <object_component id="oc-45a">
         <name>.text:netif_set_up</name>
         <load_address>0x3b18</load_address>
         <run_address>0x3b18</run_address>
         <size>0x24</size>
         <input_file_ref idref="fl-6"/>
      </object_component>
      <object_component id="oc-333">
         <name>.text:PWMGenConfigure</name>
         <load_address>0x3b3c</load_address>
         <run_address>0x3b3c</run_address>
         <size>0x22</size>
         <input_file_ref idref="fl-142"/>
      </object_component>
      <object_component id="oc-3c7">
         <name>.text</name>
         <load_address>0x3b5e</load_address>
         <run_address>0x3b5e</run_address>
         <size>0x22</size>
         <input_file_ref idref="fl-134"/>
      </object_component>
      <object_component id="oc-551">
         <name>.text:etharp_send_ip</name>
         <load_address>0x3b80</load_address>
         <run_address>0x3b80</run_address>
         <size>0x20</size>
         <input_file_ref idref="fl-6"/>
      </object_component>
      <object_component id="oc-9c">
         <name>.text:lwIPTimer</name>
         <load_address>0x3ba0</load_address>
         <run_address>0x3ba0</run_address>
         <size>0x20</size>
         <input_file_ref idref="fl-6"/>
      </object_component>
      <object_component id="oc-510">
         <name>.text:sys_timeouts_init</name>
         <load_address>0x3bc0</load_address>
         <run_address>0x3bc0</run_address>
         <size>0x20</size>
         <input_file_ref idref="fl-6"/>
      </object_component>
      <object_component id="oc-3f0">
         <name>.text:usprintf</name>
         <load_address>0x3be0</load_address>
         <run_address>0x3be0</run_address>
         <size>0x20</size>
         <input_file_ref idref="fl-8"/>
      </object_component>
      <object_component id="oc-5b6">
         <name>.text:EMACAddrGet</name>
         <load_address>0x3c00</load_address>
         <run_address>0x3c00</run_address>
         <size>0x1e</size>
         <input_file_ref idref="fl-140"/>
      </object_component>
      <object_component id="oc-378">
         <name>.text:PWMPulseWidthSet</name>
         <load_address>0x3c1e</load_address>
         <run_address>0x3c1e</run_address>
         <size>0x1e</size>
         <input_file_ref idref="fl-142"/>
      </object_component>
      <object_component id="oc-2d0">
         <name>.text:_SysCtlMemTimingGet</name>
         <load_address>0x3c3c</load_address>
         <run_address>0x3c3c</run_address>
         <size>0x1c</size>
         <input_file_ref idref="fl-145"/>
      </object_component>
      <object_component id="oc-34b">
         <name>.text:udp_new</name>
         <load_address>0x3c58</load_address>
         <run_address>0x3c58</run_address>
         <size>0x1c</size>
         <input_file_ref idref="fl-6"/>
      </object_component>
      <object_component id="oc-1ca">
         <name>.text:UARTprintf</name>
         <load_address>0x3c74</load_address>
         <run_address>0x3c74</run_address>
         <size>0x1a</size>
         <input_file_ref idref="fl-7"/>
      </object_component>
      <object_component id="oc-448">
         <name>.text:lwip_htonl</name>
         <load_address>0x3c8e</load_address>
         <run_address>0x3c8e</run_address>
         <size>0x1a</size>
         <input_file_ref idref="fl-6"/>
      </object_component>
      <object_component id="oc-1b8">
         <name>.text:GPIOPinTypeGPIOOutput</name>
         <load_address>0x3ca8</load_address>
         <run_address>0x3ca8</run_address>
         <size>0x18</size>
         <input_file_ref idref="fl-2"/>
      </object_component>
      <object_component id="oc-59b">
         <name>.text:arp_timer</name>
         <load_address>0x3cc0</load_address>
         <run_address>0x3cc0</run_address>
         <size>0x18</size>
         <input_file_ref idref="fl-6"/>
      </object_component>
      <object_component id="oc-88">
         <name>.text</name>
         <load_address>0x3cd8</load_address>
         <run_address>0x3cd8</run_address>
         <size>0x18</size>
         <input_file_ref idref="fl-13c"/>
      </object_component>
      <object_component id="oc-437">
         <name>.text:EMACReset</name>
         <load_address>0x3cf0</load_address>
         <run_address>0x3cf0</run_address>
         <size>0x16</size>
         <input_file_ref idref="fl-140"/>
      </object_component>
      <object_component id="oc-5e0">
         <name>.text:EMACRxEnable</name>
         <load_address>0x3d06</load_address>
         <run_address>0x3d06</run_address>
         <size>0x16</size>
         <input_file_ref idref="fl-140"/>
      </object_component>
      <object_component id="oc-5da">
         <name>.text:EMACTxEnable</name>
         <load_address>0x3d1c</load_address>
         <run_address>0x3d1c</run_address>
         <size>0x16</size>
         <input_file_ref idref="fl-140"/>
      </object_component>
      <object_component id="oc-601">
         <name>.text:pbuf_ref</name>
         <load_address>0x3d32</load_address>
         <run_address>0x3d32</run_address>
         <size>0x16</size>
         <input_file_ref idref="fl-6"/>
      </object_component>
      <object_component id="oc-327">
         <name>.text:SysCtlPWMClockSet</name>
         <load_address>0x3d48</load_address>
         <run_address>0x3d48</run_address>
         <size>0x14</size>
         <input_file_ref idref="fl-145"/>
      </object_component>
      <object_component id="oc-518">
         <name>.text:netif_set_addr</name>
         <load_address>0x3d5c</load_address>
         <run_address>0x3d5c</run_address>
         <size>0x14</size>
         <input_file_ref idref="fl-6"/>
      </object_component>
      <object_component id="oc-256">
         <name>.text</name>
         <load_address>0x3d70</load_address>
         <run_address>0x3d70</run_address>
         <size>0x14</size>
         <input_file_ref idref="fl-13b"/>
      </object_component>
      <object_component id="oc-3b3">
         <name>.text:sys_arch_unprotect</name>
         <load_address>0x3d84</load_address>
         <run_address>0x3d84</run_address>
         <size>0x14</size>
         <input_file_ref idref="fl-6"/>
      </object_component>
      <object_component id="oc-2f5">
         <name>.text:GPIOPinTypeEthernetLED</name>
         <load_address>0x3d98</load_address>
         <run_address>0x3d98</run_address>
         <size>0x12</size>
         <input_file_ref idref="fl-2"/>
      </object_component>
      <object_component id="oc-32d">
         <name>.text:GPIOPinTypePWM</name>
         <load_address>0x3daa</load_address>
         <run_address>0x3daa</run_address>
         <size>0x12</size>
         <input_file_ref idref="fl-2"/>
      </object_component>
      <object_component id="oc-1e2">
         <name>.text:GPIOPinTypeQEI</name>
         <load_address>0x3dbc</load_address>
         <run_address>0x3dbc</run_address>
         <size>0x12</size>
         <input_file_ref idref="fl-2"/>
      </object_component>
      <object_component id="oc-372">
         <name>.text:PWMGenPeriodGet</name>
         <load_address>0x3dce</load_address>
         <run_address>0x3dce</run_address>
         <size>0x12</size>
         <input_file_ref idref="fl-142"/>
      </object_component>
      <object_component id="oc-37e">
         <name>.text:PWMOutputState</name>
         <load_address>0x3de0</load_address>
         <run_address>0x3de0</run_address>
         <size>0x12</size>
         <input_file_ref idref="fl-142"/>
      </object_component>
      <object_component id="oc-212">
         <name>.text:TimerLoadSet</name>
         <load_address>0x3df2</load_address>
         <run_address>0x3df2</run_address>
         <size>0x12</size>
         <input_file_ref idref="fl-146"/>
      </object_component>
      <object_component id="oc-27a">
         <name>.text:netif_set_link_down</name>
         <load_address>0x3e04</load_address>
         <run_address>0x3e04</run_address>
         <size>0x12</size>
         <input_file_ref idref="fl-6"/>
      </object_component>
      <object_component id="oc-60d">
         <name>.text:pbuf_clen</name>
         <load_address>0x3e16</load_address>
         <run_address>0x3e16</run_address>
         <size>0x12</size>
         <input_file_ref idref="fl-6"/>
      </object_component>
      <object_component id="oc-5c8">
         <name>.text:EMACFrameFilterSet</name>
         <load_address>0x3e28</load_address>
         <run_address>0x3e28</run_address>
         <size>0x10</size>
         <input_file_ref idref="fl-140"/>
      </object_component>
      <object_component id="oc-5ec">
         <name>.text:IntMasterEnable</name>
         <load_address>0x3e38</load_address>
         <run_address>0x3e38</run_address>
         <size>0x10</size>
         <input_file_ref idref="fl-141"/>
      </object_component>
      <object_component id="oc-339">
         <name>.text:PWMGenPeriodSet</name>
         <load_address>0x3e48</load_address>
         <run_address>0x3e48</run_address>
         <size>0x10</size>
         <input_file_ref idref="fl-142"/>
      </object_component>
      <object_component id="oc-1ee">
         <name>.text:QEIVelocityConfigure</name>
         <load_address>0x3e58</load_address>
         <run_address>0x3e58</run_address>
         <size>0x10</size>
         <input_file_ref idref="fl-143"/>
      </object_component>
      <object_component id="oc-620">
         <name>.text:inet_chksum</name>
         <load_address>0x3e68</load_address>
         <run_address>0x3e68</run_address>
         <size>0x10</size>
         <input_file_ref idref="fl-6"/>
      </object_component>
      <object_component id="oc-442">
         <name>.text:lwip_init</name>
         <load_address>0x3e78</load_address>
         <run_address>0x3e78</run_address>
         <size>0x10</size>
         <input_file_ref idref="fl-6"/>
      </object_component>
      <object_component id="oc-53a">
         <name>.text:pbuf_chain</name>
         <load_address>0x3e88</load_address>
         <run_address>0x3e88</run_address>
         <size>0x10</size>
         <input_file_ref idref="fl-6"/>
      </object_component>
      <object_component id="oc-3ad">
         <name>.text:sys_arch_protect</name>
         <load_address>0x3e98</load_address>
         <run_address>0x3e98</run_address>
         <size>0x10</size>
         <input_file_ref idref="fl-6"/>
      </object_component>
      <object_component id="oc-1e8">
         <name>.text:QEIConfigure</name>
         <load_address>0x3ea8</load_address>
         <run_address>0x3ea8</run_address>
         <size>0xe</size>
         <input_file_ref idref="fl-143"/>
      </object_component>
      <object_component id="oc-224">
         <name>.text:TimerEnable</name>
         <load_address>0x3eb6</load_address>
         <run_address>0x3eb6</run_address>
         <size>0xe</size>
         <input_file_ref idref="fl-146"/>
      </object_component>
      <object_component id="oc-12">
         <name>.text:decompress:none</name>
         <load_address>0x3ec4</load_address>
         <run_address>0x3ec4</run_address>
         <size>0xe</size>
         <input_file_ref idref="fl-130"/>
      </object_component>
      <object_component id="oc-656">
         <name>.text:CPUcpsie</name>
         <load_address>0x3ed2</load_address>
         <run_address>0x3ed2</run_address>
         <size>0xc</size>
         <input_file_ref idref="fl-147"/>
      </object_component>
      <object_component id="oc-38a">
         <name>.text:PWMGenDisable</name>
         <load_address>0x3ede</load_address>
         <run_address>0x3ede</run_address>
         <size>0xc</size>
         <input_file_ref idref="fl-142"/>
      </object_component>
      <object_component id="oc-384">
         <name>.text:PWMGenEnable</name>
         <load_address>0x3eea</load_address>
         <run_address>0x3eea</run_address>
         <size>0xc</size>
         <input_file_ref idref="fl-142"/>
      </object_component>
      <object_component id="oc-1a5">
         <name>.text:SysCtlMOSCConfigSet</name>
         <load_address>0x3ef8</load_address>
         <run_address>0x3ef8</run_address>
         <size>0xc</size>
         <input_file_ref idref="fl-145"/>
      </object_component>
      <object_component id="oc-1e">
         <name>.text:decompress:ZI</name>
         <load_address>0x3f04</load_address>
         <run_address>0x3f04</run_address>
         <size>0xc</size>
         <input_file_ref idref="fl-132"/>
      </object_component>
      <object_component id="oc-2af">
         <name>.text:lwIPLocalIPAddrGet</name>
         <load_address>0x3f10</load_address>
         <run_address>0x3f10</run_address>
         <size>0xc</size>
         <input_file_ref idref="fl-6"/>
      </object_component>
      <object_component id="oc-4b2">
         <name>.text:lwip_htons</name>
         <load_address>0x3f1c</load_address>
         <run_address>0x3f1c</run_address>
         <size>0xc</size>
         <input_file_ref idref="fl-6"/>
      </object_component>
      <object_component id="oc-454">
         <name>.text:netif_set_default</name>
         <load_address>0x3f28</load_address>
         <run_address>0x3f28</run_address>
         <size>0xc</size>
         <input_file_ref idref="fl-6"/>
      </object_component>
      <object_component id="oc-5af">
         <name>.text:netif_set_gw</name>
         <load_address>0x3f34</load_address>
         <run_address>0x3f34</run_address>
         <size>0xc</size>
         <input_file_ref idref="fl-6"/>
      </object_component>
      <object_component id="oc-5a3">
         <name>.text:netif_set_ipaddr</name>
         <load_address>0x3f40</load_address>
         <run_address>0x3f40</run_address>
         <size>0xc</size>
         <input_file_ref idref="fl-6"/>
      </object_component>
      <object_component id="oc-5a9">
         <name>.text:netif_set_netmask</name>
         <load_address>0x3f4c</load_address>
         <run_address>0x3f4c</run_address>
         <size>0xc</size>
         <input_file_ref idref="fl-6"/>
      </object_component>
      <object_component id="oc-595">
         <name>.text:sys_now</name>
         <load_address>0x3f58</load_address>
         <run_address>0x3f58</run_address>
         <size>0xc</size>
         <input_file_ref idref="fl-6"/>
      </object_component>
      <object_component id="oc-1f4">
         <name>.text:QEIEnable</name>
         <load_address>0x3f64</load_address>
         <run_address>0x3f64</run_address>
         <size>0xa</size>
         <input_file_ref idref="fl-143"/>
      </object_component>
      <object_component id="oc-1fa">
         <name>.text:QEIVelocityEnable</name>
         <load_address>0x3f6e</load_address>
         <run_address>0x3f6e</run_address>
         <size>0xa</size>
         <input_file_ref idref="fl-143"/>
      </object_component>
      <object_component id="oc-613">
         <name>.text:EMACTxDMAPollDemand</name>
         <load_address>0x3f78</load_address>
         <run_address>0x3f78</run_address>
         <size>0x8</size>
         <input_file_ref idref="fl-140"/>
      </object_component>
      <object_component id="oc-21e">
         <name>.text:TimerIntEnable</name>
         <load_address>0x3f80</load_address>
         <run_address>0x3f80</run_address>
         <size>0x8</size>
         <input_file_ref idref="fl-146"/>
      </object_component>
      <object_component id="oc-4cc">
         <name>.text:icmp_dest_unreach</name>
         <load_address>0x3f88</load_address>
         <run_address>0x3f88</run_address>
         <size>0x8</size>
         <input_file_ref idref="fl-6"/>
      </object_component>
      <object_component id="oc-642">
         <name>.text:EMACRxDMADescriptorListSet</name>
         <load_address>0x3f90</load_address>
         <run_address>0x3f90</run_address>
         <size>0x6</size>
         <input_file_ref idref="fl-140"/>
      </object_component>
      <object_component id="oc-a7">
         <name>.text:EMACTimestampIntStatus</name>
         <load_address>0x3f96</load_address>
         <run_address>0x3f96</run_address>
         <size>0x6</size>
         <input_file_ref idref="fl-140"/>
      </object_component>
      <object_component id="oc-648">
         <name>.text:EMACTxDMADescriptorListSet</name>
         <load_address>0x3f9c</load_address>
         <run_address>0x3f9c</run_address>
         <size>0x6</size>
         <input_file_ref idref="fl-140"/>
      </object_component>
      <object_component id="oc-22a">
         <name>.text:GPIOPinWrite</name>
         <load_address>0x3fa2</load_address>
         <run_address>0x3fa2</run_address>
         <size>0x6</size>
         <input_file_ref idref="fl-2"/>
      </object_component>
      <object_component id="oc-2a">
         <name>.text:ResetISR</name>
         <load_address>0x3fa8</load_address>
         <run_address>0x3fa8</run_address>
         <size>0x6</size>
         <input_file_ref idref="fl-5"/>
      </object_component>
      <object_component id="oc-1b7">
         <name>.text:SysCtlDelay</name>
         <load_address>0x3fae</load_address>
         <run_address>0x3fae</run_address>
         <size>0x6</size>
         <input_file_ref idref="fl-145"/>
      </object_component>
      <object_component id="oc-42">
         <name>.text:SysTickIntHandler</name>
         <load_address>0x3fb4</load_address>
         <run_address>0x3fb4</run_address>
         <size>0x6</size>
         <input_file_ref idref="fl-3"/>
      </object_component>
      <object_component id="oc-18">
         <name>.text:decompress:rle24</name>
         <load_address>0x3fba</load_address>
         <run_address>0x3fba</run_address>
         <size>0x6</size>
         <input_file_ref idref="fl-131"/>
      </object_component>
      <object_component id="oc-357">
         <name>.text:udp_recv</name>
         <load_address>0x3fc0</load_address>
         <run_address>0x3fc0</run_address>
         <size>0x6</size>
         <input_file_ref idref="fl-6"/>
      </object_component>
      <object_component id="oc-200">
         <name>.text:QEIPositionSet</name>
         <load_address>0x3fc6</load_address>
         <run_address>0x3fc6</run_address>
         <size>0x4</size>
         <input_file_ref idref="fl-143"/>
      </object_component>
      <object_component id="oc-23d">
         <name>.text:QEIVelocityGet</name>
         <load_address>0x3fca</load_address>
         <run_address>0x3fca</run_address>
         <size>0x4</size>
         <input_file_ref idref="fl-143"/>
      </object_component>
      <object_component id="oc-7c">
         <name>.text</name>
         <load_address>0x3fce</load_address>
         <run_address>0x3fce</run_address>
         <size>0x4</size>
         <input_file_ref idref="fl-137"/>
      </object_component>
      <object_component id="oc-2df">
         <name>.const:g_pppui32XTALtoVCO</name>
         <load_address>0x3fd4</load_address>
         <run_address>0x3fd4</run_address>
         <size>0x120</size>
         <input_file_ref idref="fl-145"/>
      </object_component>
      <object_component id="oc-340">
         <name>.const:g_pui32GPIOBaseAddrs</name>
         <load_address>0x40f4</load_address>
         <run_address>0x40f4</run_address>
         <size>0x90</size>
         <input_file_ref idref="fl-2"/>
      </object_component>
      <object_component id="oc-36a">
         <name>.const</name>
         <load_address>0x4184</load_address>
         <run_address>0x4184</run_address>
         <size>0x70</size>
         <input_file_ref idref="fl-141"/>
      </object_component>
      <object_component id="oc-2dc">
         <name>.const:g_pui32Xtals</name>
         <load_address>0x41f4</load_address>
         <run_address>0x41f4</run_address>
         <size>0x6c</size>
         <input_file_ref idref="fl-145"/>
      </object_component>
      <object_component id="oc-401">
         <name>.const:g_sXTALtoMEMTIM</name>
         <load_address>0x4260</load_address>
         <run_address>0x4260</run_address>
         <size>0x30</size>
         <input_file_ref idref="fl-145"/>
      </object_component>
      <object_component id="oc-35d">
         <name>.const</name>
         <load_address>0x4290</load_address>
         <run_address>0x4290</run_address>
         <size>0x28</size>
         <input_file_ref idref="fl-6"/>
      </object_component>
      <object_component id="oc-413">
         <name>.const</name>
         <load_address>0x42b8</load_address>
         <run_address>0x42b8</run_address>
         <size>0x1c</size>
         <input_file_ref idref="fl-7"/>
      </object_component>
      <object_component id="oc-43e">
         <name>.const</name>
         <load_address>0x42d4</load_address>
         <run_address>0x42d4</run_address>
         <size>0x18</size>
         <input_file_ref idref="fl-140"/>
      </object_component>
      <object_component id="oc-4f0">
         <name>.const:.string</name>
         <load_address>0x42ec</load_address>
         <run_address>0x42ec</run_address>
         <size>0x12</size>
         <input_file_ref idref="fl-7"/>
      </object_component>
      <object_component id="oc-2e2">
         <name>.const</name>
         <load_address>0x4300</load_address>
         <run_address>0x4300</run_address>
         <size>0x8</size>
         <input_file_ref idref="fl-145"/>
      </object_component>
      <object_component id="oc-68c">
         <name>.cinit..data.load</name>
         <load_address>0x4308</load_address>
         <run_address>0x4308</run_address>
         <size>0x2e</size>
      </object_component>
      <object_component id="oc-68a">
         <name>__TI_handler_table</name>
         <load_address>0x4338</load_address>
         <run_address>0x4338</run_address>
         <size>0xc</size>
      </object_component>
      <object_component id="oc-68d">
         <name>.cinit..bss.load</name>
         <load_address>0x4348</load_address>
         <run_address>0x4348</run_address>
         <size>0x8</size>
      </object_component>
      <object_component id="oc-68b">
         <name>__TI_cinit_table</name>
         <load_address>0x4350</load_address>
         <run_address>0x4350</run_address>
         <size>0x10</size>
      </object_component>
      <object_component id="oc-29">
         <name>.stack</name>
         <uninitialized>true</uninitialized>
         <run_address>0x20016fe8</run_address>
         <size>0x0</size>
         <input_file_ref idref="fl-12f"/>
      </object_component>
      <object_component id="oc-68e">
         <name>.stack</name>
         <uninitialized>true</uninitialized>
         <run_address>0x20016fe8</run_address>
         <size>0x0</size>
      </object_component>
      <object_component id="oc-587">
         <name>.bss:ram_heap</name>
         <uninitialized>true</uninitialized>
         <run_address>0x20000000</run_address>
         <size>0x1001c</size>
         <input_file_ref idref="fl-6"/>
      </object_component>
      <object_component id="oc-58b">
         <name>.bss:memp_memory</name>
         <uninitialized>true</uninitialized>
         <run_address>0x2001001c</run_address>
         <size>0x68f4</size>
         <input_file_ref idref="fl-6"/>
      </object_component>
      <object_component id="oc-2ac">
         <name>.bss:lwip_stats</name>
         <uninitialized>true</uninitialized>
         <run_address>0x20016d90</run_address>
         <size>0xd8</size>
         <input_file_ref idref="fl-6"/>
      </object_component>
      <object_component id="oc-2c3">
         <name>.bss:arp_table</name>
         <uninitialized>true</uninitialized>
         <run_address>0x20016e68</run_address>
         <size>0xc8</size>
         <input_file_ref idref="fl-6"/>
      </object_component>
      <object_component id="oc-264">
         <name>.bss:g_pTxDescriptors</name>
         <uninitialized>true</uninitialized>
         <run_address>0x20016910</run_address>
         <size>0x360</size>
         <input_file_ref idref="fl-6"/>
      </object_component>
      <object_component id="oc-267">
         <name>.bss:g_pRxDescriptors</name>
         <uninitialized>true</uninitialized>
         <run_address>0x20016c70</run_address>
         <size>0x120</size>
         <input_file_ref idref="fl-6"/>
      </object_component>
      <object_component id="oc-bc">
         <name>.bss:g_sNetIF</name>
         <uninitialized>true</uninitialized>
         <run_address>0x20016f30</run_address>
         <size>0x30</size>
         <input_file_ref idref="fl-6"/>
      </object_component>
      <object_component id="oc-2bb">
         <name>.common:g_ui32IPAddress</name>
         <uninitialized>true</uninitialized>
         <run_address>0x20016fac</run_address>
         <size>0x4</size>
      </object_component>
      <object_component id="oc-24c">
         <name>.common:g_ui32SysClock</name>
         <uninitialized>true</uninitialized>
         <run_address>0x20016fb8</run_address>
         <size>0x4</size>
      </object_component>
      <object_component id="oc-24d">
         <name>.common:Rpcb</name>
         <uninitialized>true</uninitialized>
         <run_address>0x20016f74</run_address>
         <size>0x4</size>
      </object_component>
      <object_component id="oc-23c">
         <name>.common:controller_ip</name>
         <uninitialized>true</uninitialized>
         <run_address>0x20016f7c</run_address>
         <size>0x4</size>
      </object_component>
      <object_component id="oc-239">
         <name>.common:board_ip</name>
         <uninitialized>true</uninitialized>
         <run_address>0x20016f78</run_address>
         <size>0x4</size>
      </object_component>
      <object_component id="oc-24b">
         <name>.common:device_ip</name>
         <uninitialized>true</uninitialized>
         <run_address>0x20016f94</run_address>
         <size>0x4</size>
      </object_component>
      <object_component id="oc-23a">
         <name>.common:device_subnet</name>
         <uninitialized>true</uninitialized>
         <run_address>0x20016f98</run_address>
         <size>0x4</size>
      </object_component>
      <object_component id="oc-23b">
         <name>.common:device_gateway</name>
         <uninitialized>true</uninitialized>
         <run_address>0x20016f90</run_address>
         <size>0x4</size>
      </object_component>
      <object_component id="oc-a3">
         <name>.common:sendEncoder</name>
         <uninitialized>true</uninitialized>
         <run_address>0x20016fe5</run_address>
         <size>0x1</size>
      </object_component>
      <object_component id="oc-249">
         <name>.common:setPWMvalue</name>
         <uninitialized>true</uninitialized>
         <run_address>0x20016fe6</run_address>
         <size>0x1</size>
      </object_component>
      <object_component id="oc-24a">
         <name>.common:pwmValue</name>
         <uninitialized>true</uninitialized>
         <run_address>0x20016fe4</run_address>
         <size>0x1</size>
      </object_component>
      <object_component id="oc-4a4">
         <name>.common:ram</name>
         <uninitialized>true</uninitialized>
         <run_address>0x20016fcc</run_address>
         <size>0x4</size>
      </object_component>
      <object_component id="oc-4a5">
         <name>.common:ram_end</name>
         <uninitialized>true</uninitialized>
         <run_address>0x20016fd0</run_address>
         <size>0x4</size>
      </object_component>
      <object_component id="oc-4a6">
         <name>.common:lfree</name>
         <uninitialized>true</uninitialized>
         <run_address>0x20016fbc</run_address>
         <size>0x4</size>
      </object_component>
      <object_component id="oc-4a8">
         <name>.common:memp_tab</name>
         <uninitialized>true</uninitialized>
         <run_address>0x20016f60</run_address>
         <size>0x14</size>
      </object_component>
      <object_component id="oc-51e">
         <name>.common:netif_num</name>
         <uninitialized>true</uninitialized>
         <run_address>0x20016fe3</run_address>
         <size>0x1</size>
      </object_component>
      <object_component id="oc-561">
         <name>.common:raw_pcbs</name>
         <uninitialized>true</uninitialized>
         <run_address>0x20016fd4</run_address>
         <size>0x4</size>
      </object_component>
      <object_component id="oc-63a">
         <name>.common:next_timeout</name>
         <uninitialized>true</uninitialized>
         <run_address>0x20016fc8</run_address>
         <size>0x4</size>
      </object_component>
      <object_component id="oc-5a1">
         <name>.common:timeouts_last_time</name>
         <uninitialized>true</uninitialized>
         <run_address>0x20016fd8</run_address>
         <size>0x4</size>
      </object_component>
      <object_component id="oc-61b">
         <name>.common:ip_id</name>
         <uninitialized>true</uninitialized>
         <run_address>0x20016fe0</run_address>
         <size>0x2</size>
      </object_component>
      <object_component id="oc-5ff">
         <name>.common:etharp_cached_entry</name>
         <uninitialized>true</uninitialized>
         <run_address>0x20016fe2</run_address>
         <size>0x1</size>
      </object_component>
      <object_component id="oc-325">
         <name>.common:g_ui32IPAddr</name>
         <uninitialized>true</uninitialized>
         <run_address>0x20016fa8</run_address>
         <size>0x4</size>
      </object_component>
      <object_component id="oc-323">
         <name>.common:g_ui32NetMask</name>
         <uninitialized>true</uninitialized>
         <run_address>0x20016fb0</run_address>
         <size>0x4</size>
      </object_component>
      <object_component id="oc-324">
         <name>.common:g_ui32GWAddr</name>
         <uninitialized>true</uninitialized>
         <run_address>0x20016fa4</run_address>
         <size>0x4</size>
      </object_component>
      <object_component id="oc-4e0">
         <name>.common:netif_list</name>
         <uninitialized>true</uninitialized>
         <run_address>0x20016fc4</run_address>
         <size>0x4</size>
      </object_component>
      <object_component id="oc-520">
         <name>.common:netif_default</name>
         <uninitialized>true</uninitialized>
         <run_address>0x20016fc0</run_address>
         <size>0x4</size>
      </object_component>
      <object_component id="oc-477">
         <name>.common:udp_pcbs</name>
         <uninitialized>true</uninitialized>
         <run_address>0x20016fdc</run_address>
         <size>0x4</size>
      </object_component>
      <object_component id="oc-4e1">
         <name>.common:current_netif</name>
         <uninitialized>true</uninitialized>
         <run_address>0x20016f8c</run_address>
         <size>0x4</size>
      </object_component>
      <object_component id="oc-4e2">
         <name>.common:current_header</name>
         <uninitialized>true</uninitialized>
         <run_address>0x20016f80</run_address>
         <size>0x4</size>
      </object_component>
      <object_component id="oc-4df">
         <name>.common:current_iphdr_src</name>
         <uninitialized>true</uninitialized>
         <run_address>0x20016f88</run_address>
         <size>0x4</size>
      </object_component>
      <object_component id="oc-4de">
         <name>.common:current_iphdr_dest</name>
         <uninitialized>true</uninitialized>
         <run_address>0x20016f84</run_address>
         <size>0x4</size>
      </object_component>
      <object_component id="oc-147">
         <name>.common:g_ui32NormalInts</name>
         <uninitialized>true</uninitialized>
         <run_address>0x20016fb4</run_address>
         <size>0x4</size>
      </object_component>
      <object_component id="oc-148">
         <name>.common:g_ui32AbnormalInts</name>
         <uninitialized>true</uninitialized>
         <run_address>0x20016fa0</run_address>
         <size>0x4</size>
      </object_component>
      <object_component id="oc-b9">
         <name>.common:g_pfnTimerHandler</name>
         <uninitialized>true</uninitialized>
         <run_address>0x20016f9c</run_address>
         <size>0x4</size>
      </object_component>
      <object_component id="oc-236">
         <name>.data</name>
         <load_address>0x20018041</load_address>
         <run_address>0x20018041</run_address>
         <size>0x1</size>
         <input_file_ref idref="fl-3"/>
      </object_component>
      <object_component id="oc-fb">
         <name>.data</name>
         <load_address>0x20017fe8</load_address>
         <run_address>0x20017fe8</run_address>
         <size>0x44</size>
         <input_file_ref idref="fl-6"/>
      </object_component>
      <object_component id="oc-416">
         <name>.data</name>
         <load_address>0x2001803c</load_address>
         <run_address>0x2001803c</run_address>
         <size>0x5</size>
         <input_file_ref idref="fl-7"/>
      </object_component>
      <object_component id="oc-f3">
         <name>.data</name>
         <load_address>0x20018034</load_address>
         <run_address>0x20018034</run_address>
         <size>0x8</size>
         <input_file_ref idref="fl-133"/>
      </object_component>
      <object_component id="oc-94">
         <name>.data</name>
         <load_address>0x20018044</load_address>
         <run_address>0x20018044</run_address>
         <size>0x4</size>
         <input_file_ref idref="fl-138"/>
      </object_component>
      <object_component id="oc-f0">
         <name>.data</name>
         <load_address>0x2001802c</load_address>
         <run_address>0x2001802c</run_address>
         <size>0x8</size>
         <input_file_ref idref="fl-13b"/>
      </object_component>
      <object_component id="oc-2f4">
         <name>.debug_info</name>
         <load_address>0x0</load_address>
         <run_address>0x0</run_address>
         <size>0x1b5</size>
         <input_file_ref idref="fl-2"/>
      </object_component>
      <object_component id="oc-341">
         <name>.debug_info</name>
         <load_address>0x1b5</load_address>
         <run_address>0x1b5</run_address>
         <size>0xe0</size>
         <input_file_ref idref="fl-2"/>
      </object_component>
      <object_component id="oc-22b">
         <name>.debug_info</name>
         <load_address>0x295</load_address>
         <run_address>0x295</run_address>
         <size>0x188</size>
         <input_file_ref idref="fl-2"/>
      </object_component>
      <object_component id="oc-2ee">
         <name>.debug_info</name>
         <load_address>0x41d</load_address>
         <run_address>0x41d</run_address>
         <size>0x198</size>
         <input_file_ref idref="fl-2"/>
      </object_component>
      <object_component id="oc-2e8">
         <name>.debug_info</name>
         <load_address>0x5b5</load_address>
         <run_address>0x5b5</run_address>
         <size>0x1fb</size>
         <input_file_ref idref="fl-2"/>
      </object_component>
      <object_component id="oc-1e3">
         <name>.debug_info</name>
         <load_address>0x7b0</load_address>
         <run_address>0x7b0</run_address>
         <size>0x15e</size>
         <input_file_ref idref="fl-2"/>
      </object_component>
      <object_component id="oc-32e">
         <name>.debug_info</name>
         <load_address>0x90e</load_address>
         <run_address>0x90e</run_address>
         <size>0x15e</size>
         <input_file_ref idref="fl-2"/>
      </object_component>
      <object_component id="oc-1b9">
         <name>.debug_info</name>
         <load_address>0xa6c</load_address>
         <run_address>0xa6c</run_address>
         <size>0x19c</size>
         <input_file_ref idref="fl-2"/>
      </object_component>
      <object_component id="oc-2f6">
         <name>.debug_info</name>
         <load_address>0xc08</load_address>
         <run_address>0xc08</run_address>
         <size>0x16e</size>
         <input_file_ref idref="fl-2"/>
      </object_component>
      <object_component id="oc-1dd">
         <name>.debug_info</name>
         <load_address>0xd76</load_address>
         <run_address>0xd76</run_address>
         <size>0x165</size>
         <input_file_ref idref="fl-2"/>
      </object_component>
      <object_component id="oc-104">
         <name>.debug_info</name>
         <load_address>0xedb</load_address>
         <run_address>0xedb</run_address>
         <size>0x8b</size>
         <input_file_ref idref="fl-2"/>
      </object_component>
      <object_component id="oc-c0">
         <name>.debug_info</name>
         <load_address>0xf66</load_address>
         <run_address>0xf66</run_address>
         <size>0x18b</size>
         <input_file_ref idref="fl-2"/>
      </object_component>
      <object_component id="oc-30c">
         <name>.debug_info</name>
         <load_address>0x10f1</load_address>
         <run_address>0x10f1</run_address>
         <size>0x4e</size>
         <input_file_ref idref="fl-2"/>
      </object_component>
      <object_component id="oc-a4">
         <name>.debug_info</name>
         <load_address>0x113f</load_address>
         <run_address>0x113f</run_address>
         <size>0xcfb</size>
         <input_file_ref idref="fl-3"/>
      </object_component>
      <object_component id="oc-237">
         <name>.debug_info</name>
         <load_address>0x1e3a</load_address>
         <run_address>0x1e3a</run_address>
         <size>0xc3</size>
         <input_file_ref idref="fl-3"/>
      </object_component>
      <object_component id="oc-244">
         <name>.debug_info</name>
         <load_address>0x1efd</load_address>
         <run_address>0x1efd</run_address>
         <size>0x18a</size>
         <input_file_ref idref="fl-3"/>
      </object_component>
      <object_component id="oc-361">
         <name>.debug_info</name>
         <load_address>0x2087</load_address>
         <run_address>0x2087</run_address>
         <size>0x16e</size>
         <input_file_ref idref="fl-3"/>
      </object_component>
      <object_component id="oc-207">
         <name>.debug_info</name>
         <load_address>0x21f5</load_address>
         <run_address>0x21f5</run_address>
         <size>0x14e</size>
         <input_file_ref idref="fl-3"/>
      </object_component>
      <object_component id="oc-1c5">
         <name>.debug_info</name>
         <load_address>0x2343</load_address>
         <run_address>0x2343</run_address>
         <size>0x136</size>
         <input_file_ref idref="fl-3"/>
      </object_component>
      <object_component id="oc-1d7">
         <name>.debug_info</name>
         <load_address>0x2479</load_address>
         <run_address>0x2479</run_address>
         <size>0x1e2</size>
         <input_file_ref idref="fl-3"/>
      </object_component>
      <object_component id="oc-231">
         <name>.debug_info</name>
         <load_address>0x265b</load_address>
         <run_address>0x265b</run_address>
         <size>0x1ac</size>
         <input_file_ref idref="fl-3"/>
      </object_component>
      <object_component id="oc-e9">
         <name>.debug_info</name>
         <load_address>0x2807</load_address>
         <run_address>0x2807</run_address>
         <size>0x684</size>
         <input_file_ref idref="fl-3"/>
      </object_component>
      <object_component id="oc-2b6">
         <name>.debug_info</name>
         <load_address>0x2e8b</load_address>
         <run_address>0x2e8b</run_address>
         <size>0x169</size>
         <input_file_ref idref="fl-3"/>
      </object_component>
      <object_component id="oc-14b">
         <name>.debug_info</name>
         <load_address>0x2ff4</load_address>
         <run_address>0x2ff4</run_address>
         <size>0x1c4</size>
         <input_file_ref idref="fl-3"/>
      </object_component>
      <object_component id="oc-49">
         <name>.debug_info</name>
         <load_address>0x31b8</load_address>
         <run_address>0x31b8</run_address>
         <size>0x10d</size>
         <input_file_ref idref="fl-3"/>
      </object_component>
      <object_component id="oc-43">
         <name>.debug_info</name>
         <load_address>0x32c5</load_address>
         <run_address>0x32c5</run_address>
         <size>0x110</size>
         <input_file_ref idref="fl-3"/>
      </object_component>
      <object_component id="oc-11d">
         <name>.debug_info</name>
         <load_address>0x33d5</load_address>
         <run_address>0x33d5</run_address>
         <size>0x12f</size>
         <input_file_ref idref="fl-3"/>
      </object_component>
      <object_component id="oc-159">
         <name>.debug_info</name>
         <load_address>0x3504</load_address>
         <run_address>0x3504</run_address>
         <size>0x6c</size>
         <input_file_ref idref="fl-3"/>
      </object_component>
      <object_component id="oc-131">
         <name>.debug_info</name>
         <load_address>0x3570</load_address>
         <run_address>0x3570</run_address>
         <size>0x110</size>
         <input_file_ref idref="fl-3"/>
      </object_component>
      <object_component id="oc-127">
         <name>.debug_info</name>
         <load_address>0x3680</load_address>
         <run_address>0x3680</run_address>
         <size>0x8a</size>
         <input_file_ref idref="fl-3"/>
      </object_component>
      <object_component id="oc-12c">
         <name>.debug_info</name>
         <load_address>0x370a</load_address>
         <run_address>0x370a</run_address>
         <size>0x174</size>
         <input_file_ref idref="fl-3"/>
      </object_component>
      <object_component id="oc-163">
         <name>.debug_info</name>
         <load_address>0x387e</load_address>
         <run_address>0x387e</run_address>
         <size>0x2c</size>
         <input_file_ref idref="fl-3"/>
      </object_component>
      <object_component id="oc-118">
         <name>.debug_info</name>
         <load_address>0x38aa</load_address>
         <run_address>0x38aa</run_address>
         <size>0x193</size>
         <input_file_ref idref="fl-3"/>
      </object_component>
      <object_component id="oc-109">
         <name>.debug_info</name>
         <load_address>0x3a3d</load_address>
         <run_address>0x3a3d</run_address>
         <size>0x87</size>
         <input_file_ref idref="fl-3"/>
      </object_component>
      <object_component id="oc-10e">
         <name>.debug_info</name>
         <load_address>0x3ac4</load_address>
         <run_address>0x3ac4</run_address>
         <size>0x2c</size>
         <input_file_ref idref="fl-3"/>
      </object_component>
      <object_component id="oc-16d">
         <name>.debug_info</name>
         <load_address>0x3af0</load_address>
         <run_address>0x3af0</run_address>
         <size>0x2c</size>
         <input_file_ref idref="fl-3"/>
      </object_component>
      <object_component id="oc-113">
         <name>.debug_info</name>
         <load_address>0x3b1c</load_address>
         <run_address>0x3b1c</run_address>
         <size>0x9f</size>
         <input_file_ref idref="fl-3"/>
      </object_component>
      <object_component id="oc-181">
         <name>.debug_info</name>
         <load_address>0x3bbb</load_address>
         <run_address>0x3bbb</run_address>
         <size>0x167</size>
         <input_file_ref idref="fl-3"/>
      </object_component>
      <object_component id="oc-122">
         <name>.debug_info</name>
         <load_address>0x3d22</load_address>
         <run_address>0x3d22</run_address>
         <size>0x3e4</size>
[...]
      </symbol>
      <symbol id="sm-739">
         <name>ip_input</name>
         <value>0xf09</value>
         <object_component_ref idref="oc-3d9"/>
      </symbol>
      <symbol id="sm-73a">
         <name>ip_addr_broadcast</name>
         <value>0x42a8</value>
         <object_component_ref idref="oc-35d"/>
      </symbol>
      <symbol id="sm-73b">
         <name>sys_timeouts_init</name>
         <value>0x3bc1</value>
         <object_component_ref idref="oc-510"/>
      </symbol>
      <symbol id="sm-73c">
         <name>netif_set_addr</name>
         <value>0x3d5d</value>
         <object_component_ref idref="oc-518"/>
      </symbol>
      <symbol id="sm-73d">
         <name>udp_input</name>
         <value>0x10a1</value>
         <object_component_ref idref="oc-4d2"/>
      </symbol>
      <symbol id="sm-73e">
         <name>lwIPInit</name>
         <value>0x1c9d</value>
         <object_component_ref idref="oc-1d0"/>
      </symbol>
      <symbol id="sm-73f">
         <name>raw_input</name>
         <value>0x28e9</value>
         <object_component_ref idref="oc-4c6"/>
      </symbol>
      <symbol id="sm-740">
         <name>udp_new</name>
         <value>0x3c59</value>
         <object_component_ref idref="oc-34b"/>
      </symbol>
      <symbol id="sm-741">
         <name>ram_heap</name>
         <value>0x20000000</value>
         <object_component_ref idref="oc-587"/>
      </symbol>
      <symbol id="sm-742">
         <name>udp_recv</name>
         <value>0x3fc1</value>
         <object_component_ref idref="oc-357"/>
      </symbol>
      <symbol id="sm-743">
         <name>pbuf_alloc</name>
         <value>0x162b</value>
         <object_component_ref idref="oc-2a6"/>
      </symbol>
      <symbol id="sm-744">
         <name>g_pTxDescriptors</name>
         <value>0x20016910</value>
         <object_component_ref idref="oc-264"/>
      </symbol>
      <symbol id="sm-745">
         <name>icmp_input</name>
         <value>0x1235</value>
         <object_component_ref idref="oc-4d8"/>
      </symbol>
      <symbol id="sm-746">
         <name>netif_set_gw</name>
         <value>0x3f35</value>
         <object_component_ref idref="oc-5af"/>
      </symbol>
      <symbol id="sm-747">
         <name>inet_chksum_pbuf</name>
         <value>0x2fa9</value>
         <object_component_ref idref="oc-56b"/>
      </symbol>
      <symbol id="sm-748">
         <name>ip_output</name>
         <value>0x3589</value>
         <object_component_ref idref="oc-626"/>
      </symbol>
      <symbol id="sm-749">
         <name>pbuf_copy</name>
         <value>0x24e1</value>
         <object_component_ref idref="oc-571"/>
      </symbol>
      <symbol id="sm-74a">
         <name>tivaif_interrupt</name>
         <value>0x3389</value>
         <object_component_ref idref="oc-ad"/>
      </symbol>
      <symbol id="sm-74b">
         <name>ethzero</name>
         <value>0x42b2</value>
         <object_component_ref idref="oc-35d"/>
      </symbol>
      <symbol id="sm-74c">
         <name>lwIPTimer</name>
         <value>0x3ba1</value>
         <object_component_ref idref="oc-9c"/>
      </symbol>
      <symbol id="sm-74d">
         <name>ethbroadcast</name>
         <value>0x42ac</value>
         <object_component_ref idref="oc-35d"/>
      </symbol>
      <symbol id="sm-74e">
         <name>lwip_init</name>
         <value>0x3e79</value>
         <object_component_ref idref="oc-442"/>
      </symbol>
      <symbol id="sm-74f">
         <name>lwIPEthernetIntHandler</name>
         <value>0x2ef1</value>
         <object_component_ref idref="oc-4e"/>
      </symbol>
      <symbol id="sm-750">
         <name>netif_add</name>
         <value>0x32f1</value>
         <object_component_ref idref="oc-44e"/>
      </symbol>
      <symbol id="sm-751">
         <name>netif_set_default</name>
         <value>0x3f29</value>
         <object_component_ref idref="oc-454"/>
      </symbol>
      <symbol id="sm-752">
         <name>sys_now</name>
         <value>0x3f59</value>
         <object_component_ref idref="oc-595"/>
      </symbol>
      <symbol id="sm-753">
         <name>ip_route</name>
         <value>0x32a5</value>
         <object_component_ref idref="oc-488"/>
      </symbol>
      <symbol id="sm-754">
         <name>g_RxDescList</name>
         <value>0x20017ffc</value>
         <object_component_ref idref="oc-fb"/>
      </symbol>
      <symbol id="sm-755">
         <name>g_TxDescList</name>
         <value>0x20017fec</value>
         <object_component_ref idref="oc-fb"/>
      </symbol>
      <symbol id="sm-756">
         <name>sys_timeout</name>
         <value>0x2bdd</value>
         <object_component_ref idref="oc-58f"/>
      </symbol>
      <symbol id="sm-757">
         <name>etharp_tmr</name>
         <value>0x3611</value>
         <object_component_ref idref="oc-150"/>
      </symbol>
      <symbol id="sm-758">
         <name>mem_trim</name>
         <value>0x1d81</value>
         <object_component_ref idref="oc-559"/>
      </symbol>
      <symbol id="sm-759">
         <name>lwip_stats</name>
         <value>0x20016d90</value>
         <object_component_ref idref="oc-2ac"/>
      </symbol>
      <symbol id="sm-7c7">
         <name>UARTStdioConfig</name>
         <value>0x2dd5</value>
         <object_component_ref idref="oc-2fd"/>
      </symbol>
      <symbol id="sm-7c8">
         <name>UARTwrite</name>
         <value>0x3469</value>
         <object_component_ref idref="oc-41d"/>
      </symbol>
      <symbol id="sm-7c9">
         <name>UARTprintf</name>
         <value>0x3c75</value>
         <object_component_ref idref="oc-1ca"/>
      </symbol>
      <symbol id="sm-7ca">
         <name>UARTvprintf</name>
         <value>0xd1d</value>
         <object_component_ref idref="oc-304"/>
      </symbol>
      <symbol id="sm-817">
         <name>uvsnprintf</name>
         <value>0x6b5</value>
         <object_component_ref idref="oc-4e6"/>
      </symbol>
      <symbol id="sm-818">
         <name>ustrncpy</name>
         <value>0x39e3</value>
         <object_component_ref idref="oc-578"/>
      </symbol>
      <symbol id="sm-819">
         <name>usprintf</name>
         <value>0x3be1</value>
         <object_component_ref idref="oc-3f0"/>
      </symbol>
      <symbol id="sm-82b">
         <name>_c_int00</name>
         <value>0x3205</value>
         <object_component_ref idref="oc-24"/>
      </symbol>
      <symbol id="sm-82c">
         <name>__stack</name>
         <value>0x20016fe8</value>
         <object_component_ref idref="oc-29"/>
      </symbol>
      <symbol id="sm-843">
         <name>__TI_decompress_none</name>
         <value>0x3ec5</value>
         <object_component_ref idref="oc-12"/>
      </symbol>
      <symbol id="sm-866">
         <name>__TI_decompress_rle24</name>
         <value>0x3fbb</value>
         <object_component_ref idref="oc-18"/>
      </symbol>
      <symbol id="sm-878">
         <name>__TI_zero_init</name>
         <value>0x3f05</value>
         <object_component_ref idref="oc-1e"/>
      </symbol>
      <symbol id="sm-897">
         <name>C$$EXIT</name>
         <value>0x35cd</value>
         <object_component_ref idref="oc-8e"/>
      </symbol>
      <symbol id="sm-898">
         <name>abort</name>
         <value>0x35d1</value>
         <object_component_ref idref="oc-8e"/>
      </symbol>
      <symbol id="sm-899">
         <name>exit</name>
         <value>0x35d9</value>
         <object_component_ref idref="oc-8e"/>
      </symbol>
      <symbol id="sm-89a">
         <name>__TI_dtors_ptr</name>
         <value>0x20018038</value>
         <object_component_ref idref="oc-f3"/>
      </symbol>
      <symbol id="sm-89b">
         <name>__TI_cleanup_ptr</name>
         <value>0x20018034</value>
         <object_component_ref idref="oc-f3"/>
      </symbol>
      <symbol id="sm-8ab">
         <name>memcmp</name>
         <value>0x3b5f</value>
         <object_component_ref idref="oc-3c7"/>
      </symbol>
      <symbol id="sm-8c6">
         <name>memcpy</name>
         <value>0x2445</value>
         <object_component_ref idref="oc-57"/>
      </symbol>
      <symbol id="sm-8c7">
         <name>__aeabi_memcpy</name>
         <value>0x2445</value>
         <object_component_ref idref="oc-57"/>
      </symbol>
      <symbol id="sm-8c8">
         <name>__aeabi_memcpy8</name>
         <value>0x2445</value>
         <object_component_ref idref="oc-57"/>
      </symbol>
      <symbol id="sm-8c9">
         <name>__aeabi_memcpy4</name>
         <value>0x2445</value>
         <object_component_ref idref="oc-57"/>
      </symbol>
      <symbol id="sm-8d8">
         <name>__aeabi_memset</name>
         <value>0x2783</value>
         <object_component_ref idref="oc-70"/>
      </symbol>
      <symbol id="sm-8d9">
         <name>memset</name>
         <value>0x2789</value>
         <object_component_ref idref="oc-70"/>
      </symbol>
      <symbol id="sm-8da">
         <name>__aeabi_memset8</name>
         <value>0x2783</value>
         <object_component_ref idref="oc-70"/>
      </symbol>
      <symbol id="sm-8db">
         <name>__aeabi_memset4</name>
         <value>0x2783</value>
         <object_component_ref idref="oc-70"/>
      </symbol>
      <symbol id="sm-8dc">
         <name>__aeabi_memclr8</name>
         <value>0x2781</value>
         <object_component_ref idref="oc-70"/>
      </symbol>
      <symbol id="sm-8dd">
         <name>__aeabi_memclr4</name>
         <value>0x2781</value>
         <object_component_ref idref="oc-70"/>
      </symbol>
      <symbol id="sm-8de">
         <name>__aeabi_memclr</name>
         <value>0x2781</value>
         <object_component_ref idref="oc-70"/>
      </symbol>
      <symbol id="sm-8e8">
         <name>_system_pre_init</name>
         <value>0x3fcf</value>
         <object_component_ref idref="oc-7c"/>
      </symbol>
      <symbol id="sm-8f0">
         <name>main_func_sp</name>
         <value>0x20018044</value>
         <object_component_ref idref="oc-94"/>
      </symbol>
      <symbol id="sm-903">
         <name>__aeabi_uidivmod</name>
         <value>0x3651</value>
         <object_component_ref idref="oc-423"/>
      </symbol>
      <symbol id="sm-904">
         <name>__aeabi_uidiv</name>
         <value>0x3651</value>
         <object_component_ref idref="oc-423"/>
      </symbol>
      <symbol id="sm-91d">
         <name>_nop</name>
         <value>0x3d7f</value>
         <object_component_ref idref="oc-256"/>
      </symbol>
      <symbol id="sm-91e">
         <name>_lock</name>
         <value>0x2001802c</value>
         <object_component_ref idref="oc-f0"/>
      </symbol>
      <symbol id="sm-91f">
         <name>_unlock</name>
         <value>0x20018030</value>
         <object_component_ref idref="oc-f0"/>
      </symbol>
      <symbol id="sm-920">
         <name>_register_lock</name>
         <value>0x3d77</value>
         <object_component_ref idref="oc-256"/>
      </symbol>
      <symbol id="sm-921">
         <name>_register_unlock</name>
         <value>0x3d71</value>
         <object_component_ref idref="oc-256"/>
      </symbol>
      <symbol id="sm-936">
         <name>_args_main</name>
         <value>0x3cd9</value>
         <object_component_ref idref="oc-88"/>
      </symbol>
      <symbol id="sm-95c">
         <name>__TI_auto_init</name>
         <value>0x2a35</value>
         <object_component_ref idref="oc-82"/>
      </symbol>
      <symbol id="sm-976">
         <name>copy_in</name>
         <value>0x333d</value>
         <object_component_ref idref="oc-e0"/>
      </symbol>
      <symbol id="sm-980">
         <name>__aeabi_idiv0</name>
         <value>0x27fb</value>
         <object_component_ref idref="oc-4f8"/>
      </symbol>
      <symbol id="sm-a41">
         <name>EMACConfigSet</name>
         <value>0x385d</value>
         <object_component_ref idref="oc-28c"/>
      </symbol>
      <symbol id="sm-a42">
         <name>EMACTxEnable</name>
         <value>0x3d1d</value>
         <object_component_ref idref="oc-5da"/>
      </symbol>
      <symbol id="sm-a43">
         <name>EMACRxDMADescriptorListSet</name>
         <value>0x3f91</value>
         <object_component_ref idref="oc-642"/>
      </symbol>
      <symbol id="sm-a44">
         <name>EMACPHYConfigSet</name>
         <value>0x305d</value>
         <object_component_ref idref="oc-311"/>
      </symbol>
      <symbol id="sm-a45">
         <name>EMACPHYRead</name>
         <value>0x3a85</value>
         <object_component_ref idref="oc-274"/>
      </symbol>
      <symbol id="sm-a46">
         <name>EMACTimestampIntStatus</name>
         <value>0x3f97</value>
         <object_component_ref idref="oc-a7"/>
      </symbol>
      <symbol id="sm-a47">
         <name>EMACRxEnable</name>
         <value>0x3d07</value>
         <object_component_ref idref="oc-5e0"/>
      </symbol>
      <symbol id="sm-a48">
         <name>EMACIntClear</name>
         <value>0x3891</value>
         <object_component_ref idref="oc-5d4"/>
      </symbol>
      <symbol id="sm-a49">
         <name>EMACConfigGet</name>
         <value>0x377d</value>
         <object_component_ref idref="oc-286"/>
      </symbol>
      <symbol id="sm-a4a">
         <name>EMACInit</name>
         <value>0x27fd</value>
         <object_component_ref idref="oc-317"/>
      </symbol>
      <symbol id="sm-a4b">
         <name>EMACIntEnable</name>
         <value>0x3709</value>
         <object_component_ref idref="oc-5e6"/>
      </symbol>
      <symbol id="sm-a4c">
         <name>EMACPHYWrite</name>
         <value>0x3aab</value>
         <object_component_ref idref="oc-5c2"/>
      </symbol>
      <symbol id="sm-a4d">
         <name>EMACReset</name>
         <value>0x3cf1</value>
         <object_component_ref idref="oc-437"/>
      </symbol>
      <symbol id="sm-a4e">
         <name>EMACFrameFilterSet</name>
         <value>0x3e29</value>
         <object_component_ref idref="oc-5c8"/>
      </symbol>
      <symbol id="sm-a4f">
         <name>EMACTxDMAPollDemand</name>
         <value>0x3f79</value>
         <object_component_ref idref="oc-613"/>
      </symbol>
      <symbol id="sm-a50">
         <name>EMACAddrGet</name>
         <value>0x3c01</value>
         <object_component_ref idref="oc-5b6"/>
      </symbol>
      <symbol id="sm-a51">
         <name>EMACTxDMADescriptorListSet</name>
         <value>0x3f9d</value>
         <object_component_ref idref="oc-648"/>
      </symbol>
      <symbol id="sm-a52">
         <name>EMACIntStatus</name>
         <value>0x395f</value>
         <object_component_ref idref="oc-5ce"/>
      </symbol>
      <symbol id="sm-a82">
         <name>IntEnable</name>
         <value>0x2b0d</value>
         <object_component_ref idref="oc-218"/>
      </symbol>
      <symbol id="sm-a83">
         <name>IntMasterEnable</name>
         <value>0x3e39</value>
         <object_component_ref idref="oc-5ec"/>
      </symbol>
      <symbol id="sm-ac0">
         <name>PWMGenPeriodSet</name>
         <value>0x3e49</value>
         <object_component_ref idref="oc-339"/>
      </symbol>
      <symbol id="sm-ac1">
         <name>PWMGenDisable</name>
         <value>0x3edf</value>
         <object_component_ref idref="oc-38a"/>
      </symbol>
      <symbol id="sm-ac2">
         <name>PWMPulseWidthSet</name>
         <value>0x3c1f</value>
         <object_component_ref idref="oc-378"/>
      </symbol>
      <symbol id="sm-ac3">
         <name>PWMGenPeriodGet</name>
         <value>0x3dcf</value>
         <object_component_ref idref="oc-372"/>
      </symbol>
      <symbol id="sm-ac4">
         <name>PWMOutputState</name>
         <value>0x3de1</value>
         <object_component_ref idref="oc-37e"/>
      </symbol>
      <symbol id="sm-ac5">
         <name>PWMGenEnable</name>
         <value>0x3eeb</value>
         <object_component_ref idref="oc-384"/>
      </symbol>
      <symbol id="sm-ac6">
         <name>PWMGenConfigure</name>
         <value>0x3b3d</value>
         <object_component_ref idref="oc-333"/>
      </symbol>
      <symbol id="sm-afb">
         <name>QEIVelocityGet</name>
         <value>0x3fcb</value>
         <object_component_ref idref="oc-23d"/>
      </symbol>
      <symbol id="sm-afc">
         <name>QEIVelocityConfigure</name>
         <value>0x3e59</value>
         <object_component_ref idref="oc-1ee"/>
      </symbol>
      <symbol id="sm-afd">
         <name>QEIEnable</name>
         <value>0x3f65</value>
         <object_component_ref idref="oc-1f4"/>
      </symbol>
      <symbol id="sm-afe">
         <name>QEIPositionSet</name>
         <value>0x3fc7</value>
         <object_component_ref idref="oc-200"/>
      </symbol>
      <symbol id="sm-aff">
         <name>QEIVelocityEnable</name>
         <value>0x3f6f</value>
         <object_component_ref idref="oc-1fa"/>
      </symbol>
      <symbol id="sm-b00">
         <name>QEIConfigure</name>
         <value>0x3ea9</value>
         <object_component_ref idref="oc-1e8"/>
      </symbol>
      <symbol id="sm-b9c">
         <name>SysCtlDelay</name>
         <value>0x3faf</value>
         <object_component_ref idref="oc-1b7"/>
      </symbol>
      <symbol id="sm-b9d">
         <name>SysCtlMOSCConfigSet</name>
         <value>0x3ef9</value>
         <object_component_ref idref="oc-1a5"/>
      </symbol>
      <symbol id="sm-b9e">
         <name>SysCtlPeripheralEnable</name>
         <value>0x38c5</value>
         <object_component_ref idref="oc-1b1"/>
      </symbol>
      <symbol id="sm-b9f">
         <name>SysCtlPWMClockSet</name>
         <value>0x3d49</value>
         <object_component_ref idref="oc-327"/>
      </symbol>
      <symbol id="sm-ba0">
         <name>SysCtlPeripheralReady</name>
         <value>0x37b5</value>
         <object_component_ref idref="oc-431"/>
      </symbol>
      <symbol id="sm-ba1">
         <name>SysCtlClockFreqSet</name>
         <value>0xb19</value>
         <object_component_ref idref="oc-1ab"/>
      </symbol>
      <symbol id="sm-ba2">
         <name>SysCtlPeripheralReset</name>
         <value>0x31b5</value>
         <object_component_ref idref="oc-42b"/>
      </symbol>
      <symbol id="sm-bce">
         <name>TimerLoadSet</name>
         <value>0x3df3</value>
         <object_component_ref idref="oc-212"/>
      </symbol>
      <symbol id="sm-bcf">
         <name>TimerEnable</name>
         <value>0x3eb7</value>
         <object_component_ref idref="oc-224"/>
      </symbol>
      <symbol id="sm-bd0">
         <name>TimerIntEnable</name>
         <value>0x3f81</value>
         <object_component_ref idref="oc-21e"/>
      </symbol>
      <symbol id="sm-bd1">
         <name>TimerConfigure</name>
         <value>0x2d75</value>
         <object_component_ref idref="oc-20c"/>
      </symbol>
      <symbol id="sm-bdb">
         <name>CPUcpsie</name>
         <value>0x3ed3</value>
         <object_component_ref idref="oc-656"/>
      </symbol>
      <symbol id="sm-bdc">
         <name>__TI_static_base__</name>
         <value>0x0</value>
      </symbol>
      <symbol id="sm-bdf">
         <name>SHT$$INIT_ARRAY$$Limit</name>
         <value>0x0</value>
      </symbol>
      <symbol id="sm-be0">
         <name>SHT$$INIT_ARRAY$$Base</name>
         <value>0x0</value>
      </symbol>
   </symbol_table>
   <title>Link successful</title>
</link_info>
